../Core/Src/stm32f4xx_it.c:65:6:NMI_Handler	4	static
../Core/Src/stm32f4xx_it.c:80:6:HardFault_Handler	4	static
../Core/Src/stm32f4xx_it.c:95:6:MemManage_Handler	4	static
../Core/Src/stm32f4xx_it.c:110:6:BusFault_Handler	4	static
../Core/Src/stm32f4xx_it.c:125:6:UsageFault_Handler	4	static
../Core/Src/stm32f4xx_it.c:140:6:SVC_Handler	4	static
../Core/Src/stm32f4xx_it.c:153:6:DebugMon_Handler	4	static
../Core/Src/stm32f4xx_it.c:166:6:PendSV_Handler	4	static
../Core/Src/stm32f4xx_it.c:179:6:SysTick_Handler	8	static
../Core/Src/stm32f4xx_it.c:200:6:DMA1_Stream5_IRQHandler	8	static
../Core/Src/stm32f4xx_it.c:214:6:DMA1_Stream6_IRQHandler	8	static
../Core/Src/stm32f4xx_it.c:228:6:USART1_IRQHandler	8	static
../Core/Src/stm32f4xx_it.c:242:6:USART2_IRQHandler	8	static
../Core/Src/stm32f4xx_it.c:256:6:DMA2_Stream1_IRQHandler	8	static
../Core/Src/stm32f4xx_it.c:270:6:USART6_IRQHandler	8	static
../Core/Src/stm32f4xx_it.c:284:6:DMA2_Stream6_IRQHandler	8	static
../Core/Src/stm32f4xx_it.c:298:6:DMA2_Stream7_IRQHandler	8	static
