../Core/Src/main.c:85:6:HAL_UARTEx_RxEventCallback	16	static
../Core/Src/main.c:93:6:HAL_UART_TxCpltCallback	80	static
../Core/Src/main.c:109:13:ProcessSecureUart	216	static
../Core/Src/main.c:150:13:SendPeriodicMessage	192	static
../Core/Src/main.c:199:5:main	64	static
../Core/Src/main.c:279:6:SystemClock_Config	88	static
../Core/Src/main.c:326:13:MX_USART1_UART_Init	8	static
../Core/Src/main.c:359:13:MX_USART2_UART_Init	8	static
../Core/Src/main.c:392:13:MX_USART6_UART_Init	8	static
../Core/Src/main.c:423:13:MX_DMA_Init	16	static
../Core/Src/main.c:454:13:MX_GPIO_Init	48	static
../Core/Src/main.c:494:6:Error_Handler	4	static,ignoring_inline_asm
