../Core/Src/main.c:85:6:HAL_UARTEx_RxEventCallback	16	static
../Core/Src/main.c:93:6:HAL_UART_TxCpltCallback	80	static
../Core/Src/main.c:109:13:ProcessSecureUart	216	static
../Core/Src/main.c:153:13:SendPeriodicMessage	192	static
../Core/Src/main.c:207:5:main	64	static
../Core/Src/main.c:287:6:SystemClock_Config	88	static
../Core/Src/main.c:334:13:MX_USART1_UART_Init	8	static
../Core/Src/main.c:367:13:MX_USART2_UART_Init	8	static
../Core/Src/main.c:400:13:MX_USART6_UART_Init	8	static
../Core/Src/main.c:431:13:MX_DMA_Init	16	static
../Core/Src/main.c:462:13:MX_GPIO_Init	48	static
../Core/Src/main.c:502:6:Error_Handler	4	static,ignoring_inline_asm
