../Core/Src/stm32f4xx_it.c:66:6:NMI_Handler	4	static
../Core/Src/stm32f4xx_it.c:81:6:HardFault_Handler	4	static
../Core/Src/stm32f4xx_it.c:96:6:MemManage_Handler	4	static
../Core/Src/stm32f4xx_it.c:111:6:BusFault_Handler	4	static
../Core/Src/stm32f4xx_it.c:126:6:UsageFault_Handler	4	static
../Core/Src/stm32f4xx_it.c:141:6:SVC_Handler	4	static
../Core/Src/stm32f4xx_it.c:154:6:DebugMon_Handler	4	static
../Core/Src/stm32f4xx_it.c:167:6:PendSV_Handler	4	static
../Core/Src/stm32f4xx_it.c:180:6:SysTick_Handler	8	static
../Core/Src/stm32f4xx_it.c:201:6:DMA1_Stream6_IRQHandler	8	static
../Core/Src/stm32f4xx_it.c:215:6:USART1_IRQHandler	96	static
../Core/Src/stm32f4xx_it.c:252:6:DMA2_Stream1_IRQHandler	8	static
../Core/Src/stm32f4xx_it.c:266:6:DMA2_Stream2_IRQHandler	8	static
../Core/Src/stm32f4xx_it.c:280:6:DMA2_Stream6_IRQHandler	8	static
../Core/Src/stm32f4xx_it.c:294:6:DMA2_Stream7_IRQHandler	8	static
../Core/Src/stm32f4xx_it.c:308:6:USART6_IRQHandler	16	static
