../Core/Src/main.c:77:6:HAL_UART_RxCpltCallback	16	static
../Core/Src/main.c:87:6:TestDecryption	216	static
../Core/Src/main.c:120:5:main	8	static
../Core/Src/main.c:199:6:SystemClock_Config	4	static
../Core/Src/main.c:210:13:MX_USART1_UART_Init	8	static
../Core/Src/main.c:231:13:MX_USART2_UART_Init	8	static
../Core/Src/main.c:252:13:MX_USART6_UART_Init	8	static
../Core/Src/main.c:271:13:MX_DMA_Init	16	static
../Core/Src/main.c:297:13:MX_GPIO_Init	48	static
../Core/Src/main.c:332:6:Error_Handler	4	static,ignoring_inline_asm
