../Core/Src/main.c:77:6:HAL_UART_RxCpltCallback	16	static
../Core/Src/main.c:87:6:TestDecryption	216	static
../Core/Src/main.c:120:5:main	16	static
../Core/Src/main.c:210:6:SystemClock_Config	4	static
../Core/Src/main.c:221:13:MX_USART1_UART_Init	8	static
../Core/Src/main.c:242:13:MX_USART2_UART_Init	8	static
../Core/Src/main.c:263:13:MX_USART6_UART_Init	8	static
../Core/Src/main.c:282:13:MX_DMA_Init	16	static
../Core/Src/main.c:308:13:MX_GPIO_Init	48	static
../Core/Src/main.c:343:6:Error_Handler	4	static,ignoring_inline_asm
