Archive member included to satisfy reference by file (symbol)

C:/ST/STM32CubeIDE_1.18.0/STM32CubeIDE/plugins/com.st.stm32cube.ide.mcu.externaltools.gnu-tools-for-stm32.13.3.rel1.win32_1.0.0.202411081344/tools/bin/../lib/gcc/arm-none-eabi/13.3.1/../../../../arm-none-eabi/lib/thumb/v7e-m+fp/hard\libc_nano.a(libc_a-exit.o)
                              C:/ST/STM32CubeIDE_1.18.0/STM32CubeIDE/plugins/com.st.stm32cube.ide.mcu.externaltools.gnu-tools-for-stm32.13.3.rel1.win32_1.0.0.202411081344/tools/bin/../lib/gcc/arm-none-eabi/13.3.1/../../../../arm-none-eabi/lib/thumb/v7e-m+fp/hard/crt0.o (exit)
C:/ST/STM32CubeIDE_1.18.0/STM32CubeIDE/plugins/com.st.stm32cube.ide.mcu.externaltools.gnu-tools-for-stm32.13.3.rel1.win32_1.0.0.202411081344/tools/bin/../lib/gcc/arm-none-eabi/13.3.1/../../../../arm-none-eabi/lib/thumb/v7e-m+fp/hard\libc_nano.a(libc_a-rand.o)
                              ./Core/Src/secure_uart.o (srand)
C:/ST/STM32CubeIDE_1.18.0/STM32CubeIDE/plugins/com.st.stm32cube.ide.mcu.externaltools.gnu-tools-for-stm32.13.3.rel1.win32_1.0.0.202411081344/tools/bin/../lib/gcc/arm-none-eabi/13.3.1/../../../../arm-none-eabi/lib/thumb/v7e-m+fp/hard\libc_nano.a(libc_a-findfp.o)
                              C:/ST/STM32CubeIDE_1.18.0/STM32CubeIDE/plugins/com.st.stm32cube.ide.mcu.externaltools.gnu-tools-for-stm32.13.3.rel1.win32_1.0.0.202411081344/tools/bin/../lib/gcc/arm-none-eabi/13.3.1/../../../../arm-none-eabi/lib/thumb/v7e-m+fp/hard\libc_nano.a(libc_a-exit.o) (__stdio_exit_handler)
C:/ST/STM32CubeIDE_1.18.0/STM32CubeIDE/plugins/com.st.stm32cube.ide.mcu.externaltools.gnu-tools-for-stm32.13.3.rel1.win32_1.0.0.202411081344/tools/bin/../lib/gcc/arm-none-eabi/13.3.1/../../../../arm-none-eabi/lib/thumb/v7e-m+fp/hard\libc_nano.a(libc_a-fwalk.o)
                              C:/ST/STM32CubeIDE_1.18.0/STM32CubeIDE/plugins/com.st.stm32cube.ide.mcu.externaltools.gnu-tools-for-stm32.13.3.rel1.win32_1.0.0.202411081344/tools/bin/../lib/gcc/arm-none-eabi/13.3.1/../../../../arm-none-eabi/lib/thumb/v7e-m+fp/hard\libc_nano.a(libc_a-findfp.o) (_fwalk_sglue)
C:/ST/STM32CubeIDE_1.18.0/STM32CubeIDE/plugins/com.st.stm32cube.ide.mcu.externaltools.gnu-tools-for-stm32.13.3.rel1.win32_1.0.0.202411081344/tools/bin/../lib/gcc/arm-none-eabi/13.3.1/../../../../arm-none-eabi/lib/thumb/v7e-m+fp/hard\libc_nano.a(libc_a-sprintf.o)
                              ./Core/Src/secure_uart.o (sprintf)
C:/ST/STM32CubeIDE_1.18.0/STM32CubeIDE/plugins/com.st.stm32cube.ide.mcu.externaltools.gnu-tools-for-stm32.13.3.rel1.win32_1.0.0.202411081344/tools/bin/../lib/gcc/arm-none-eabi/13.3.1/../../../../arm-none-eabi/lib/thumb/v7e-m+fp/hard\libc_nano.a(libc_a-stdio.o)
                              C:/ST/STM32CubeIDE_1.18.0/STM32CubeIDE/plugins/com.st.stm32cube.ide.mcu.externaltools.gnu-tools-for-stm32.13.3.rel1.win32_1.0.0.202411081344/tools/bin/../lib/gcc/arm-none-eabi/13.3.1/../../../../arm-none-eabi/lib/thumb/v7e-m+fp/hard\libc_nano.a(libc_a-findfp.o) (__sread)
C:/ST/STM32CubeIDE_1.18.0/STM32CubeIDE/plugins/com.st.stm32cube.ide.mcu.externaltools.gnu-tools-for-stm32.13.3.rel1.win32_1.0.0.202411081344/tools/bin/../lib/gcc/arm-none-eabi/13.3.1/../../../../arm-none-eabi/lib/thumb/v7e-m+fp/hard\libc_nano.a(libc_a-vsnprintf.o)
                              ./Core/Src/secure_uart.o (vsnprintf)
C:/ST/STM32CubeIDE_1.18.0/STM32CubeIDE/plugins/com.st.stm32cube.ide.mcu.externaltools.gnu-tools-for-stm32.13.3.rel1.win32_1.0.0.202411081344/tools/bin/../lib/gcc/arm-none-eabi/13.3.1/../../../../arm-none-eabi/lib/thumb/v7e-m+fp/hard\libc_nano.a(libc_a-memcmp.o)
                              ./Core/Src/main.o (memcmp)
C:/ST/STM32CubeIDE_1.18.0/STM32CubeIDE/plugins/com.st.stm32cube.ide.mcu.externaltools.gnu-tools-for-stm32.13.3.rel1.win32_1.0.0.202411081344/tools/bin/../lib/gcc/arm-none-eabi/13.3.1/../../../../arm-none-eabi/lib/thumb/v7e-m+fp/hard\libc_nano.a(libc_a-memset.o)
                              C:/ST/STM32CubeIDE_1.18.0/STM32CubeIDE/plugins/com.st.stm32cube.ide.mcu.externaltools.gnu-tools-for-stm32.13.3.rel1.win32_1.0.0.202411081344/tools/bin/../lib/gcc/arm-none-eabi/13.3.1/../../../../arm-none-eabi/lib/thumb/v7e-m+fp/hard/crt0.o (memset)
C:/ST/STM32CubeIDE_1.18.0/STM32CubeIDE/plugins/com.st.stm32cube.ide.mcu.externaltools.gnu-tools-for-stm32.13.3.rel1.win32_1.0.0.202411081344/tools/bin/../lib/gcc/arm-none-eabi/13.3.1/../../../../arm-none-eabi/lib/thumb/v7e-m+fp/hard\libc_nano.a(libc_a-closer.o)
                              C:/ST/STM32CubeIDE_1.18.0/STM32CubeIDE/plugins/com.st.stm32cube.ide.mcu.externaltools.gnu-tools-for-stm32.13.3.rel1.win32_1.0.0.202411081344/tools/bin/../lib/gcc/arm-none-eabi/13.3.1/../../../../arm-none-eabi/lib/thumb/v7e-m+fp/hard\libc_nano.a(libc_a-stdio.o) (_close_r)
C:/ST/STM32CubeIDE_1.18.0/STM32CubeIDE/plugins/com.st.stm32cube.ide.mcu.externaltools.gnu-tools-for-stm32.13.3.rel1.win32_1.0.0.202411081344/tools/bin/../lib/gcc/arm-none-eabi/13.3.1/../../../../arm-none-eabi/lib/thumb/v7e-m+fp/hard\libc_nano.a(libc_a-reent.o)
[...]
Memory Configuration

Name             Origin             Length             Attributes
RAM              0x20000000         0x00020000         xrw
FLASH            0x08000000         0x00080000         xr
*default*        0x00000000         0xffffffff

Linker script and memory map

LOAD C:/ST/STM32CubeIDE_1.18.0/STM32CubeIDE/plugins/com.st.stm32cube.ide.mcu.externaltools.gnu-tools-for-stm32.13.3.rel1.win32_1.0.0.202411081344/tools/bin/../lib/gcc/arm-none-eabi/13.3.1/thumb/v7e-m+fp/hard/crti.o
LOAD C:/ST/STM32CubeIDE_1.18.0/STM32CubeIDE/plugins/com.st.stm32cube.ide.mcu.externaltools.gnu-tools-for-stm32.13.3.rel1.win32_1.0.0.202411081344/tools/bin/../lib/gcc/arm-none-eabi/13.3.1/thumb/v7e-m+fp/hard/crtbegin.o
LOAD C:/ST/STM32CubeIDE_1.18.0/STM32CubeIDE/plugins/com.st.stm32cube.ide.mcu.externaltools.gnu-tools-for-stm32.13.3.rel1.win32_1.0.0.202411081344/tools/bin/../lib/gcc/arm-none-eabi/13.3.1/../../../../arm-none-eabi/lib/thumb/v7e-m+fp/hard/crt0.o
LOAD ./Core/Src/main.o
LOAD ./Core/Src/secure_uart.o
LOAD ./Core/Src/siphash.o
LOAD ./Core/Src/speck.o
LOAD ./Core/Src/stm32f4xx_hal_msp.o
LOAD ./Core/Src/stm32f4xx_it.o
LOAD ./Core/Src/syscalls.o
LOAD ./Core/Src/sysmem.o
LOAD ./Core/Src/system_stm32f4xx.o
LOAD ./Core/Startup/startup_stm32f411retx.o
LOAD ./Drivers/STM32F4xx_HAL_Driver/Src/stm32f4xx_hal.o
LOAD ./Drivers/STM32F4xx_HAL_Driver/Src/stm32f4xx_hal_cortex.o
LOAD ./Drivers/STM32F4xx_HAL_Driver/Src/stm32f4xx_hal_dma.o
LOAD ./Drivers/STM32F4xx_HAL_Driver/Src/stm32f4xx_hal_dma_ex.o
LOAD ./Drivers/STM32F4xx_HAL_Driver/Src/stm32f4xx_hal_exti.o
LOAD ./Drivers/STM32F4xx_HAL_Driver/Src/stm32f4xx_hal_flash.o
LOAD ./Drivers/STM32F4xx_HAL_Driver/Src/stm32f4xx_hal_flash_ex.o
LOAD ./Drivers/STM32F4xx_HAL_Driver/Src/stm32f4xx_hal_flash_ramfunc.o
LOAD ./Drivers/STM32F4xx_HAL_Driver/Src/stm32f4xx_hal_gpio.o
LOAD ./Drivers/STM32F4xx_HAL_Driver/Src/stm32f4xx_hal_pwr.o
LOAD ./Drivers/STM32F4xx_HAL_Driver/Src/stm32f4xx_hal_pwr_ex.o
LOAD ./Drivers/STM32F4xx_HAL_Driver/Src/stm32f4xx_hal_rcc.o
LOAD ./Drivers/STM32F4xx_HAL_Driver/Src/stm32f4xx_hal_rcc_ex.o
LOAD ./Drivers/STM32F4xx_HAL_Driver/Src/stm32f4xx_hal_uart.o
START GROUP
LOAD C:/ST/STM32CubeIDE_1.18.0/STM32CubeIDE/plugins/com.st.stm32cube.ide.mcu.externaltools.gnu-tools-for-stm32.13.3.rel1.win32_1.0.0.202411081344/tools/bin/../lib/gcc/arm-none-eabi/13.3.1/../../../../arm-none-eabi/lib/thumb/v7e-m+fp/hard\libc_nano.a
LOAD C:/ST/STM32CubeIDE_1.18.0/STM32CubeIDE/plugins/com.st.stm32cube.ide.mcu.externaltools.gnu-tools-for-stm32.13.3.rel1.win32_1.0.0.202411081344/tools/bin/../lib/gcc/arm-none-eabi/13.3.1/../../../../arm-none-eabi/lib/thumb/v7e-m+fp/hard\libm.a
END GROUP
START GROUP
LOAD C:/ST/STM32CubeIDE_1.18.0/STM32CubeIDE/plugins/com.st.stm32cube.ide.mcu.externaltools.gnu-tools-for-stm32.13.3.rel1.win32_1.0.0.202411081344/tools/bin/../lib/gcc/arm-none-eabi/13.3.1/thumb/v7e-m+fp/hard\libgcc.a
LOAD C:/ST/STM32CubeIDE_1.18.0/STM32CubeIDE/plugins/com.st.stm32cube.ide.mcu.externaltools.gnu-tools-for-stm32.13.3.rel1.win32_1.0.0.202411081344/tools/bin/../lib/gcc/arm-none-eabi/13.3.1/../../../../arm-none-eabi/lib/thumb/v7e-m+fp/hard\libc_nano.a
END GROUP
START GROUP
LOAD C:/ST/STM32CubeIDE_1.18.0/STM32CubeIDE/plugins/com.st.stm32cube.ide.mcu.externaltools.gnu-tools-for-stm32.13.3.rel1.win32_1.0.0.202411081344/tools/bin/../lib/gcc/arm-none-eabi/13.3.1/thumb/v7e-m+fp/hard\libgcc.a
LOAD C:/ST/STM32CubeIDE_1.18.0/STM32CubeIDE/plugins/com.st.stm32cube.ide.mcu.externaltools.gnu-tools-for-stm32.13.3.rel1.win32_1.0.0.202411081344/tools/bin/../lib/gcc/arm-none-eabi/13.3.1/../../../../arm-none-eabi/lib/thumb/v7e-m+fp/hard\libc_nano.a
LOAD C:/ST/STM32CubeIDE_1.18.0/STM32CubeIDE/plugins/com.st.stm32cube.ide.mcu.externaltools.gnu-tools-for-stm32.13.3.rel1.win32_1.0.0.202411081344/tools/bin/../lib/gcc/arm-none-eabi/13.3.1/../../../../arm-none-eabi/lib/thumb/v7e-m+fp/hard\libnosys.a
END GROUP
START GROUP
LOAD C:/ST/STM32CubeIDE_1.18.0/STM32CubeIDE/plugins/com.st.stm32cube.ide.mcu.externaltools.gnu-tools-for-stm32.13.3.rel1.win32_1.0.0.202411081344/tools/bin/../lib/gcc/arm-none-eabi/13.3.1/thumb/v7e-m+fp/hard\libgcc.a
LOAD C:/ST/STM32CubeIDE_1.18.0/STM32CubeIDE/plugins/com.st.stm32cube.ide.mcu.externaltools.gnu-tools-for-stm32.13.3.rel1.win32_1.0.0.202411081344/tools/bin/../lib/gcc/arm-none-eabi/13.3.1/../../../../arm-none-eabi/lib/thumb/v7e-m+fp/hard\libc_nano.a
LOAD C:/ST/STM32CubeIDE_1.18.0/STM32CubeIDE/plugins/com.st.stm32cube.ide.mcu.externaltools.gnu-tools-for-stm32.13.3.rel1.win32_1.0.0.202411081344/tools/bin/../lib/gcc/arm-none-eabi/13.3.1/../../../../arm-none-eabi/lib/thumb/v7e-m+fp/hard\libnosys.a
END GROUP
LOAD C:/ST/STM32CubeIDE_1.18.0/STM32CubeIDE/plugins/com.st.stm32cube.ide.mcu.externaltools.gnu-tools-for-stm32.13.3.rel1.win32_1.0.0.202411081344/tools/bin/../lib/gcc/arm-none-eabi/13.3.1/thumb/v7e-m+fp/hard/crtend.o
LOAD C:/ST/STM32CubeIDE_1.18.0/STM32CubeIDE/plugins/com.st.stm32cube.ide.mcu.externaltools.gnu-tools-for-stm32.13.3.rel1.win32_1.0.0.202411081344/tools/bin/../lib/gcc/arm-none-eabi/13.3.1/thumb/v7e-m+fp/hard/crtn.o
                0x20020000                        _estack = (ORIGIN (RAM) + LENGTH (RAM))
                0x00000200                        _Min_Heap_Size = 0x200
                0x00000400                        _Min_Stack_Size = 0x400

.isr_vector     0x08000000      0x198
                0x08000000                        . = ALIGN (0x4)
 *(.isr_vector)
 .isr_vector    0x08000000      0x198 ./Core/Startup/startup_stm32f411retx.o
                0x08000000                g_pfnVectors
                0x08000198                        . = ALIGN (0x4)

.text           0x080001a0     0x6520
                0x080001a0                        . = ALIGN (0x4)
 *(.text)
 .text          0x080001a0       0x40 C:/ST/STM32CubeIDE_1.18.0/STM32CubeIDE/plugins/com.st.stm32cube.ide.mcu.externaltools.gnu-tools-for-stm32.13.3.rel1.win32_1.0.0.202411081344/tools/bin/../lib/gcc/arm-none-eabi/13.3.1/thumb/v7e-m+fp/hard/crtbegin.o
 .text          0x080001e0       0x10 C:/ST/STM32CubeIDE_1.18.0/STM32CubeIDE/plugins/com.st.stm32cube.ide.mcu.externaltools.gnu-tools-for-stm32.13.3.rel1.win32_1.0.0.202411081344/tools/bin/../lib/gcc/arm-none-eabi/13.3.1/../../../../arm-none-eabi/lib/thumb/v7e-m+fp/hard\libc_nano.a(libc_a-strlen.o)
                0x080001e0                strlen
 .text          0x080001f0       0xa0 C:/ST/STM32CubeIDE_1.18.0/STM32CubeIDE/plugins/com.st.stm32cube.ide.mcu.externaltools.gnu-tools-for-stm32.13.3.rel1.win32_1.0.0.202411081344/tools/bin/../lib/gcc/arm-none-eabi/13.3.1/../../../../arm-none-eabi/lib/thumb/v7e-m+fp/hard\libc_nano.a(libc_a-memchr.o)
                0x080001f0                memchr
 .text          0x08000290       0x30 C:/ST/STM32CubeIDE_1.18.0/STM32CubeIDE/plugins/com.st.stm32cube.ide.mcu.externaltools.gnu-tools-for-stm32.13.3.rel1.win32_1.0.0.202411081344/tools/bin/../lib/gcc/arm-none-eabi/13.3.1/thumb/v7e-m+fp/hard\libgcc.a(_aeabi_uldivmod.o)
                0x08000290                __aeabi_uldivmod
 .text          0x080002c0      0x2f8 C:/ST/STM32CubeIDE_1.18.0/STM32CubeIDE/plugins/com.st.stm32cube.ide.mcu.externaltools.gnu-tools-for-stm32.13.3.rel1.win32_1.0.0.202411081344/tools/bin/../lib/gcc/arm-none-eabi/13.3.1/thumb/v7e-m+fp/hard\libgcc.a(_udivmoddi4.o)
                0x080002c0                __udivmoddi4
 .text          0x080005b8        0x4 C:/ST/STM32CubeIDE_1.18.0/STM32CubeIDE/plugins/com.st.stm32cube.ide.mcu.externaltools.gnu-tools-for-stm32.13.3.rel1.win32_1.0.0.202411081344/tools/bin/../lib/gcc/arm-none-eabi/13.3.1/thumb/v7e-m+fp/hard\libgcc.a(_dvmd_tls.o)
                0x080005b8                __aeabi_idiv0
                0x080005b8                __aeabi_ldiv0
 *(.text*)
 .text.HAL_UART_RxCpltCallback
                0x080005bc       0x44 ./Core/Src/main.o
                0x080005bc                HAL_UART_RxCpltCallback
 .text.main     0x08000600      0x20c ./Core/Src/main.o
                0x08000600                main
 .text.SystemClock_Config
                0x0800080c        0xe ./Core/Src/main.o
                0x0800080c                SystemClock_Config
 *fill*         0x0800081a        0x2 
 .text.MX_USART1_UART_Init
                0x0800081c       0x54 ./Core/Src/main.o
 .text.MX_USART2_UART_Init
                0x08000870       0x54 ./Core/Src/main.o
 .text.MX_USART6_UART_Init
                0x080008c4       0x54 ./Core/Src/main.o
 .text.MX_DMA_Init
                0x08000918       0x8c ./Core/Src/main.o
 .text.MX_GPIO_Init
                0x080009a4       0xdc ./Core/Src/main.o
 .text.Error_Handler
                0x08000a80        0xc ./Core/Src/main.o
                0x08000a80                Error_Handler
 .text.SecureUart_Init
                0x08000a8c       0x6c ./Core/Src/secure_uart.o
                0x08000a8c                SecureUart_Init
 .text.SecureUart_EnableEncryption
                0x08000af8       0x38 ./Core/Src/secure_uart.o
                0x08000af8                SecureUart_EnableEncryption
 .text.SecureUart_EnableMAC
                0x08000b30       0x3c ./Core/Src/secure_uart.o
                0x08000b30                SecureUart_EnableMAC
 .text.SecureUart_StartReceive
                0x08000b6c       0x44 ./Core/Src/secure_uart.o
                0x08000b6c                SecureUart_StartReceive
 .text.SecureUart_GenerateIV
                0x08000bb0       0x28 ./Core/Src/secure_uart.o
                0x08000bb0                SecureUart_GenerateIV
 .text.SecureUart_CalculateMAC
                0x08000bd8       0x28 ./Core/Src/secure_uart.o
                0x08000bd8                SecureUart_CalculateMAC
 .text.SecureUart_CalculateCRC
                0x08000c00       0x80 ./Core/Src/secure_uart.o
                0x08000c00                SecureUart_CalculateCRC
 .text.SecureUart_Send
                0x08000c80      0x2f4 ./Core/Src/secure_uart.o
                0x08000c80                SecureUart_Send
 .text.SecureUart_ProcessReceivedData
                0x08000f74      0x29c ./Core/Src/secure_uart.o
                0x08000f74                SecureUart_ProcessReceivedData
 .text.SecureUart_HandleUartRxEvent
                0x08001210       0xa8 ./Core/Src/secure_uart.o
                0x08001210                SecureUart_HandleUartRxEvent
 .text.SecureUart_DebugPrint
                0x080012b8       0x7c ./Core/Src/secure_uart.o
                0x080012b8                SecureUart_DebugPrint
 .text.SecureUart_PrintHexBuffer
                0x08001334       0xcc ./Core/Src/secure_uart.o
                0x08001334                SecureUart_PrintHexBuffer
 .text.SipHash_2_4
                0x08001400      0xec8 ./Core/Src/siphash.o
                0x08001400                SipHash_2_4
 .text.SipHash_2_4_MAC
                0x080022c8       0xde ./Core/Src/siphash.o
                0x080022c8                SipHash_2_4_MAC
 .text.bytes_to_word
                0x080023a6       0x38 ./Core/Src/speck.o
 .text.word_to_bytes
                0x080023de       0x42 ./Core/Src/speck.o
 .text.Speck_Init
                0x08002420      0x14c ./Core/Src/speck.o
                0x08002420                Speck_Init
 .text.Speck_Encrypt
                0x0800256c       0x70 ./Core/Src/speck.o
                0x0800256c                Speck_Encrypt
 .text.Speck_Decrypt
                0x080025dc       0x70 ./Core/Src/speck.o
                0x080025dc                Speck_Decrypt
 .text.add_pkcs7_padding
                0x0800264c       0x56 ./Core/Src/speck.o
 .text.remove_pkcs7_padding
                0x080026a2       0x6c ./Core/Src/speck.o
 .text.Speck_GetPaddedLength
                0x0800270e       0x20 ./Core/Src/speck.o
                0x0800270e                Speck_GetPaddedLength
 .text.Speck_Encrypt_Simple
                0x0800272e       0xe4 ./Core/Src/speck.o
                0x0800272e                Speck_Encrypt_Simple
 .text.Speck_Decrypt_Simple
                0x08002812       0x64 ./Core/Src/speck.o
                0x08002812                Speck_Decrypt_Simple
 *fill*         0x08002876        0x2 
 .text.HAL_MspInit
                0x08002878       0x50 ./Core/Src/stm32f4xx_hal_msp.o
                0x08002878                HAL_MspInit
 .text.HAL_UART_MspInit
                0x080028c8      0x32c ./Core/Src/stm32f4xx_hal_msp.o
                0x080028c8                HAL_UART_MspInit
 .text.NMI_Handler
                0x08002bf4        0x8 ./Core/Src/stm32f4xx_it.o
                0x08002bf4                NMI_Handler
 .text.HardFault_Handler
                0x08002bfc        0x8 ./Core/Src/stm32f4xx_it.o
                0x08002bfc                HardFault_Handler
 .text.MemManage_Handler
                0x08002c04        0x8 ./Core/Src/stm32f4xx_it.o
                0x08002c04                MemManage_Handler
 .text.BusFault_Handler
                0x08002c0c        0x8 ./Core/Src/stm32f4xx_it.o
                0x08002c0c                BusFault_Handler
 .text.UsageFault_Handler
                0x08002c14        0x8 ./Core/Src/stm32f4xx_it.o
                0x08002c14                UsageFault_Handler
 .text.SVC_Handler
                0x08002c1c        0xe ./Core/Src/stm32f4xx_it.o
                0x08002c1c                SVC_Handler
 .text.DebugMon_Handler
                0x08002c2a        0xe ./Core/Src/stm32f4xx_it.o
                0x08002c2a                DebugMon_Handler
 .text.PendSV_Handler
                0x08002c38        0xe ./Core/Src/stm32f4xx_it.o
                0x08002c38                PendSV_Handler
 .text.SysTick_Handler
                0x08002c46        0xc ./Core/Src/stm32f4xx_it.o
                0x08002c46                SysTick_Handler
 *fill*         0x08002c52        0x2 
 .text.USART1_IRQHandler
                0x08002c54       0x2c ./Core/Src/stm32f4xx_it.o
                0x08002c54                USART1_IRQHandler
 .text.DMA2_Stream1_IRQHandler
                0x08002c80       0x14 ./Core/Src/stm32f4xx_it.o
                0x08002c80                DMA2_Stream1_IRQHandler
 .text.DMA2_Stream2_IRQHandler
                0x08002c94       0x14 ./Core/Src/stm32f4xx_it.o
                0x08002c94                DMA2_Stream2_IRQHandler
 .text.DMA2_Stream6_IRQHandler
                0x08002ca8       0x14 ./Core/Src/stm32f4xx_it.o
                0x08002ca8                DMA2_Stream6_IRQHandler
 .text.DMA2_Stream7_IRQHandler
                0x08002cbc       0x14 ./Core/Src/stm32f4xx_it.o
                0x08002cbc                DMA2_Stream7_IRQHandler
 .text.USART6_IRQHandler
                0x08002cd0       0x2c ./Core/Src/stm32f4xx_it.o
                0x08002cd0                USART6_IRQHandler
 .text._getpid  0x08002cfc       0x10 ./Core/Src/syscalls.o
                0x08002cfc                _getpid
 .text._kill    0x08002d0c       0x20 ./Core/Src/syscalls.o
                0x08002d0c                _kill
 .text._exit    0x08002d2c       0x16 ./Core/Src/syscalls.o
                0x08002d2c                _exit
 .text._read    0x08002d42       0x3a ./Core/Src/syscalls.o
                0x08002d42                _read
 .text._write   0x08002d7c       0x38 ./Core/Src/syscalls.o
                0x08002d7c                _write
 .text._close   0x08002db4       0x18 ./Core/Src/syscalls.o
                0x08002db4                _close
 .text._fstat   0x08002dcc       0x20 ./Core/Src/syscalls.o
                0x08002dcc                _fstat
 .text._isatty  0x08002dec       0x16 ./Core/Src/syscalls.o
                0x08002dec                _isatty
 .text._lseek   0x08002e02       0x1a ./Core/Src/syscalls.o
                0x08002e02                _lseek
 .text._sbrk    0x08002e1c       0x6c ./Core/Src/sysmem.o
                0x08002e1c                _sbrk
 .text.SystemInit
                0x08002e88       0x24 ./Core/Src/system_stm32f4xx.o
                0x08002e88                SystemInit
 .text.Reset_Handler
                0x08002eac       0x50 ./Core/Startup/startup_stm32f411retx.o
                0x08002eac                Reset_Handler
 .text.Default_Handler
                0x08002efc        0x2 ./Core/Startup/startup_stm32f411retx.o
                0x08002efc                RTC_Alarm_IRQHandler
                0x08002efc                EXTI2_IRQHandler
                0x08002efc                SPI4_IRQHandler
                0x08002efc                TIM1_CC_IRQHandler
                0x08002efc                DMA2_Stream5_IRQHandler
                0x08002efc                DMA1_Stream5_IRQHandler
                0x08002efc                PVD_IRQHandler
                0x08002efc                SDIO_IRQHandler
                0x08002efc                TAMP_STAMP_IRQHandler
                0x08002efc                EXTI3_IRQHandler
                0x08002efc                TIM1_UP_TIM10_IRQHandler
                0x08002efc                I2C3_ER_IRQHandler
                0x08002efc                EXTI0_IRQHandler
                0x08002efc                I2C2_EV_IRQHandler
                0x08002efc                DMA1_Stream2_IRQHandler
                0x08002efc                FPU_IRQHandler
                0x08002efc                SPI1_IRQHandler
                0x08002efc                TIM1_BRK_TIM9_IRQHandler
                0x08002efc                DMA2_Stream3_IRQHandler
                0x08002efc                DMA2_Stream0_IRQHandler
                0x08002efc                TIM4_IRQHandler
                0x08002efc                I2C1_EV_IRQHandler
                0x08002efc                DMA1_Stream6_IRQHandler
                0x08002efc                DMA1_Stream1_IRQHandler
                0x08002efc                TIM3_IRQHandler
                0x08002efc                RCC_IRQHandler
                0x08002efc                Default_Handler
                0x08002efc                EXTI15_10_IRQHandler
                0x08002efc                ADC_IRQHandler
                0x08002efc                DMA1_Stream7_IRQHandler
                0x08002efc                SPI5_IRQHandler
                0x08002efc                TIM5_IRQHandler
                0x08002efc                I2C3_EV_IRQHandler
                0x08002efc                EXTI9_5_IRQHandler
                0x08002efc                RTC_WKUP_IRQHandler
                0x08002efc                SPI2_IRQHandler
                0x08002efc                DMA1_Stream0_IRQHandler
                0x08002efc                EXTI4_IRQHandler
                0x08002efc                WWDG_IRQHandler
                0x08002efc                TIM2_IRQHandler
                0x08002efc                OTG_FS_WKUP_IRQHandler
                0x08002efc                TIM1_TRG_COM_TIM11_IRQHandler
                0x08002efc                EXTI1_IRQHandler
                0x08002efc                USART2_IRQHandler
                0x08002efc                I2C2_ER_IRQHandler
                0x08002efc                FLASH_IRQHandler
                0x08002efc                DMA2_Stream4_IRQHandler
                0x08002efc                OTG_FS_IRQHandler
                0x08002efc                SPI3_IRQHandler
                0x08002efc                DMA1_Stream4_IRQHandler
                0x08002efc                I2C1_ER_IRQHandler
                0x08002efc                DMA1_Stream3_IRQHandler
 *fill*         0x08002efe        0x2 
 .text.HAL_Init
                0x08002f00       0x44 ./Drivers/STM32F4xx_HAL_Driver/Src/stm32f4xx_hal.o
                0x08002f00                HAL_Init
 .text.HAL_InitTick
                0x08002f44       0x60 ./Drivers/STM32F4xx_HAL_Driver/Src/stm32f4xx_hal.o
                0x08002f44                HAL_InitTick
 .text.HAL_IncTick
                0x08002fa4       0x28 ./Drivers/STM32F4xx_HAL_Driver/Src/stm32f4xx_hal.o
                0x08002fa4                HAL_IncTick
 .text.HAL_GetTick
                0x08002fcc       0x18 ./Drivers/STM32F4xx_HAL_Driver/Src/stm32f4xx_hal.o
                0x08002fcc                HAL_GetTick
 .text.HAL_Delay
                0x08002fe4       0x48 ./Drivers/STM32F4xx_HAL_Driver/Src/stm32f4xx_hal.o
                0x08002fe4                HAL_Delay
 .text.__NVIC_SetPriorityGrouping
                0x0800302c       0x48 ./Drivers/STM32F4xx_HAL_Driver/Src/stm32f4xx_hal_cortex.o
 .text.__NVIC_GetPriorityGrouping
                0x08003074       0x1c ./Drivers/STM32F4xx_HAL_Driver/Src/stm32f4xx_hal_cortex.o
 .text.__NVIC_EnableIRQ
                0x08003090       0x3c ./Drivers/STM32F4xx_HAL_Driver/Src/stm32f4xx_hal_cortex.o
 .text.__NVIC_SetPriority
                0x080030cc       0x54 ./Drivers/STM32F4xx_HAL_Driver/Src/stm32f4xx_hal_cortex.o
 .text.NVIC_EncodePriority
                0x08003120       0x66 ./Drivers/STM32F4xx_HAL_Driver/Src/stm32f4xx_hal_cortex.o
 *fill*         0x08003186        0x2 
 .text.SysTick_Config
                0x08003188       0x44 ./Drivers/STM32F4xx_HAL_Driver/Src/stm32f4xx_hal_cortex.o
 .text.HAL_NVIC_SetPriorityGrouping
                0x080031cc       0x16 ./Drivers/STM32F4xx_HAL_Driver/Src/stm32f4xx_hal_cortex.o
                0x080031cc                HAL_NVIC_SetPriorityGrouping
 .text.HAL_NVIC_SetPriority
                0x080031e2       0x38 ./Drivers/STM32F4xx_HAL_Driver/Src/stm32f4xx_hal_cortex.o
                0x080031e2                HAL_NVIC_SetPriority
 .text.HAL_NVIC_EnableIRQ
                0x0800321a       0x1c ./Drivers/STM32F4xx_HAL_Driver/Src/stm32f4xx_hal_cortex.o
                0x0800321a                HAL_NVIC_EnableIRQ
 .text.HAL_SYSTICK_Config
                0x08003236       0x18 ./Drivers/STM32F4xx_HAL_Driver/Src/stm32f4xx_hal_cortex.o
                0x08003236                HAL_SYSTICK_Config
 *fill*         0x0800324e        0x2 
 .text.HAL_DMA_Init
                0x08003250      0x15c ./Drivers/STM32F4xx_HAL_Driver/Src/stm32f4xx_hal_dma.o
                0x08003250                HAL_DMA_Init
 .text.HAL_DMA_Start_IT
                0x080033ac       0xb0 ./Drivers/STM32F4xx_HAL_Driver/Src/stm32f4xx_hal_dma.o
                0x080033ac                HAL_DMA_Start_IT
 .text.HAL_DMA_Abort
                0x0800345c       0xe0 ./Drivers/STM32F4xx_HAL_Driver/Src/stm32f4xx_hal_dma.o
                0x0800345c                HAL_DMA_Abort
 .text.HAL_DMA_Abort_IT
                0x0800353c       0x44 ./Drivers/STM32F4xx_HAL_Driver/Src/stm32f4xx_hal_dma.o
                0x0800353c                HAL_DMA_Abort_IT
 .text.HAL_DMA_IRQHandler
                0x08003580      0x314 ./Drivers/STM32F4xx_HAL_Driver/Src/stm32f4xx_hal_dma.o
                0x08003580                HAL_DMA_IRQHandler
 .text.DMA_SetConfig
                0x08003894       0x5c ./Drivers/STM32F4xx_HAL_Driver/Src/stm32f4xx_hal_dma.o
 .text.DMA_CalcBaseAndBitshift
                0x080038f0       0x6c ./Drivers/STM32F4xx_HAL_Driver/Src/stm32f4xx_hal_dma.o
 .text.DMA_CheckFifoParam
                0x0800395c       0xf8 ./Drivers/STM32F4xx_HAL_Driver/Src/stm32f4xx_hal_dma.o
 .text.HAL_GPIO_Init
                0x08003a54      0x308 ./Drivers/STM32F4xx_HAL_Driver/Src/stm32f4xx_hal_gpio.o
                0x08003a54                HAL_GPIO_Init
 .text.HAL_GPIO_WritePin
                0x08003d5c       0x32 ./Drivers/STM32F4xx_HAL_Driver/Src/stm32f4xx_hal_gpio.o
                0x08003d5c                HAL_GPIO_WritePin
 *fill*         0x08003d8e        0x2 
 .text.HAL_RCC_GetHCLKFreq
                0x08003d90       0x18 ./Drivers/STM32F4xx_HAL_Driver/Src/stm32f4xx_hal_rcc.o
                0x08003d90                HAL_RCC_GetHCLKFreq
 .text.HAL_RCC_GetPCLK1Freq
                0x08003da8       0x28 ./Drivers/STM32F4xx_HAL_Driver/Src/stm32f4xx_hal_rcc.o
                0x08003da8                HAL_RCC_GetPCLK1Freq
 .text.HAL_RCC_GetPCLK2Freq
                0x08003dd0       0x28 ./Drivers/STM32F4xx_HAL_Driver/Src/stm32f4xx_hal_rcc.o
                0x08003dd0                HAL_RCC_GetPCLK2Freq
 .text.HAL_UART_Init
                0x08003df8       0xa0 ./Drivers/STM32F4xx_HAL_Driver/Src/stm32f4xx_hal_uart.o
                0x08003df8                HAL_UART_Init
 .text.HAL_UART_Transmit
                0x08003e98      0x116 ./Drivers/STM32F4xx_HAL_Driver/Src/stm32f4xx_hal_uart.o
                0x08003e98                HAL_UART_Transmit
 .text.HAL_UART_Receive_DMA
                0x08003fae       0x4a ./Drivers/STM32F4xx_HAL_Driver/Src/stm32f4xx_hal_uart.o
                0x08003fae                HAL_UART_Receive_DMA
 .text.HAL_UART_DMAStop
                0x08003ff8       0xfe ./Drivers/STM32F4xx_HAL_Driver/Src/stm32f4xx_hal_uart.o
                0x08003ff8                HAL_UART_DMAStop
 *fill*         0x080040f6        0x2 
 .text.HAL_UART_IRQHandler
                0x080040f8      0x524 ./Drivers/STM32F4xx_HAL_Driver/Src/stm32f4xx_hal_uart.o
                0x080040f8                HAL_UART_IRQHandler
 .text.HAL_UART_TxCpltCallback
                0x0800461c       0x14 ./Drivers/STM32F4xx_HAL_Driver/Src/stm32f4xx_hal_uart.o
                0x0800461c                HAL_UART_TxCpltCallback
 .text.HAL_UART_RxHalfCpltCallback
                0x08004630       0x14 ./Drivers/STM32F4xx_HAL_Driver/Src/stm32f4xx_hal_uart.o
                0x08004630                HAL_UART_RxHalfCpltCallback
 .text.HAL_UART_ErrorCallback
                0x08004644       0x14 ./Drivers/STM32F4xx_HAL_Driver/Src/stm32f4xx_hal_uart.o
                0x08004644                HAL_UART_ErrorCallback
 .text.HAL_UARTEx_RxEventCallback
                0x08004658       0x18 ./Drivers/STM32F4xx_HAL_Driver/Src/stm32f4xx_hal_uart.o
                0x08004658                HAL_UARTEx_RxEventCallback
 .text.UART_DMAReceiveCplt
                0x08004670      0x12c ./Drivers/STM32F4xx_HAL_Driver/Src/stm32f4xx_hal_uart.o
 .text.UART_DMARxHalfCplt
                0x0800479c       0x3c ./Drivers/STM32F4xx_HAL_Driver/Src/stm32f4xx_hal_uart.o
 .text.UART_DMAError
                0x080047d8       0x94 ./Drivers/STM32F4xx_HAL_Driver/Src/stm32f4xx_hal_uart.o
 .text.UART_WaitOnFlagUntilTimeout
                0x0800486c       0xb2 ./Drivers/STM32F4xx_HAL_Driver/Src/stm32f4xx_hal_uart.o
 *fill*         0x0800491e        0x2 
 .text.UART_Start_Receive_DMA
                0x08004920      0x134 ./Drivers/STM32F4xx_HAL_Driver/Src/stm32f4xx_hal_uart.o
                0x08004920                UART_Start_Receive_DMA
 .text.UART_EndTxTransfer
                0x08004a54       0x50 ./Drivers/STM32F4xx_HAL_Driver/Src/stm32f4xx_hal_uart.o
 .text.UART_EndRxTransfer
                0x08004aa4       0xc6 ./Drivers/STM32F4xx_HAL_Driver/Src/stm32f4xx_hal_uart.o
 .text.UART_DMAAbortOnError
                0x08004b6a       0x28 ./Drivers/STM32F4xx_HAL_Driver/Src/stm32f4xx_hal_uart.o
 .text.UART_Transmit_IT
                0x08004b92       0xa0 ./Drivers/STM32F4xx_HAL_Driver/Src/stm32f4xx_hal_uart.o
 .text.UART_EndTransmit_IT
                0x08004c32       0x30 ./Drivers/STM32F4xx_HAL_Driver/Src/stm32f4xx_hal_uart.o
 .text.UART_Receive_IT
                0x08004c62      0x17c ./Drivers/STM32F4xx_HAL_Driver/Src/stm32f4xx_hal_uart.o
 *fill*         0x08004dde        0x2 
 .text.UART_SetConfig
                0x08004de0      0x4e8 ./Drivers/STM32F4xx_HAL_Driver/Src/stm32f4xx_hal_uart.o
 .text.srand    0x080052c8       0x5c C:/ST/STM32CubeIDE_1.18.0/STM32CubeIDE/plugins/com.st.stm32cube.ide.mcu.externaltools.gnu-tools-for-stm32.13.3.rel1.win32_1.0.0.202411081344/tools/bin/../lib/gcc/arm-none-eabi/13.3.1/../../../../arm-none-eabi/lib/thumb/v7e-m+fp/hard\libc_nano.a(libc_a-rand.o)
                0x080052c8                srand
 .text.std      0x08005324       0x6c C:/ST/STM32CubeIDE_1.18.0/STM32CubeIDE/plugins/com.st.stm32cube.ide.mcu.externaltools.gnu-tools-for-stm32.13.3.rel1.win32_1.0.0.202411081344/tools/bin/../lib/gcc/arm-none-eabi/13.3.1/../../../../arm-none-eabi/lib/thumb/v7e-m+fp/hard\libc_nano.a(libc_a-findfp.o)
 .text.stdio_exit_handler
                0x08005390       0x18 C:/ST/STM32CubeIDE_1.18.0/STM32CubeIDE/plugins/com.st.stm32cube.ide.mcu.externaltools.gnu-tools-for-stm32.13.3.rel1.win32_1.0.0.202411081344/tools/bin/../lib/gcc/arm-none-eabi/13.3.1/../../../../arm-none-eabi/lib/thumb/v7e-m+fp/hard\libc_nano.a(libc_a-findfp.o)
 .text.cleanup_stdio
                0x080053a8       0x40 C:/ST/STM32CubeIDE_1.18.0/STM32CubeIDE/plugins/com.st.stm32cube.ide.mcu.externaltools.gnu-tools-for-stm32.13.3.rel1.win32_1.0.0.202411081344/tools/bin/../lib/gcc/arm-none-eabi/13.3.1/../../../../arm-none-eabi/lib/thumb/v7e-m+fp/hard\libc_nano.a(libc_a-findfp.o)
 .text.global_stdio_init.part.0
                0x080053e8       0x3c C:/ST/STM32CubeIDE_1.18.0/STM32CubeIDE/plugins/com.st.stm32cube.ide.mcu.externaltools.gnu-tools-for-stm32.13.3.rel1.win32_1.0.0.202411081344/tools/bin/../lib/gcc/arm-none-eabi/13.3.1/../../../../arm-none-eabi/lib/thumb/v7e-m+fp/hard\libc_nano.a(libc_a-findfp.o)
 .text.__sfp_lock_acquire
                0x08005424        0xc C:/ST/STM32CubeIDE_1.18.0/STM32CubeIDE/plugins/com.st.stm32cube.ide.mcu.externaltools.gnu-tools-for-stm32.13.3.rel1.win32_1.0.0.202411081344/tools/bin/../lib/gcc/arm-none-eabi/13.3.1/../../../../arm-none-eabi/lib/thumb/v7e-m+fp/hard\libc_nano.a(libc_a-findfp.o)
                0x08005424                __sfp_lock_acquire
 .text.__sfp_lock_release
                0x08005430        0xc C:/ST/STM32CubeIDE_1.18.0/STM32CubeIDE/plugins/com.st.stm32cube.ide.mcu.externaltools.gnu-tools-for-stm32.13.3.rel1.win32_1.0.0.202411081344/tools/bin/../lib/gcc/arm-none-eabi/13.3.1/../../../../arm-none-eabi/lib/thumb/v7e-m+fp/hard\libc_nano.a(libc_a-findfp.o)
                0x08005430                __sfp_lock_release
 .text.__sinit  0x0800543c       0x30 C:/ST/STM32CubeIDE_1.18.0/STM32CubeIDE/plugins/com.st.stm32cube.ide.mcu.externaltools.gnu-tools-for-stm32.13.3.rel1.win32_1.0.0.202411081344/tools/bin/../lib/gcc/arm-none-eabi/13.3.1/../../../../arm-none-eabi/lib/thumb/v7e-m+fp/hard\libc_nano.a(libc_a-findfp.o)
                0x0800543c                __sinit
 .text._fwalk_sglue
                0x0800546c       0x3c C:/ST/STM32CubeIDE_1.18.0/STM32CubeIDE/plugins/com.st.stm32cube.ide.mcu.externaltools.gnu-tools-for-stm32.13.3.rel1.win32_1.0.0.202411081344/tools/bin/../lib/gcc/arm-none-eabi/13.3.1/../../../../arm-none-eabi/lib/thumb/v7e-m+fp/hard\libc_nano.a(libc_a-fwalk.o)
                0x0800546c                _fwalk_sglue
 .text.sprintf  0x080054a8       0x44 C:/ST/STM32CubeIDE_1.18.0/STM32CubeIDE/plugins/com.st.stm32cube.ide.mcu.externaltools.gnu-tools-for-stm32.13.3.rel1.win32_1.0.0.202411081344/tools/bin/../lib/gcc/arm-none-eabi/13.3.1/../../../../arm-none-eabi/lib/thumb/v7e-m+fp/hard\libc_nano.a(libc_a-sprintf.o)
                0x080054a8                siprintf
                0x080054a8                sprintf
 .text.__sread  0x080054ec       0x22 C:/ST/STM32CubeIDE_1.18.0/STM32CubeIDE/plugins/com.st.stm32cube.ide.mcu.externaltools.gnu-tools-for-stm32.13.3.rel1.win32_1.0.0.202411081344/tools/bin/../lib/gcc/arm-none-eabi/13.3.1/../../../../arm-none-eabi/lib/thumb/v7e-m+fp/hard\libc_nano.a(libc_a-stdio.o)
                0x080054ec                __sread
 .text.__swrite
                0x0800550e       0x38 C:/ST/STM32CubeIDE_1.18.0/STM32CubeIDE/plugins/com.st.stm32cube.ide.mcu.externaltools.gnu-tools-for-stm32.13.3.rel1.win32_1.0.0.202411081344/tools/bin/../lib/gcc/arm-none-eabi/13.3.1/../../../../arm-none-eabi/lib/thumb/v7e-m+fp/hard\libc_nano.a(libc_a-stdio.o)
                0x0800550e                __swrite
 .text.__sseek  0x08005546       0x24 C:/ST/STM32CubeIDE_1.18.0/STM32CubeIDE/plugins/com.st.stm32cube.ide.mcu.externaltools.gnu-tools-for-stm32.13.3.rel1.win32_1.0.0.202411081344/tools/bin/../lib/gcc/arm-none-eabi/13.3.1/../../../../arm-none-eabi/lib/thumb/v7e-m+fp/hard\libc_nano.a(libc_a-stdio.o)
                0x08005546                __sseek
 .text.__sclose
                0x0800556a        0x8 C:/ST/STM32CubeIDE_1.18.0/STM32CubeIDE/plugins/com.st.stm32cube.ide.mcu.externaltools.gnu-tools-for-stm32.13.3.rel1.win32_1.0.0.202411081344/tools/bin/../lib/gcc/arm-none-eabi/13.3.1/../../../../arm-none-eabi/lib/thumb/v7e-m+fp/hard\libc_nano.a(libc_a-stdio.o)
                0x0800556a                __sclose
 .text._vsnprintf_r
                0x08005572       0x5c C:/ST/STM32CubeIDE_1.18.0/STM32CubeIDE/plugins/com.st.stm32cube.ide.mcu.externaltools.gnu-tools-for-stm32.13.3.rel1.win32_1.0.0.202411081344/tools/bin/../lib/gcc/arm-none-eabi/13.3.1/../../../../arm-none-eabi/lib/thumb/v7e-m+fp/hard\libc_nano.a(libc_a-vsnprintf.o)
                0x08005572                _vsniprintf_r
                0x08005572                _vsnprintf_r
 *fill*         0x080055ce        0x2 
 .text.vsnprintf
                0x080055d0       0x1c C:/ST/STM32CubeIDE_1.18.0/STM32CubeIDE/plugins/com.st.stm32cube.ide.mcu.externaltools.gnu-tools-for-stm32.13.3.rel1.win32_1.0.0.202411081344/tools/bin/../lib/gcc/arm-none-eabi/13.3.1/../../../../arm-none-eabi/lib/thumb/v7e-m+fp/hard\libc_nano.a(libc_a-vsnprintf.o)
                0x080055d0                vsniprintf
                0x080055d0                vsnprintf
 .text.memcmp   0x080055ec       0x20 C:/ST/STM32CubeIDE_1.18.0/STM32CubeIDE/plugins/com.st.stm32cube.ide.mcu.externaltools.gnu-tools-for-stm32.13.3.rel1.win32_1.0.0.202411081344/tools/bin/../lib/gcc/arm-none-eabi/13.3.1/../../../../arm-none-eabi/lib/thumb/v7e-m+fp/hard\libc_nano.a(libc_a-memcmp.o)
                0x080055ec                memcmp
 .text.memset   0x0800560c       0x10 C:/ST/STM32CubeIDE_1.18.0/STM32CubeIDE/plugins/com.st.stm32cube.ide.mcu.externaltools.gnu-tools-for-stm32.13.3.rel1.win32_1.0.0.202411081344/tools/bin/../lib/gcc/arm-none-eabi/13.3.1/../../../../arm-none-eabi/lib/thumb/v7e-m+fp/hard\libc_nano.a(libc_a-memset.o)
                0x0800560c                memset
 .text._close_r
                0x0800561c       0x20 C:/ST/STM32CubeIDE_1.18.0/STM32CubeIDE/plugins/com.st.stm32cube.ide.mcu.externaltools.gnu-tools-for-stm32.13.3.rel1.win32_1.0.0.202411081344/tools/bin/../lib/gcc/arm-none-eabi/13.3.1/../../../../arm-none-eabi/lib/thumb/v7e-m+fp/hard\libc_nano.a(libc_a-closer.o)
                0x0800561c                _close_r
 .text._lseek_r
                0x0800563c       0x24 C:/ST/STM32CubeIDE_1.18.0/STM32CubeIDE/plugins/com.st.stm32cube.ide.mcu.externaltools.gnu-tools-for-stm32.13.3.rel1.win32_1.0.0.202411081344/tools/bin/../lib/gcc/arm-none-eabi/13.3.1/../../../../arm-none-eabi/lib/thumb/v7e-m+fp/hard\libc_nano.a(libc_a-lseekr.o)
                0x0800563c                _lseek_r
 .text._read_r  0x08005660       0x24 C:/ST/STM32CubeIDE_1.18.0/STM32CubeIDE/plugins/com.st.stm32cube.ide.mcu.externaltools.gnu-tools-for-stm32.13.3.rel1.win32_1.0.0.202411081344/tools/bin/../lib/gcc/arm-none-eabi/13.3.1/../../../../arm-none-eabi/lib/thumb/v7e-m+fp/hard\libc_nano.a(libc_a-readr.o)
                0x08005660                _read_r
 .text._write_r
                0x08005684       0x24 C:/ST/STM32CubeIDE_1.18.0/STM32CubeIDE/plugins/com.st.stm32cube.ide.mcu.externaltools.gnu-tools-for-stm32.13.3.rel1.win32_1.0.0.202411081344/tools/bin/../lib/gcc/arm-none-eabi/13.3.1/../../../../arm-none-eabi/lib/thumb/v7e-m+fp/hard\libc_nano.a(libc_a-writer.o)
                0x08005684                _write_r
 .text.__errno  0x080056a8        0xc C:/ST/STM32CubeIDE_1.18.0/STM32CubeIDE/plugins/com.st.stm32cube.ide.mcu.externaltools.gnu-tools-for-stm32.13.3.rel1.win32_1.0.0.202411081344/tools/bin/../lib/gcc/arm-none-eabi/13.3.1/../../../../arm-none-eabi/lib/thumb/v7e-m+fp/hard\libc_nano.a(libc_a-errno.o)
                0x080056a8                __errno
 .text.__libc_init_array
                0x080056b4       0x48 C:/ST/STM32CubeIDE_1.18.0/STM32CubeIDE/plugins/com.st.stm32cube.ide.mcu.externaltools.gnu-tools-for-stm32.13.3.rel1.win32_1.0.0.202411081344/tools/bin/../lib/gcc/arm-none-eabi/13.3.1/../../../../arm-none-eabi/lib/thumb/v7e-m+fp/hard\libc_nano.a(libc_a-init.o)
                0x080056b4                __libc_init_array
 .text.__retarget_lock_init_recursive
                0x080056fc        0x2 C:/ST/STM32CubeIDE_1.18.0/STM32CubeIDE/plugins/com.st.stm32cube.ide.mcu.externaltools.gnu-tools-for-stm32.13.3.rel1.win32_1.0.0.202411081344/tools/bin/../lib/gcc/arm-none-eabi/13.3.1/../../../../arm-none-eabi/lib/thumb/v7e-m+fp/hard\libc_nano.a(libc_a-lock.o)
                0x080056fc                __retarget_lock_init_recursive
 .text.__retarget_lock_acquire_recursive
                0x080056fe        0x2 C:/ST/STM32CubeIDE_1.18.0/STM32CubeIDE/plugins/com.st.stm32cube.ide.mcu.externaltools.gnu-tools-for-stm32.13.3.rel1.win32_1.0.0.202411081344/tools/bin/../lib/gcc/arm-none-eabi/13.3.1/../../../../arm-none-eabi/lib/thumb/v7e-m+fp/hard\libc_nano.a(libc_a-lock.o)
                0x080056fe                __retarget_lock_acquire_recursive
 .text.__retarget_lock_release_recursive
                0x08005700        0x2 C:/ST/STM32CubeIDE_1.18.0/STM32CubeIDE/plugins/com.st.stm32cube.ide.mcu.externaltools.gnu-tools-for-stm32.13.3.rel1.win32_1.0.0.202411081344/tools/bin/../lib/gcc/arm-none-eabi/13.3.1/../../../../arm-none-eabi/lib/thumb/v7e-m+fp/hard\libc_nano.a(libc_a-lock.o)
                0x08005700                __retarget_lock_release_recursive
 .text.memcpy   0x08005702       0x1c C:/ST/STM32CubeIDE_1.18.0/STM32CubeIDE/plugins/com.st.stm32cube.ide.mcu.externaltools.gnu-tools-for-stm32.13.3.rel1.win32_1.0.0.202411081344/tools/bin/../lib/gcc/arm-none-eabi/13.3.1/../../../../arm-none-eabi/lib/thumb/v7e-m+fp/hard\libc_nano.a(libc_a-memcpy-stub.o)
                0x08005702                memcpy
 *fill*         0x0800571e        0x2 
 .text.__assert_func
                0x08005720       0x3c C:/ST/STM32CubeIDE_1.18.0/STM32CubeIDE/plugins/com.st.stm32cube.ide.mcu.externaltools.gnu-tools-for-stm32.13.3.rel1.win32_1.0.0.202411081344/tools/bin/../lib/gcc/arm-none-eabi/13.3.1/../../../../arm-none-eabi/lib/thumb/v7e-m+fp/hard\libc_nano.a(libc_a-assert.o)
                0x08005720                __assert_func
 .text._free_r  0x0800575c       0x94 C:/ST/STM32CubeIDE_1.18.0/STM32CubeIDE/plugins/com.st.stm32cube.ide.mcu.externaltools.gnu-tools-for-stm32.13.3.rel1.win32_1.0.0.202411081344/tools/bin/../lib/gcc/arm-none-eabi/13.3.1/../../../../arm-none-eabi/lib/thumb/v7e-m+fp/hard\libc_nano.a(libc_a-freer.o)
                0x0800575c                _free_r
 .text.malloc   0x080057f0       0x10 C:/ST/STM32CubeIDE_1.18.0/STM32CubeIDE/plugins/com.st.stm32cube.ide.mcu.externaltools.gnu-tools-for-stm32.13.3.rel1.win32_1.0.0.202411081344/tools/bin/../lib/gcc/arm-none-eabi/13.3.1/../../../../arm-none-eabi/lib/thumb/v7e-m+fp/hard\libc_nano.a(libc_a-malloc.o)
                0x080057f0                malloc
 .text.sbrk_aligned
                0x08005800       0x44 C:/ST/STM32CubeIDE_1.18.0/STM32CubeIDE/plugins/com.st.stm32cube.ide.mcu.externaltools.gnu-tools-for-stm32.13.3.rel1.win32_1.0.0.202411081344/tools/bin/../lib/gcc/arm-none-eabi/13.3.1/../../../../arm-none-eabi/lib/thumb/v7e-m+fp/hard\libc_nano.a(libc_a-mallocr.o)
 .text._malloc_r
                0x08005844      0x100 C:/ST/STM32CubeIDE_1.18.0/STM32CubeIDE/plugins/com.st.stm32cube.ide.mcu.externaltools.gnu-tools-for-stm32.13.3.rel1.win32_1.0.0.202411081344/tools/bin/../lib/gcc/arm-none-eabi/13.3.1/../../../../arm-none-eabi/lib/thumb/v7e-m+fp/hard\libc_nano.a(libc_a-mallocr.o)
                0x08005844                _malloc_r
 .text.__malloc_lock
                0x08005944        0xc C:/ST/STM32CubeIDE_1.18.0/STM32CubeIDE/plugins/com.st.stm32cube.ide.mcu.externaltools.gnu-tools-for-stm32.13.3.rel1.win32_1.0.0.202411081344/tools/bin/../lib/gcc/arm-none-eabi/13.3.1/../../../../arm-none-eabi/lib/thumb/v7e-m+fp/hard\libc_nano.a(libc_a-mlock.o)
                0x08005944                __malloc_lock
 .text.__malloc_unlock
                0x08005950        0xc C:/ST/STM32CubeIDE_1.18.0/STM32CubeIDE/plugins/com.st.stm32cube.ide.mcu.externaltools.gnu-tools-for-stm32.13.3.rel1.win32_1.0.0.202411081344/tools/bin/../lib/gcc/arm-none-eabi/13.3.1/../../../../arm-none-eabi/lib/thumb/v7e-m+fp/hard\libc_nano.a(libc_a-mlock.o)
                0x08005950                __malloc_unlock
 .text.__ssputs_r
                0x0800595c       0xb6 C:/ST/STM32CubeIDE_1.18.0/STM32CubeIDE/plugins/com.st.stm32cube.ide.mcu.externaltools.gnu-tools-for-stm32.13.3.rel1.win32_1.0.0.202411081344/tools/bin/../lib/gcc/arm-none-eabi/13.3.1/../../../../arm-none-eabi/lib/thumb/v7e-m+fp/hard\libc_nano.a(libc_a-nano-svfprintf.o)
                0x0800595c                __ssputs_r
 *fill*         0x08005a12        0x2 
 .text._svfprintf_r
                0x08005a14      0x1f8 C:/ST/STM32CubeIDE_1.18.0/STM32CubeIDE/plugins/com.st.stm32cube.ide.mcu.externaltools.gnu-tools-for-stm32.13.3.rel1.win32_1.0.0.202411081344/tools/bin/../lib/gcc/arm-none-eabi/13.3.1/../../../../arm-none-eabi/lib/thumb/v7e-m+fp/hard\libc_nano.a(libc_a-nano-svfprintf.o)
                0x08005a14                _svfiprintf_r
                0x08005a14                _svfprintf_r
 .text._printf_common
                0x08005c0c       0xda C:/ST/STM32CubeIDE_1.18.0/STM32CubeIDE/plugins/com.st.stm32cube.ide.mcu.externaltools.gnu-tools-for-stm32.13.3.rel1.win32_1.0.0.202411081344/tools/bin/../lib/gcc/arm-none-eabi/13.3.1/../../../../arm-none-eabi/lib/thumb/v7e-m+fp/hard\libc_nano.a(libc_a-nano-vfprintf_i.o)
                0x08005c0c                _printf_common
 *fill*         0x08005ce6        0x2 
 .text._printf_i
                0x08005ce8      0x23c C:/ST/STM32CubeIDE_1.18.0/STM32CubeIDE/plugins/com.st.stm32cube.ide.mcu.externaltools.gnu-tools-for-stm32.13.3.rel1.win32_1.0.0.202411081344/tools/bin/../lib/gcc/arm-none-eabi/13.3.1/../../../../arm-none-eabi/lib/thumb/v7e-m+fp/hard\libc_nano.a(libc_a-nano-vfprintf_i.o)
                0x08005ce8                _printf_i
 .text.__sflush_r
                0x08005f24      0x108 C:/ST/STM32CubeIDE_1.18.0/STM32CubeIDE/plugins/com.st.stm32cube.ide.mcu.externaltools.gnu-tools-for-stm32.13.3.rel1.win32_1.0.0.202411081344/tools/bin/../lib/gcc/arm-none-eabi/13.3.1/../../../../arm-none-eabi/lib/thumb/v7e-m+fp/hard\libc_nano.a(libc_a-fflush.o)
                0x08005f24                __sflush_r
 .text._fflush_r
                0x0800602c       0x50 C:/ST/STM32CubeIDE_1.18.0/STM32CubeIDE/plugins/com.st.stm32cube.ide.mcu.externaltools.gnu-tools-for-stm32.13.3.rel1.win32_1.0.0.202411081344/tools/bin/../lib/gcc/arm-none-eabi/13.3.1/../../../../arm-none-eabi/lib/thumb/v7e-m+fp/hard\libc_nano.a(libc_a-fflush.o)
                0x0800602c                _fflush_r
 .text.fprintf  0x0800607c       0x24 C:/ST/STM32CubeIDE_1.18.0/STM32CubeIDE/plugins/com.st.stm32cube.ide.mcu.externaltools.gnu-tools-for-stm32.13.3.rel1.win32_1.0.0.202411081344/tools/bin/../lib/gcc/arm-none-eabi/13.3.1/../../../../arm-none-eabi/lib/thumb/v7e-m+fp/hard\libc_nano.a(libc_a-fprintf.o)
                0x0800607c                fiprintf
                0x0800607c                fprintf
 .text.memmove  0x080060a0       0x34 C:/ST/STM32CubeIDE_1.18.0/STM32CubeIDE/plugins/com.st.stm32cube.ide.mcu.externaltools.gnu-tools-for-stm32.13.3.rel1.win32_1.0.0.202411081344/tools/bin/../lib/gcc/arm-none-eabi/13.3.1/../../../../arm-none-eabi/lib/thumb/v7e-m+fp/hard\libc_nano.a(libc_a-memmove.o)
                0x080060a0                memmove
 .text._sbrk_r  0x080060d4       0x20 C:/ST/STM32CubeIDE_1.18.0/STM32CubeIDE/plugins/com.st.stm32cube.ide.mcu.externaltools.gnu-tools-for-stm32.13.3.rel1.win32_1.0.0.202411081344/tools/bin/../lib/gcc/arm-none-eabi/13.3.1/../../../../arm-none-eabi/lib/thumb/v7e-m+fp/hard\libc_nano.a(libc_a-sbrkr.o)
                0x080060d4                _sbrk_r
 .text.abort    0x080060f4        0xe C:/ST/STM32CubeIDE_1.18.0/STM32CubeIDE/plugins/com.st.stm32cube.ide.mcu.externaltools.gnu-tools-for-stm32.13.3.rel1.win32_1.0.0.202411081344/tools/bin/../lib/gcc/arm-none-eabi/13.3.1/../../../../arm-none-eabi/lib/thumb/v7e-m+fp/hard\libc_nano.a(libc_a-abort.o)
                0x080060f4                abort
 .text._realloc_r
                0x08006102       0x5c C:/ST/STM32CubeIDE_1.18.0/STM32CubeIDE/plugins/com.st.stm32cube.ide.mcu.externaltools.gnu-tools-for-stm32.13.3.rel1.win32_1.0.0.202411081344/tools/bin/../lib/gcc/arm-none-eabi/13.3.1/../../../../arm-none-eabi/lib/thumb/v7e-m+fp/hard\libc_nano.a(libc_a-reallocr.o)
                0x08006102                _realloc_r
 .text.__sfputc_r
                0x0800615e       0x2e C:/ST/STM32CubeIDE_1.18.0/STM32CubeIDE/plugins/com.st.stm32cube.ide.mcu.externaltools.gnu-tools-for-stm32.13.3.rel1.win32_1.0.0.202411081344/tools/bin/../lib/gcc/arm-none-eabi/13.3.1/../../../../arm-none-eabi/lib/thumb/v7e-m+fp/hard\libc_nano.a(libc_a-nano-vfprintf.o)
 .text.__sfputs_r
                0x0800618c       0x24 C:/ST/STM32CubeIDE_1.18.0/STM32CubeIDE/plugins/com.st.stm32cube.ide.mcu.externaltools.gnu-tools-for-stm32.13.3.rel1.win32_1.0.0.202411081344/tools/bin/../lib/gcc/arm-none-eabi/13.3.1/../../../../arm-none-eabi/lib/thumb/v7e-m+fp/hard\libc_nano.a(libc_a-nano-vfprintf.o)
                0x0800618c                __sfputs_r
 .text._vfprintf_r
                0x080061b0      0x230 C:/ST/STM32CubeIDE_1.18.0/STM32CubeIDE/plugins/com.st.stm32cube.ide.mcu.externaltools.gnu-tools-for-stm32.13.3.rel1.win32_1.0.0.202411081344/tools/bin/../lib/gcc/arm-none-eabi/13.3.1/../../../../arm-none-eabi/lib/thumb/v7e-m+fp/hard\libc_nano.a(libc_a-nano-vfprintf.o)
                0x080061b0                _vfprintf_r
                0x080061b0                _vfiprintf_r
 .text.__swbuf_r
                0x080063e0       0x7c C:/ST/STM32CubeIDE_1.18.0/STM32CubeIDE/plugins/com.st.stm32cube.ide.mcu.externaltools.gnu-tools-for-stm32.13.3.rel1.win32_1.0.0.202411081344/tools/bin/../lib/gcc/arm-none-eabi/13.3.1/../../../../arm-none-eabi/lib/thumb/v7e-m+fp/hard\libc_nano.a(libc_a-wbuf.o)
                0x080063e0                __swbuf_r
 .text.__swsetup_r
                0x0800645c       0xac C:/ST/STM32CubeIDE_1.18.0/STM32CubeIDE/plugins/com.st.stm32cube.ide.mcu.externaltools.gnu-tools-for-stm32.13.3.rel1.win32_1.0.0.202411081344/tools/bin/../lib/gcc/arm-none-eabi/13.3.1/../../../../arm-none-eabi/lib/thumb/v7e-m+fp/hard\libc_nano.a(libc_a-wsetup.o)
                0x0800645c                __swsetup_r
 .text._raise_r
                0x08006508       0x50 C:/ST/STM32CubeIDE_1.18.0/STM32CubeIDE/plugins/com.st.stm32cube.ide.mcu.externaltools.gnu-tools-for-stm32.13.3.rel1.win32_1.0.0.202411081344/tools/bin/../lib/gcc/arm-none-eabi/13.3.1/../../../../arm-none-eabi/lib/thumb/v7e-m+fp/hard\libc_nano.a(libc_a-signal.o)
                0x08006508                _raise_r
 .text.raise    0x08006558       0x10 C:/ST/STM32CubeIDE_1.18.0/STM32CubeIDE/plugins/com.st.stm32cube.ide.mcu.externaltools.gnu-tools-for-stm32.13.3.rel1.win32_1.0.0.202411081344/tools/bin/../lib/gcc/arm-none-eabi/13.3.1/../../../../arm-none-eabi/lib/thumb/v7e-m+fp/hard\libc_nano.a(libc_a-signal.o)
                0x08006558                raise
 .text._kill_r  0x08006568       0x24 C:/ST/STM32CubeIDE_1.18.0/STM32CubeIDE/plugins/com.st.stm32cube.ide.mcu.externaltools.gnu-tools-for-stm32.13.3.rel1.win32_1.0.0.202411081344/tools/bin/../lib/gcc/arm-none-eabi/13.3.1/../../../../arm-none-eabi/lib/thumb/v7e-m+fp/hard\libc_nano.a(libc_a-signalr.o)
                0x08006568                _kill_r
 .text._getpid_r
                0x0800658c        0x4 C:/ST/STM32CubeIDE_1.18.0/STM32CubeIDE/plugins/com.st.stm32cube.ide.mcu.externaltools.gnu-tools-for-stm32.13.3.rel1.win32_1.0.0.202411081344/tools/bin/../lib/gcc/arm-none-eabi/13.3.1/../../../../arm-none-eabi/lib/thumb/v7e-m+fp/hard\libc_nano.a(libc_a-signalr.o)
                0x0800658c                _getpid_r
 .text._malloc_usable_size_r
                0x08006590       0x10 C:/ST/STM32CubeIDE_1.18.0/STM32CubeIDE/plugins/com.st.stm32cube.ide.mcu.externaltools.gnu-tools-for-stm32.13.3.rel1.win32_1.0.0.202411081344/tools/bin/../lib/gcc/arm-none-eabi/13.3.1/../../../../arm-none-eabi/lib/thumb/v7e-m+fp/hard\libc_nano.a(libc_a-msizer.o)
                0x08006590                _malloc_usable_size_r
 .text.__swhatbuf_r
                0x080065a0       0x4c C:/ST/STM32CubeIDE_1.18.0/STM32CubeIDE/plugins/com.st.stm32cube.ide.mcu.externaltools.gnu-tools-for-stm32.13.3.rel1.win32_1.0.0.202411081344/tools/bin/../lib/gcc/arm-none-eabi/13.3.1/../../../../arm-none-eabi/lib/thumb/v7e-m+fp/hard\libc_nano.a(libc_a-makebuf.o)
                0x080065a0                __swhatbuf_r
 .text.__smakebuf_r
                0x080065ec       0x78 C:/ST/STM32CubeIDE_1.18.0/STM32CubeIDE/plugins/com.st.stm32cube.ide.mcu.externaltools.gnu-tools-for-stm32.13.3.rel1.win32_1.0.0.202411081344/tools/bin/../lib/gcc/arm-none-eabi/13.3.1/../../../../arm-none-eabi/lib/thumb/v7e-m+fp/hard\libc_nano.a(libc_a-makebuf.o)
                0x080065ec                __smakebuf_r
 .text._fstat_r
                0x08006664       0x24 C:/ST/STM32CubeIDE_1.18.0/STM32CubeIDE/plugins/com.st.stm32cube.ide.mcu.externaltools.gnu-tools-for-stm32.13.3.rel1.win32_1.0.0.202411081344/tools/bin/../lib/gcc/arm-none-eabi/13.3.1/../../../../arm-none-eabi/lib/thumb/v7e-m+fp/hard\libc_nano.a(libc_a-fstatr.o)
                0x08006664                _fstat_r
 .text._isatty_r
                0x08006688       0x20 C:/ST/STM32CubeIDE_1.18.0/STM32CubeIDE/plugins/com.st.stm32cube.ide.mcu.externaltools.gnu-tools-for-stm32.13.3.rel1.win32_1.0.0.202411081344/tools/bin/../lib/gcc/arm-none-eabi/13.3.1/../../../../arm-none-eabi/lib/thumb/v7e-m+fp/hard\libc_nano.a(libc_a-isattyr.o)
                0x08006688                _isatty_r
 *(.glue_7)
 .glue_7        0x080066a8        0x0 linker stubs
 *(.glue_7t)
 .glue_7t       0x080066a8        0x0 linker stubs
 *(.eh_frame)
 .eh_frame      0x080066a8        0x0 C:/ST/STM32CubeIDE_1.18.0/STM32CubeIDE/plugins/com.st.stm32cube.ide.mcu.externaltools.gnu-tools-for-stm32.13.3.rel1.win32_1.0.0.202411081344/tools/bin/../lib/gcc/arm-none-eabi/13.3.1/thumb/v7e-m+fp/hard/crtbegin.o
 *(.init)
 .init          0x080066a8        0x4 C:/ST/STM32CubeIDE_1.18.0/STM32CubeIDE/plugins/com.st.stm32cube.ide.mcu.externaltools.gnu-tools-for-stm32.13.3.rel1.win32_1.0.0.202411081344/tools/bin/../lib/gcc/arm-none-eabi/13.3.1/thumb/v7e-m+fp/hard/crti.o
                0x080066a8                _init
 .init          0x080066ac        0x8 C:/ST/STM32CubeIDE_1.18.0/STM32CubeIDE/plugins/com.st.stm32cube.ide.mcu.externaltools.gnu-tools-for-stm32.13.3.rel1.win32_1.0.0.202411081344/tools/bin/../lib/gcc/arm-none-eabi/13.3.1/thumb/v7e-m+fp/hard/crtn.o
 *(.fini)
 .fini          0x080066b4        0x4 C:/ST/STM32CubeIDE_1.18.0/STM32CubeIDE/plugins/com.st.stm32cube.ide.mcu.externaltools.gnu-tools-for-stm32.13.3.rel1.win32_1.0.0.202411081344/tools/bin/../lib/gcc/arm-none-eabi/13.3.1/thumb/v7e-m+fp/hard/crti.o
                0x080066b4                _fini
 .fini          0x080066b8        0x8 C:/ST/STM32CubeIDE_1.18.0/STM32CubeIDE/plugins/com.st.stm32cube.ide.mcu.externaltools.gnu-tools-for-stm32.13.3.rel1.win32_1.0.0.202411081344/tools/bin/../lib/gcc/arm-none-eabi/13.3.1/thumb/v7e-m+fp/hard/crtn.o
                0x080066c0                        . = ALIGN (0x4)
                0x080066c0                        _etext = .

.vfp11_veneer   0x080066c0        0x0
 .vfp11_veneer  0x080066c0        0x0 linker stubs

.v4_bx          0x080066c0        0x0
 .v4_bx         0x080066c0        0x0 linker stubs

.iplt           0x080066c0        0x0
 .iplt          0x080066c0        0x0 C:/ST/STM32CubeIDE_1.18.0/STM32CubeIDE/plugins/com.st.stm32cube.ide.mcu.externaltools.gnu-tools-for-stm32.13.3.rel1.win32_1.0.0.202411081344/tools/bin/../lib/gcc/arm-none-eabi/13.3.1/thumb/v7e-m+fp/hard/crtbegin.o

.rodata         0x080066c0      0x794
                0x080066c0                        . = ALIGN (0x4)
 *(.rodata)
 .rodata        0x080066c0      0x1cc ./Core/Src/main.o
 .rodata        0x0800688c      0x4cf ./Core/Src/secure_uart.o
 *(.rodata*)
 *fill*         0x08006d5b        0x1 
 .rodata.fixed_iv.0
                0x08006d5c        0x8 ./Core/Src/secure_uart.o
 .rodata.APBPrescTable
                0x08006d64        0x8 ./Core/Src/system_stm32f4xx.o
                0x08006d64                APBPrescTable
 .rodata.flagBitshiftOffset.0
                0x08006d6c        0x8 ./Drivers/STM32F4xx_HAL_Driver/Src/stm32f4xx_hal_dma.o
 .rodata.srand.str1.1
                0x08006d74       0xde C:/ST/STM32CubeIDE_1.18.0/STM32CubeIDE/plugins/com.st.stm32cube.ide.mcu.externaltools.gnu-tools-for-stm32.13.3.rel1.win32_1.0.0.202411081344/tools/bin/../lib/gcc/arm-none-eabi/13.3.1/../../../../arm-none-eabi/lib/thumb/v7e-m+fp/hard\libc_nano.a(libc_a-rand.o)
                                 0x6f (size before relaxing)
 .rodata.__assert_func.str1.1
                0x08006e52       0x3d C:/ST/STM32CubeIDE_1.18.0/STM32CubeIDE/plugins/com.st.stm32cube.ide.mcu.externaltools.gnu-tools-for-stm32.13.3.rel1.win32_1.0.0.202411081344/tools/bin/../lib/gcc/arm-none-eabi/13.3.1/../../../../arm-none-eabi/lib/thumb/v7e-m+fp/hard\libc_nano.a(libc_a-assert.o)
 .rodata._svfprintf_r.str1.1
                0x08006e52       0x11 C:/ST/STM32CubeIDE_1.18.0/STM32CubeIDE/plugins/com.st.stm32cube.ide.mcu.externaltools.gnu-tools-for-stm32.13.3.rel1.win32_1.0.0.202411081344/tools/bin/../lib/gcc/arm-none-eabi/13.3.1/../../../../arm-none-eabi/lib/thumb/v7e-m+fp/hard\libc_nano.a(libc_a-nano-svfprintf.o)
 .rodata._printf_i.str1.1
                0x08006e52       0x22 C:/ST/STM32CubeIDE_1.18.0/STM32CubeIDE/plugins/com.st.stm32cube.ide.mcu.externaltools.gnu-tools-for-stm32.13.3.rel1.win32_1.0.0.202411081344/tools/bin/../lib/gcc/arm-none-eabi/13.3.1/../../../../arm-none-eabi/lib/thumb/v7e-m+fp/hard\libc_nano.a(libc_a-nano-vfprintf_i.o)
 .rodata._vfprintf_r.str1.1
                0x08006e52       0x11 C:/ST/STM32CubeIDE_1.18.0/STM32CubeIDE/plugins/com.st.stm32cube.ide.mcu.externaltools.gnu-tools-for-stm32.13.3.rel1.win32_1.0.0.202411081344/tools/bin/../lib/gcc/arm-none-eabi/13.3.1/../../../../arm-none-eabi/lib/thumb/v7e-m+fp/hard\libc_nano.a(libc_a-nano-vfprintf.o)
                0x08006e90                        . = ALIGN (0x4)
 *fill*         0x08006e52        0x2 

.ARM.extab      0x08006e54        0x0
                0x08006e54                        . = ALIGN (0x4)
 *(.ARM.extab* .gnu.linkonce.armextab.*)
                0x08006e54                        . = ALIGN (0x4)

.ARM            0x08006e54        0x8
                0x08006e54                        . = ALIGN (0x4)
                0x08006e54                        __exidx_start = .
 *(.ARM.exidx*)
 .ARM.exidx     0x08006e54        0x8 C:/ST/STM32CubeIDE_1.18.0/STM32CubeIDE/plugins/com.st.stm32cube.ide.mcu.externaltools.gnu-tools-for-stm32.13.3.rel1.win32_1.0.0.202411081344/tools/bin/../lib/gcc/arm-none-eabi/13.3.1/../../../../arm-none-eabi/lib/thumb/v7e-m+fp/hard\libc_nano.a(libc_a-strlen.o)
 .ARM.exidx     0x08006e5c        0x0 C:/ST/STM32CubeIDE_1.18.0/STM32CubeIDE/plugins/com.st.stm32cube.ide.mcu.externaltools.gnu-tools-for-stm32.13.3.rel1.win32_1.0.0.202411081344/tools/bin/../lib/gcc/arm-none-eabi/13.3.1/../../../../arm-none-eabi/lib/thumb/v7e-m+fp/hard\libc_nano.a(libc_a-memchr.o)
                                  0x8 (size before relaxing)
 .ARM.exidx     0x08006e5c        0x0 C:/ST/STM32CubeIDE_1.18.0/STM32CubeIDE/plugins/com.st.stm32cube.ide.mcu.externaltools.gnu-tools-for-stm32.13.3.rel1.win32_1.0.0.202411081344/tools/bin/../lib/gcc/arm-none-eabi/13.3.1/thumb/v7e-m+fp/hard\libgcc.a(_udivmoddi4.o)
                                  0x8 (size before relaxing)
                0x08006e5c                        __exidx_end = .
                0x08006e5c                        . = ALIGN (0x4)

.preinit_array  0x08006e5c        0x0
                0x08006e5c                        . = ALIGN (0x4)
                0x08006e5c                        PROVIDE (__preinit_array_start = .)
 *(.preinit_array*)
                0x08006e5c                        PROVIDE (__preinit_array_end = .)
                0x08006e5c                        . = ALIGN (0x4)

.init_array     0x08006e5c        0x4
                0x08006e5c                        . = ALIGN (0x4)
                0x08006e5c                        PROVIDE (__init_array_start = .)
 *(SORT_BY_NAME(.init_array.*))
 *(.init_array*)
 .init_array    0x08006e5c        0x4 C:/ST/STM32CubeIDE_1.18.0/STM32CubeIDE/plugins/com.st.stm32cube.ide.mcu.externaltools.gnu-tools-for-stm32.13.3.rel1.win32_1.0.0.202411081344/tools/bin/../lib/gcc/arm-none-eabi/13.3.1/thumb/v7e-m+fp/hard/crtbegin.o
                0x08006e60                        PROVIDE (__init_array_end = .)
                0x08006e60                        . = ALIGN (0x4)

.fini_array     0x08006e60        0x4
                0x08006e60                        . = ALIGN (0x4)
                [!provide]                        PROVIDE (__fini_array_start = .)
 *(SORT_BY_NAME(.fini_array.*))
 *(.fini_array*)
 .fini_array    0x08006e60        0x4 C:/ST/STM32CubeIDE_1.18.0/STM32CubeIDE/plugins/com.st.stm32cube.ide.mcu.externaltools.gnu-tools-for-stm32.13.3.rel1.win32_1.0.0.202411081344/tools/bin/../lib/gcc/arm-none-eabi/13.3.1/thumb/v7e-m+fp/hard/crtbegin.o
                [!provide]                        PROVIDE (__fini_array_end = .)
                0x08006e64                        . = ALIGN (0x4)
                0x08006e64                        _sidata = LOADADDR (.data)

.rel.dyn        0x08006e64        0x0
 .rel.iplt      0x08006e64        0x0 C:/ST/STM32CubeIDE_1.18.0/STM32CubeIDE/plugins/com.st.stm32cube.ide.mcu.externaltools.gnu-tools-for-stm32.13.3.rel1.win32_1.0.0.202411081344/tools/bin/../lib/gcc/arm-none-eabi/13.3.1/thumb/v7e-m+fp/hard/crtbegin.o

.data           0x20000000       0xfc load address 0x08006e64
                0x20000000                        . = ALIGN (0x4)
                0x20000000                        _sdata = .
 *(.data)
 *(.data*)
 .data.encryptionKey
                0x20000000       0x10 ./Core/Src/main.o
                0x20000000                encryptionKey
 .data.macKey   0x20000010       0x10 ./Core/Src/main.o
                0x20000010                macKey
 .data.testData
                0x20000020       0x72 ./Core/Src/main.o
                0x20000020                testData
 *fill*         0x20000092        0x2 
 .data.SystemCoreClock
                0x20000094        0x4 ./Core/Src/system_stm32f4xx.o
                0x20000094                SystemCoreClock
 .data.uwTickPrio
                0x20000098        0x4 ./Drivers/STM32F4xx_HAL_Driver/Src/stm32f4xx_hal.o
                0x20000098                uwTickPrio
 .data.uwTickFreq
                0x2000009c        0x1 ./Drivers/STM32F4xx_HAL_Driver/Src/stm32f4xx_hal.o
                0x2000009c                uwTickFreq
 *fill*         0x2000009d        0x3 
 .data.__sglue  0x200000a0        0xc C:/ST/STM32CubeIDE_1.18.0/STM32CubeIDE/plugins/com.st.stm32cube.ide.mcu.externaltools.gnu-tools-for-stm32.13.3.rel1.win32_1.0.0.202411081344/tools/bin/../lib/gcc/arm-none-eabi/13.3.1/../../../../arm-none-eabi/lib/thumb/v7e-m+fp/hard\libc_nano.a(libc_a-findfp.o)
                0x200000a0                __sglue
 .data._impure_ptr
                0x200000ac        0x4 C:/ST/STM32CubeIDE_1.18.0/STM32CubeIDE/plugins/com.st.stm32cube.ide.mcu.externaltools.gnu-tools-for-stm32.13.3.rel1.win32_1.0.0.202411081344/tools/bin/../lib/gcc/arm-none-eabi/13.3.1/../../../../arm-none-eabi/lib/thumb/v7e-m+fp/hard\libc_nano.a(libc_a-impure.o)
                0x200000ac                _impure_ptr
 .data._impure_data
                0x200000b0       0x4c C:/ST/STM32CubeIDE_1.18.0/STM32CubeIDE/plugins/com.st.stm32cube.ide.mcu.externaltools.gnu-tools-for-stm32.13.3.rel1.win32_1.0.0.202411081344/tools/bin/../lib/gcc/arm-none-eabi/13.3.1/../../../../arm-none-eabi/lib/thumb/v7e-m+fp/hard\libc_nano.a(libc_a-impure.o)
                0x200000b0                _impure_data
 *(.RamFunc)
 *(.RamFunc*)
                0x200000fc                        . = ALIGN (0x4)
                0x200000fc                        _edata = .

.igot.plt       0x200000fc        0x0 load address 0x08006f60
 .igot.plt      0x200000fc        0x0 C:/ST/STM32CubeIDE_1.18.0/STM32CubeIDE/plugins/com.st.stm32cube.ide.mcu.externaltools.gnu-tools-for-stm32.13.3.rel1.win32_1.0.0.202411081344/tools/bin/../lib/gcc/arm-none-eabi/13.3.1/thumb/v7e-m+fp/hard/crtbegin.o
                0x200000fc                        . = ALIGN (0x4)

.bss            0x200000fc      0x61c load address 0x08006f60
                0x200000fc                        _sbss = .
                0x200000fc                        __bss_start__ = _sbss
 *(.bss)
 .bss           0x200000fc       0x1c C:/ST/STM32CubeIDE_1.18.0/STM32CubeIDE/plugins/com.st.stm32cube.ide.mcu.externaltools.gnu-tools-for-stm32.13.3.rel1.win32_1.0.0.202411081344/tools/bin/../lib/gcc/arm-none-eabi/13.3.1/thumb/v7e-m+fp/hard/crtbegin.o
 *(.bss*)
 .bss.huart1    0x20000118       0x48 ./Core/Src/main.o
                0x20000118                huart1
 .bss.huart2    0x20000160       0x48 ./Core/Src/main.o
                0x20000160                huart2
 .bss.huart6    0x200001a8       0x48 ./Core/Src/main.o
                0x200001a8                huart6
 .bss.hdma_usart1_rx
                0x200001f0       0x60 ./Core/Src/main.o
                0x200001f0                hdma_usart1_rx
 .bss.hdma_usart1_tx
                0x20000250       0x60 ./Core/Src/main.o
                0x20000250                hdma_usart1_tx
 .bss.hdma_usart6_rx
                0x200002b0       0x60 ./Core/Src/main.o
                0x200002b0                hdma_usart6_rx
 .bss.hdma_usart6_tx
                0x20000310       0x60 ./Core/Src/main.o
                0x20000310                hdma_usart6_tx
 .bss.TxContext
                0x20000370      0x128 ./Core/Src/main.o
                0x20000370                TxContext
 .bss.RxContext
                0x20000498      0x128 ./Core/Src/main.o
                0x20000498                RxContext
 .bss.g_sequence_counter
                0x200005c0        0x4 ./Core/Src/secure_uart.o
 .bss.__sbrk_heap_end
                0x200005c4        0x4 ./Core/Src/sysmem.o
 .bss.uwTick    0x200005c8        0x4 ./Drivers/STM32F4xx_HAL_Driver/Src/stm32f4xx_hal.o
                0x200005c8                uwTick
 .bss.__sf      0x200005cc      0x138 C:/ST/STM32CubeIDE_1.18.0/STM32CubeIDE/plugins/com.st.stm32cube.ide.mcu.externaltools.gnu-tools-for-stm32.13.3.rel1.win32_1.0.0.202411081344/tools/bin/../lib/gcc/arm-none-eabi/13.3.1/../../../../arm-none-eabi/lib/thumb/v7e-m+fp/hard\libc_nano.a(libc_a-findfp.o)
                0x200005cc                __sf
 .bss.__stdio_exit_handler
                0x20000704        0x4 C:/ST/STM32CubeIDE_1.18.0/STM32CubeIDE/plugins/com.st.stm32cube.ide.mcu.externaltools.gnu-tools-for-stm32.13.3.rel1.win32_1.0.0.202411081344/tools/bin/../lib/gcc/arm-none-eabi/13.3.1/../../../../arm-none-eabi/lib/thumb/v7e-m+fp/hard\libc_nano.a(libc_a-findfp.o)
                0x20000704                __stdio_exit_handler
 .bss.errno     0x20000708        0x4 C:/ST/STM32CubeIDE_1.18.0/STM32CubeIDE/plugins/com.st.stm32cube.ide.mcu.externaltools.gnu-tools-for-stm32.13.3.rel1.win32_1.0.0.202411081344/tools/bin/../lib/gcc/arm-none-eabi/13.3.1/../../../../arm-none-eabi/lib/thumb/v7e-m+fp/hard\libc_nano.a(libc_a-reent.o)
                0x20000708                errno
 .bss.__lock___malloc_recursive_mutex
                0x2000070c        0x1 C:/ST/STM32CubeIDE_1.18.0/STM32CubeIDE/plugins/com.st.stm32cube.ide.mcu.externaltools.gnu-tools-for-stm32.13.3.rel1.win32_1.0.0.202411081344/tools/bin/../lib/gcc/arm-none-eabi/13.3.1/../../../../arm-none-eabi/lib/thumb/v7e-m+fp/hard\libc_nano.a(libc_a-lock.o)
                0x2000070c                __lock___malloc_recursive_mutex
 .bss.__lock___sfp_recursive_mutex
                0x2000070d        0x1 C:/ST/STM32CubeIDE_1.18.0/STM32CubeIDE/plugins/com.st.stm32cube.ide.mcu.externaltools.gnu-tools-for-stm32.13.3.rel1.win32_1.0.0.202411081344/tools/bin/../lib/gcc/arm-none-eabi/13.3.1/../../../../arm-none-eabi/lib/thumb/v7e-m+fp/hard\libc_nano.a(libc_a-lock.o)
                0x2000070d                __lock___sfp_recursive_mutex
 *fill*         0x2000070e        0x2 
 .bss.__malloc_sbrk_start
                0x20000710        0x4 C:/ST/STM32CubeIDE_1.18.0/STM32CubeIDE/plugins/com.st.stm32cube.ide.mcu.externaltools.gnu-tools-for-stm32.13.3.rel1.win32_1.0.0.202411081344/tools/bin/../lib/gcc/arm-none-eabi/13.3.1/../../../../arm-none-eabi/lib/thumb/v7e-m+fp/hard\libc_nano.a(libc_a-mallocr.o)
                0x20000710                __malloc_sbrk_start
 .bss.__malloc_free_list
                0x20000714        0x4 C:/ST/STM32CubeIDE_1.18.0/STM32CubeIDE/plugins/com.st.stm32cube.ide.mcu.externaltools.gnu-tools-for-stm32.13.3.rel1.win32_1.0.0.202411081344/tools/bin/../lib/gcc/arm-none-eabi/13.3.1/../../../../arm-none-eabi/lib/thumb/v7e-m+fp/hard\libc_nano.a(libc_a-mallocr.o)
                0x20000714                __malloc_free_list
 *(COMMON)
                0x20000718                        . = ALIGN (0x4)
                0x20000718                        _ebss = .
                0x20000718                        __bss_end__ = _ebss

._user_heap_stack
                0x20000718      0x600 load address 0x08006f60
                0x20000718                        . = ALIGN (0x8)
                [!provide]                        PROVIDE (end = .)
                0x20000718                        PROVIDE (_end = .)
                0x20000918                        . = (. + _Min_Heap_Size)
 *fill*         0x20000718      0x200 
                0x20000d18                        . = (. + _Min_Stack_Size)
 *fill*         0x20000918      0x400 
                0x20000d18                        . = ALIGN (0x8)

/DISCARD/
 libc.a(*)
 libm.a(*)
 libgcc.a(*)

.ARM.attributes
                0x00000000       0x30
 *(.ARM.attributes)
 .ARM.attributes
                0x00000000       0x22 C:/ST/STM32CubeIDE_1.18.0/STM32CubeIDE/plugins/com.st.stm32cube.ide.mcu.externaltools.gnu-tools-for-stm32.13.3.rel1.win32_1.0.0.202411081344/tools/bin/../lib/gcc/arm-none-eabi/13.3.1/thumb/v7e-m+fp/hard/crti.o
 .ARM.attributes
                0x00000022       0x34 C:/ST/STM32CubeIDE_1.18.0/STM32CubeIDE/plugins/com.st.stm32cube.ide.mcu.externaltools.gnu-tools-for-stm32.13.3.rel1.win32_1.0.0.202411081344/tools/bin/../lib/gcc/arm-none-eabi/13.3.1/thumb/v7e-m+fp/hard/crtbegin.o
 .ARM.attributes
                0x00000056       0x34 ./Core/Src/main.o
 .ARM.attributes
                0x0000008a       0x34 ./Core/Src/secure_uart.o
 .ARM.attributes
                0x000000be       0x34 ./Core/Src/siphash.o
 .ARM.attributes
                0x000000f2       0x34 ./Core/Src/speck.o
 .ARM.attributes
                0x00000126       0x34 ./Core/Src/stm32f4xx_hal_msp.o
 .ARM.attributes
                0x0000015a       0x34 ./Core/Src/stm32f4xx_it.o
 .ARM.attributes
                0x0000018e       0x34 ./Core/Src/syscalls.o
 .ARM.attributes
                0x000001c2       0x34 ./Core/Src/sysmem.o
 .ARM.attributes
                0x000001f6       0x34 ./Core/Src/system_stm32f4xx.o
 .ARM.attributes
                0x0000022a       0x21 ./Core/Startup/startup_stm32f411retx.o
 .ARM.attributes
                0x0000024b       0x34 ./Drivers/STM32F4xx_HAL_Driver/Src/stm32f4xx_hal.o
 .ARM.attributes
                0x0000027f       0x34 ./Drivers/STM32F4xx_HAL_Driver/Src/stm32f4xx_hal_cortex.o
 .ARM.attributes
                0x000002b3       0x34 ./Drivers/STM32F4xx_HAL_Driver/Src/stm32f4xx_hal_dma.o
 .ARM.attributes
                0x000002e7       0x34 ./Drivers/STM32F4xx_HAL_Driver/Src/stm32f4xx_hal_gpio.o
 .ARM.attributes
                0x0000031b       0x34 ./Drivers/STM32F4xx_HAL_Driver/Src/stm32f4xx_hal_rcc.o
 .ARM.attributes
                0x0000034f       0x34 ./Drivers/STM32F4xx_HAL_Driver/Src/stm32f4xx_hal_uart.o
 .ARM.attributes
                0x00000383       0x34 C:/ST/STM32CubeIDE_1.18.0/STM32CubeIDE/plugins/com.st.stm32cube.ide.mcu.externaltools.gnu-tools-for-stm32.13.3.rel1.win32_1.0.0.202411081344/tools/bin/../lib/gcc/arm-none-eabi/13.3.1/../../../../arm-none-eabi/lib/thumb/v7e-m+fp/hard\libc_nano.a(libc_a-rand.o)
 .ARM.attributes
                0x000003b7       0x34 C:/ST/STM32CubeIDE_1.18.0/STM32CubeIDE/plugins/com.st.stm32cube.ide.mcu.externaltools.gnu-tools-for-stm32.13.3.rel1.win32_1.0.0.202411081344/tools/bin/../lib/gcc/arm-none-eabi/13.3.1/../../../../arm-none-eabi/lib/thumb/v7e-m+fp/hard\libc_nano.a(libc_a-findfp.o)
 .ARM.attributes
                0x000003eb       0x34 C:/ST/STM32CubeIDE_1.18.0/STM32CubeIDE/plugins/com.st.stm32cube.ide.mcu.externaltools.gnu-tools-for-stm32.13.3.rel1.win32_1.0.0.202411081344/tools/bin/../lib/gcc/arm-none-eabi/13.3.1/../../../../arm-none-eabi/lib/thumb/v7e-m+fp/hard\libc_nano.a(libc_a-fwalk.o)
 .ARM.attributes
                0x0000041f       0x34 C:/ST/STM32CubeIDE_1.18.0/STM32CubeIDE/plugins/com.st.stm32cube.ide.mcu.externaltools.gnu-tools-for-stm32.13.3.rel1.win32_1.0.0.202411081344/tools/bin/../lib/gcc/arm-none-eabi/13.3.1/../../../../arm-none-eabi/lib/thumb/v7e-m+fp/hard\libc_nano.a(libc_a-sprintf.o)
 .ARM.attributes
                0x00000453       0x34 C:/ST/STM32CubeIDE_1.18.0/STM32CubeIDE/plugins/com.st.stm32cube.ide.mcu.externaltools.gnu-tools-for-stm32.13.3.rel1.win32_1.0.0.202411081344/tools/bin/../lib/gcc/arm-none-eabi/13.3.1/../../../../arm-none-eabi/lib/thumb/v7e-m+fp/hard\libc_nano.a(libc_a-stdio.o)
 .ARM.attributes
                0x00000487       0x34 C:/ST/STM32CubeIDE_1.18.0/STM32CubeIDE/plugins/com.st.stm32cube.ide.mcu.externaltools.gnu-tools-for-stm32.13.3.rel1.win32_1.0.0.202411081344/tools/bin/../lib/gcc/arm-none-eabi/13.3.1/../../../../arm-none-eabi/lib/thumb/v7e-m+fp/hard\libc_nano.a(libc_a-vsnprintf.o)
 .ARM.attributes
                0x000004bb       0x34 C:/ST/STM32CubeIDE_1.18.0/STM32CubeIDE/plugins/com.st.stm32cube.ide.mcu.externaltools.gnu-tools-for-stm32.13.3.rel1.win32_1.0.0.202411081344/tools/bin/../lib/gcc/arm-none-eabi/13.3.1/../../../../arm-none-eabi/lib/thumb/v7e-m+fp/hard\libc_nano.a(libc_a-memcmp.o)
 .ARM.attributes
                0x000004ef       0x34 C:/ST/STM32CubeIDE_1.18.0/STM32CubeIDE/plugins/com.st.stm32cube.ide.mcu.externaltools.gnu-tools-for-stm32.13.3.rel1.win32_1.0.0.202411081344/tools/bin/../lib/gcc/arm-none-eabi/13.3.1/../../../../arm-none-eabi/lib/thumb/v7e-m+fp/hard\libc_nano.a(libc_a-memset.o)
 .ARM.attributes
                0x00000523       0x34 C:/ST/STM32CubeIDE_1.18.0/STM32CubeIDE/plugins/com.st.stm32cube.ide.mcu.externaltools.gnu-tools-for-stm32.13.3.rel1.win32_1.0.0.202411081344/tools/bin/../lib/gcc/arm-none-eabi/13.3.1/../../../../arm-none-eabi/lib/thumb/v7e-m+fp/hard\libc_nano.a(libc_a-closer.o)
 .ARM.attributes
                0x00000557       0x34 C:/ST/STM32CubeIDE_1.18.0/STM32CubeIDE/plugins/com.st.stm32cube.ide.mcu.externaltools.gnu-tools-for-stm32.13.3.rel1.win32_1.0.0.202411081344/tools/bin/../lib/gcc/arm-none-eabi/13.3.1/../../../../arm-none-eabi/lib/thumb/v7e-m+fp/hard\libc_nano.a(libc_a-reent.o)
 .ARM.attributes
                0x0000058b       0x34 C:/ST/STM32CubeIDE_1.18.0/STM32CubeIDE/plugins/com.st.stm32cube.ide.mcu.externaltools.gnu-tools-for-stm32.13.3.rel1.win32_1.0.0.202411081344/tools/bin/../lib/gcc/arm-none-eabi/13.3.1/../../../../arm-none-eabi/lib/thumb/v7e-m+fp/hard\libc_nano.a(libc_a-impure.o)
 .ARM.attributes
                0x000005bf       0x34 C:/ST/STM32CubeIDE_1.18.0/STM32CubeIDE/plugins/com.st.stm32cube.ide.mcu.externaltools.gnu-tools-for-stm32.13.3.rel1.win32_1.0.0.202411081344/tools/bin/../lib/gcc/arm-none-eabi/13.3.1/../../../../arm-none-eabi/lib/thumb/v7e-m+fp/hard\libc_nano.a(libc_a-lseekr.o)
 .ARM.attributes
                0x000005f3       0x34 C:/ST/STM32CubeIDE_1.18.0/STM32CubeIDE/plugins/com.st.stm32cube.ide.mcu.externaltools.gnu-tools-for-stm32.13.3.rel1.win32_1.0.0.202411081344/tools/bin/../lib/gcc/arm-none-eabi/13.3.1/../../../../arm-none-eabi/lib/thumb/v7e-m+fp/hard\libc_nano.a(libc_a-readr.o)
 .ARM.attributes
                0x00000627       0x34 C:/ST/STM32CubeIDE_1.18.0/STM32CubeIDE/plugins/com.st.stm32cube.ide.mcu.externaltools.gnu-tools-for-stm32.13.3.rel1.win32_1.0.0.202411081344/tools/bin/../lib/gcc/arm-none-eabi/13.3.1/../../../../arm-none-eabi/lib/thumb/v7e-m+fp/hard\libc_nano.a(libc_a-writer.o)
 .ARM.attributes
                0x0000065b       0x34 C:/ST/STM32CubeIDE_1.18.0/STM32CubeIDE/plugins/com.st.stm32cube.ide.mcu.externaltools.gnu-tools-for-stm32.13.3.rel1.win32_1.0.0.202411081344/tools/bin/../lib/gcc/arm-none-eabi/13.3.1/../../../../arm-none-eabi/lib/thumb/v7e-m+fp/hard\libc_nano.a(libc_a-errno.o)
 .ARM.attributes
                0x0000068f       0x34 C:/ST/STM32CubeIDE_1.18.0/STM32CubeIDE/plugins/com.st.stm32cube.ide.mcu.externaltools.gnu-tools-for-stm32.13.3.rel1.win32_1.0.0.202411081344/tools/bin/../lib/gcc/arm-none-eabi/13.3.1/../../../../arm-none-eabi/lib/thumb/v7e-m+fp/hard\libc_nano.a(libc_a-init.o)
 .ARM.attributes
                0x000006c3       0x34 C:/ST/STM32CubeIDE_1.18.0/STM32CubeIDE/plugins/com.st.stm32cube.ide.mcu.externaltools.gnu-tools-for-stm32.13.3.rel1.win32_1.0.0.202411081344/tools/bin/../lib/gcc/arm-none-eabi/13.3.1/../../../../arm-none-eabi/lib/thumb/v7e-m+fp/hard\libc_nano.a(libc_a-lock.o)
 .ARM.attributes
                0x000006f7       0x34 C:/ST/STM32CubeIDE_1.18.0/STM32CubeIDE/plugins/com.st.stm32cube.ide.mcu.externaltools.gnu-tools-for-stm32.13.3.rel1.win32_1.0.0.202411081344/tools/bin/../lib/gcc/arm-none-eabi/13.3.1/../../../../arm-none-eabi/lib/thumb/v7e-m+fp/hard\libc_nano.a(libc_a-memcpy-stub.o)
 .ARM.attributes
                0x0000072b       0x17 C:/ST/STM32CubeIDE_1.18.0/STM32CubeIDE/plugins/com.st.stm32cube.ide.mcu.externaltools.gnu-tools-for-stm32.13.3.rel1.win32_1.0.0.202411081344/tools/bin/../lib/gcc/arm-none-eabi/13.3.1/../../../../arm-none-eabi/lib/thumb/v7e-m+fp/hard\libc_nano.a(libc_a-strlen.o)
 .ARM.attributes
                0x00000742       0x34 C:/ST/STM32CubeIDE_1.18.0/STM32CubeIDE/plugins/com.st.stm32cube.ide.mcu.externaltools.gnu-tools-for-stm32.13.3.rel1.win32_1.0.0.202411081344/tools/bin/../lib/gcc/arm-none-eabi/13.3.1/../../../../arm-none-eabi/lib/thumb/v7e-m+fp/hard\libc_nano.a(libc_a-assert.o)
 .ARM.attributes
                0x00000776       0x34 C:/ST/STM32CubeIDE_1.18.0/STM32CubeIDE/plugins/com.st.stm32cube.ide.mcu.externaltools.gnu-tools-for-stm32.13.3.rel1.win32_1.0.0.202411081344/tools/bin/../lib/gcc/arm-none-eabi/13.3.1/../../../../arm-none-eabi/lib/thumb/v7e-m+fp/hard\libc_nano.a(libc_a-freer.o)
 .ARM.attributes
                0x000007aa       0x34 C:/ST/STM32CubeIDE_1.18.0/STM32CubeIDE/plugins/com.st.stm32cube.ide.mcu.externaltools.gnu-tools-for-stm32.13.3.rel1.win32_1.0.0.202411081344/tools/bin/../lib/gcc/arm-none-eabi/13.3.1/../../../../arm-none-eabi/lib/thumb/v7e-m+fp/hard\libc_nano.a(libc_a-malloc.o)
 .ARM.attributes
                0x000007de       0x34 C:/ST/STM32CubeIDE_1.18.0/STM32CubeIDE/plugins/com.st.stm32cube.ide.mcu.externaltools.gnu-tools-for-stm32.13.3.rel1.win32_1.0.0.202411081344/tools/bin/../lib/gcc/arm-none-eabi/13.3.1/../../../../arm-none-eabi/lib/thumb/v7e-m+fp/hard\libc_nano.a(libc_a-mallocr.o)
 .ARM.attributes
                0x00000812       0x34 C:/ST/STM32CubeIDE_1.18.0/STM32CubeIDE/plugins/com.st.stm32cube.ide.mcu.externaltools.gnu-tools-for-stm32.13.3.rel1.win32_1.0.0.202411081344/tools/bin/../lib/gcc/arm-none-eabi/13.3.1/../../../../arm-none-eabi/lib/thumb/v7e-m+fp/hard\libc_nano.a(libc_a-mlock.o)
 .ARM.attributes
                0x00000846       0x34 C:/ST/STM32CubeIDE_1.18.0/STM32CubeIDE/plugins/com.st.stm32cube.ide.mcu.externaltools.gnu-tools-for-stm32.13.3.rel1.win32_1.0.0.202411081344/tools/bin/../lib/gcc/arm-none-eabi/13.3.1/../../../../arm-none-eabi/lib/thumb/v7e-m+fp/hard\libc_nano.a(libc_a-nano-svfprintf.o)
 .ARM.attributes
                0x0000087a       0x34 C:/ST/STM32CubeIDE_1.18.0/STM32CubeIDE/plugins/com.st.stm32cube.ide.mcu.externaltools.gnu-tools-for-stm32.13.3.rel1.win32_1.0.0.202411081344/tools/bin/../lib/gcc/arm-none-eabi/13.3.1/../../../../arm-none-eabi/lib/thumb/v7e-m+fp/hard\libc_nano.a(libc_a-nano-vfprintf_i.o)
 .ARM.attributes
                0x000008ae       0x34 C:/ST/STM32CubeIDE_1.18.0/STM32CubeIDE/plugins/com.st.stm32cube.ide.mcu.externaltools.gnu-tools-for-stm32.13.3.rel1.win32_1.0.0.202411081344/tools/bin/../lib/gcc/arm-none-eabi/13.3.1/../../../../arm-none-eabi/lib/thumb/v7e-m+fp/hard\libc_nano.a(libc_a-fflush.o)
 .ARM.attributes
                0x000008e2       0x34 C:/ST/STM32CubeIDE_1.18.0/STM32CubeIDE/plugins/com.st.stm32cube.ide.mcu.externaltools.gnu-tools-for-stm32.13.3.rel1.win32_1.0.0.202411081344/tools/bin/../lib/gcc/arm-none-eabi/13.3.1/../../../../arm-none-eabi/lib/thumb/v7e-m+fp/hard\libc_nano.a(libc_a-fprintf.o)
 .ARM.attributes
                0x00000916       0x34 C:/ST/STM32CubeIDE_1.18.0/STM32CubeIDE/plugins/com.st.stm32cube.ide.mcu.externaltools.gnu-tools-for-stm32.13.3.rel1.win32_1.0.0.202411081344/tools/bin/../lib/gcc/arm-none-eabi/13.3.1/../../../../arm-none-eabi/lib/thumb/v7e-m+fp/hard\libc_nano.a(libc_a-memmove.o)
 .ARM.attributes
                0x0000094a       0x34 C:/ST/STM32CubeIDE_1.18.0/STM32CubeIDE/plugins/com.st.stm32cube.ide.mcu.externaltools.gnu-tools-for-stm32.13.3.rel1.win32_1.0.0.202411081344/tools/bin/../lib/gcc/arm-none-eabi/13.3.1/../../../../arm-none-eabi/lib/thumb/v7e-m+fp/hard\libc_nano.a(libc_a-sbrkr.o)
 .ARM.attributes
                0x0000097e       0x1c C:/ST/STM32CubeIDE_1.18.0/STM32CubeIDE/plugins/com.st.stm32cube.ide.mcu.externaltools.gnu-tools-for-stm32.13.3.rel1.win32_1.0.0.202411081344/tools/bin/../lib/gcc/arm-none-eabi/13.3.1/../../../../arm-none-eabi/lib/thumb/v7e-m+fp/hard\libc_nano.a(libc_a-memchr.o)
 .ARM.attributes
                0x0000099a       0x34 C:/ST/STM32CubeIDE_1.18.0/STM32CubeIDE/plugins/com.st.stm32cube.ide.mcu.externaltools.gnu-tools-for-stm32.13.3.rel1.win32_1.0.0.202411081344/tools/bin/../lib/gcc/arm-none-eabi/13.3.1/../../../../arm-none-eabi/lib/thumb/v7e-m+fp/hard\libc_nano.a(libc_a-abort.o)
 .ARM.attributes
                0x000009ce       0x34 C:/ST/STM32CubeIDE_1.18.0/STM32CubeIDE/plugins/com.st.stm32cube.ide.mcu.externaltools.gnu-tools-for-stm32.13.3.rel1.win32_1.0.0.202411081344/tools/bin/../lib/gcc/arm-none-eabi/13.3.1/../../../../arm-none-eabi/lib/thumb/v7e-m+fp/hard\libc_nano.a(libc_a-reallocr.o)
 .ARM.attributes
                0x00000a02       0x34 C:/ST/STM32CubeIDE_1.18.0/STM32CubeIDE/plugins/com.st.stm32cube.ide.mcu.externaltools.gnu-tools-for-stm32.13.3.rel1.win32_1.0.0.202411081344/tools/bin/../lib/gcc/arm-none-eabi/13.3.1/../../../../arm-none-eabi/lib/thumb/v7e-m+fp/hard\libc_nano.a(libc_a-nano-vfprintf.o)
 .ARM.attributes
                0x00000a36       0x34 C:/ST/STM32CubeIDE_1.18.0/STM32CubeIDE/plugins/com.st.stm32cube.ide.mcu.externaltools.gnu-tools-for-stm32.13.3.rel1.win32_1.0.0.202411081344/tools/bin/../lib/gcc/arm-none-eabi/13.3.1/../../../../arm-none-eabi/lib/thumb/v7e-m+fp/hard\libc_nano.a(libc_a-wbuf.o)
 .ARM.attributes
                0x00000a6a       0x34 C:/ST/STM32CubeIDE_1.18.0/STM32CubeIDE/plugins/com.st.stm32cube.ide.mcu.externaltools.gnu-tools-for-stm32.13.3.rel1.win32_1.0.0.202411081344/tools/bin/../lib/gcc/arm-none-eabi/13.3.1/../../../../arm-none-eabi/lib/thumb/v7e-m+fp/hard\libc_nano.a(libc_a-wsetup.o)
 .ARM.attributes
                0x00000a9e       0x34 C:/ST/STM32CubeIDE_1.18.0/STM32CubeIDE/plugins/com.st.stm32cube.ide.mcu.externaltools.gnu-tools-for-stm32.13.3.rel1.win32_1.0.0.202411081344/tools/bin/../lib/gcc/arm-none-eabi/13.3.1/../../../../arm-none-eabi/lib/thumb/v7e-m+fp/hard\libc_nano.a(libc_a-signal.o)
 .ARM.attributes
                0x00000ad2       0x34 C:/ST/STM32CubeIDE_1.18.0/STM32CubeIDE/plugins/com.st.stm32cube.ide.mcu.externaltools.gnu-tools-for-stm32.13.3.rel1.win32_1.0.0.202411081344/tools/bin/../lib/gcc/arm-none-eabi/13.3.1/../../../../arm-none-eabi/lib/thumb/v7e-m+fp/hard\libc_nano.a(libc_a-signalr.o)
 .ARM.attributes
                0x00000b06       0x34 C:/ST/STM32CubeIDE_1.18.0/STM32CubeIDE/plugins/com.st.stm32cube.ide.mcu.externaltools.gnu-tools-for-stm32.13.3.rel1.win32_1.0.0.202411081344/tools/bin/../lib/gcc/arm-none-eabi/13.3.1/../../../../arm-none-eabi/lib/thumb/v7e-m+fp/hard\libc_nano.a(libc_a-msizer.o)
 .ARM.attributes
                0x00000b3a       0x34 C:/ST/STM32CubeIDE_1.18.0/STM32CubeIDE/plugins/com.st.stm32cube.ide.mcu.externaltools.gnu-tools-for-stm32.13.3.rel1.win32_1.0.0.202411081344/tools/bin/../lib/gcc/arm-none-eabi/13.3.1/../../../../arm-none-eabi/lib/thumb/v7e-m+fp/hard\libc_nano.a(libc_a-makebuf.o)
 .ARM.attributes
                0x00000b6e       0x34 C:/ST/STM32CubeIDE_1.18.0/STM32CubeIDE/plugins/com.st.stm32cube.ide.mcu.externaltools.gnu-tools-for-stm32.13.3.rel1.win32_1.0.0.202411081344/tools/bin/../lib/gcc/arm-none-eabi/13.3.1/../../../../arm-none-eabi/lib/thumb/v7e-m+fp/hard\libc_nano.a(libc_a-fstatr.o)
 .ARM.attributes
                0x00000ba2       0x34 C:/ST/STM32CubeIDE_1.18.0/STM32CubeIDE/plugins/com.st.stm32cube.ide.mcu.externaltools.gnu-tools-for-stm32.13.3.rel1.win32_1.0.0.202411081344/tools/bin/../lib/gcc/arm-none-eabi/13.3.1/../../../../arm-none-eabi/lib/thumb/v7e-m+fp/hard\libc_nano.a(libc_a-isattyr.o)
 .ARM.attributes
                0x00000bd6       0x22 C:/ST/STM32CubeIDE_1.18.0/STM32CubeIDE/plugins/com.st.stm32cube.ide.mcu.externaltools.gnu-tools-for-stm32.13.3.rel1.win32_1.0.0.202411081344/tools/bin/../lib/gcc/arm-none-eabi/13.3.1/thumb/v7e-m+fp/hard\libgcc.a(_aeabi_uldivmod.o)
 .ARM.attributes
                0x00000bf8       0x34 C:/ST/STM32CubeIDE_1.18.0/STM32CubeIDE/plugins/com.st.stm32cube.ide.mcu.externaltools.gnu-tools-for-stm32.13.3.rel1.win32_1.0.0.202411081344/tools/bin/../lib/gcc/arm-none-eabi/13.3.1/thumb/v7e-m+fp/hard\libgcc.a(_udivmoddi4.o)
 .ARM.attributes
                0x00000c2c       0x22 C:/ST/STM32CubeIDE_1.18.0/STM32CubeIDE/plugins/com.st.stm32cube.ide.mcu.externaltools.gnu-tools-for-stm32.13.3.rel1.win32_1.0.0.202411081344/tools/bin/../lib/gcc/arm-none-eabi/13.3.1/thumb/v7e-m+fp/hard\libgcc.a(_dvmd_tls.o)
 .ARM.attributes
                0x00000c4e       0x22 C:/ST/STM32CubeIDE_1.18.0/STM32CubeIDE/plugins/com.st.stm32cube.ide.mcu.externaltools.gnu-tools-for-stm32.13.3.rel1.win32_1.0.0.202411081344/tools/bin/../lib/gcc/arm-none-eabi/13.3.1/thumb/v7e-m+fp/hard/crtn.o
OUTPUT(inter.elf elf32-littlearm)
LOAD linker stubs
LOAD C:/ST/STM32CubeIDE_1.18.0/STM32CubeIDE/plugins/com.st.stm32cube.ide.mcu.externaltools.gnu-tools-for-stm32.13.3.rel1.win32_1.0.0.202411081344/tools/bin/../lib/gcc/arm-none-eabi/13.3.1/../../../../arm-none-eabi/lib/thumb/v7e-m+fp/hard\libc.a
LOAD C:/ST/STM32CubeIDE_1.18.0/STM32CubeIDE/plugins/com.st.stm32cube.ide.mcu.externaltools.gnu-tools-for-stm32.13.3.rel1.win32_1.0.0.202411081344/tools/bin/../lib/gcc/arm-none-eabi/13.3.1/../../../../arm-none-eabi/lib/thumb/v7e-m+fp/hard\libm.a
LOAD C:/ST/STM32CubeIDE_1.18.0/STM32CubeIDE/plugins/com.st.stm32cube.ide.mcu.externaltools.gnu-tools-for-stm32.13.3.rel1.win32_1.0.0.202411081344/tools/bin/../lib/gcc/arm-none-eabi/13.3.1/thumb/v7e-m+fp/hard\libgcc.a

.debug_info     0x00000000     0xa5c3
 .debug_info    0x00000000     0x1034 ./Core/Src/main.o
 .debug_info    0x00001034      0xeda ./Core/Src/secure_uart.o
 .debug_info    0x00001f0e      0x251 ./Core/Src/siphash.o
 .debug_info    0x0000215f      0x50d ./Core/Src/speck.o
 .debug_info    0x0000266c      0xc05 ./Core/Src/stm32f4xx_hal_msp.o
 .debug_info    0x00003271      0x7f4 ./Core/Src/stm32f4xx_it.o
 .debug_info    0x00003a65      0x6a3 ./Core/Src/syscalls.o
 .debug_info    0x00004108      0x168 ./Core/Src/sysmem.o
 .debug_info    0x00004270      0x53e ./Core/Src/system_stm32f4xx.o
 .debug_info    0x000047ae       0x30 ./Core/Startup/startup_stm32f411retx.o
 .debug_info    0x000047de      0x8c4 ./Drivers/STM32F4xx_HAL_Driver/Src/stm32f4xx_hal.o
 .debug_info    0x000050a2      0xcfc ./Drivers/STM32F4xx_HAL_Driver/Src/stm32f4xx_hal_cortex.o
 .debug_info    0x00005d9e      0x8e6 ./Drivers/STM32F4xx_HAL_Driver/Src/stm32f4xx_hal_dma.o
 .debug_info    0x00006684      0x6f9 ./Drivers/STM32F4xx_HAL_Driver/Src/stm32f4xx_hal_gpio.o
 .debug_info    0x00006d7d      0x8f0 ./Drivers/STM32F4xx_HAL_Driver/Src/stm32f4xx_hal_rcc.o
 .debug_info    0x0000766d     0x2f56 ./Drivers/STM32F4xx_HAL_Driver/Src/stm32f4xx_hal_uart.o

.debug_abbrev   0x00000000     0x1f6d
 .debug_abbrev  0x00000000      0x311 ./Core/Src/main.o
 .debug_abbrev  0x00000311      0x30e ./Core/Src/secure_uart.o
 .debug_abbrev  0x0000061f       0xde ./Core/Src/siphash.o
 .debug_abbrev  0x000006fd      0x1a1 ./Core/Src/speck.o
 .debug_abbrev  0x0000089e      0x20c ./Core/Src/stm32f4xx_hal_msp.o
 .debug_abbrev  0x00000aaa      0x1e6 ./Core/Src/stm32f4xx_it.o
 .debug_abbrev  0x00000c90      0x1b6 ./Core/Src/syscalls.o
 .debug_abbrev  0x00000e46       0xbc ./Core/Src/sysmem.o
 .debug_abbrev  0x00000f02      0x11a ./Core/Src/system_stm32f4xx.o
 .debug_abbrev  0x0000101c       0x24 ./Core/Startup/startup_stm32f411retx.o
 .debug_abbrev  0x00001040      0x24b ./Drivers/STM32F4xx_HAL_Driver/Src/stm32f4xx_hal.o
 .debug_abbrev  0x0000128b      0x31d ./Drivers/STM32F4xx_HAL_Driver/Src/stm32f4xx_hal_cortex.o
 .debug_abbrev  0x000015a8      0x221 ./Drivers/STM32F4xx_HAL_Driver/Src/stm32f4xx_hal_dma.o
 .debug_abbrev  0x000017c9      0x1d3 ./Drivers/STM32F4xx_HAL_Driver/Src/stm32f4xx_hal_gpio.o
 .debug_abbrev  0x0000199c      0x2b6 ./Drivers/STM32F4xx_HAL_Driver/Src/stm32f4xx_hal_rcc.o
 .debug_abbrev  0x00001c52      0x31b ./Drivers/STM32F4xx_HAL_Driver/Src/stm32f4xx_hal_uart.o

.debug_aranges  0x00000000      0x8d8
 .debug_aranges
                0x00000000       0x60 ./Core/Src/main.o
 .debug_aranges
                0x00000060       0x78 ./Core/Src/secure_uart.o
 .debug_aranges
                0x000000d8       0x28 ./Core/Src/siphash.o
 .debug_aranges
                0x00000100       0x68 ./Core/Src/speck.o
 .debug_aranges
                0x00000168       0x30 ./Core/Src/stm32f4xx_hal_msp.o
 .debug_aranges
                0x00000198       0x90 ./Core/Src/stm32f4xx_it.o
 .debug_aranges
                0x00000228       0xa8 ./Core/Src/syscalls.o
 .debug_aranges
                0x000002d0       0x20 ./Core/Src/sysmem.o
 .debug_aranges
                0x000002f0       0x28 ./Core/Src/system_stm32f4xx.o
 .debug_aranges
                0x00000318       0x28 ./Core/Startup/startup_stm32f411retx.o
 .debug_aranges
                0x00000340       0xf0 ./Drivers/STM32F4xx_HAL_Driver/Src/stm32f4xx_hal.o
 .debug_aranges
                0x00000430      0x130 ./Drivers/STM32F4xx_HAL_Driver/Src/stm32f4xx_hal_cortex.o
 .debug_aranges
                0x00000560       0x90 ./Drivers/STM32F4xx_HAL_Driver/Src/stm32f4xx_hal_dma.o
 .debug_aranges
                0x000005f0       0x58 ./Drivers/STM32F4xx_HAL_Driver/Src/stm32f4xx_hal_gpio.o
 .debug_aranges
                0x00000648       0x88 ./Drivers/STM32F4xx_HAL_Driver/Src/stm32f4xx_hal_rcc.o
 .debug_aranges
                0x000006d0      0x208 ./Drivers/STM32F4xx_HAL_Driver/Src/stm32f4xx_hal_uart.o

.debug_rnglists
                0x00000000      0x6ad
 .debug_rnglists
                0x00000000       0x46 ./Core/Src/main.o
 .debug_rnglists
                0x00000046       0x5a ./Core/Src/secure_uart.o
 .debug_rnglists
                0x000000a0       0x1b ./Core/Src/siphash.o
 .debug_rnglists
                0x000000bb       0x4b ./Core/Src/speck.o
 .debug_rnglists
                0x00000106       0x21 ./Core/Src/stm32f4xx_hal_msp.o
 .debug_rnglists
                0x00000127       0x67 ./Core/Src/stm32f4xx_it.o
 .debug_rnglists
                0x0000018e       0x79 ./Core/Src/syscalls.o
 .debug_rnglists
                0x00000207       0x13 ./Core/Src/sysmem.o
 .debug_rnglists
                0x0000021a       0x1a ./Core/Src/system_stm32f4xx.o
 .debug_rnglists
                0x00000234       0x19 ./Core/Startup/startup_stm32f411retx.o
 .debug_rnglists
                0x0000024d       0xaf ./Drivers/STM32F4xx_HAL_Driver/Src/stm32f4xx_hal.o
 .debug_rnglists
                0x000002fc       0xe0 ./Drivers/STM32F4xx_HAL_Driver/Src/stm32f4xx_hal_cortex.o
 .debug_rnglists
                0x000003dc       0x70 ./Drivers/STM32F4xx_HAL_Driver/Src/stm32f4xx_hal_dma.o
 .debug_rnglists
                0x0000044c       0x3f ./Drivers/STM32F4xx_HAL_Driver/Src/stm32f4xx_hal_gpio.o
 .debug_rnglists
                0x0000048b       0x66 ./Drivers/STM32F4xx_HAL_Driver/Src/stm32f4xx_hal_rcc.o
 .debug_rnglists
                0x000004f1      0x1bc ./Drivers/STM32F4xx_HAL_Driver/Src/stm32f4xx_hal_uart.o

.debug_macro    0x00000000    0x16eac
 .debug_macro   0x00000000      0x2d9 ./Core/Src/main.o
 .debug_macro   0x000002d9      0xad8 ./Core/Src/main.o
 .debug_macro   0x00000db1      0x295 ./Core/Src/main.o
 .debug_macro   0x00001046       0x2e ./Core/Src/main.o
 .debug_macro   0x00001074       0x28 ./Core/Src/main.o
 .debug_macro   0x0000109c       0x22 ./Core/Src/main.o
 .debug_macro   0x000010be       0x8e ./Core/Src/main.o
 .debug_macro   0x0000114c       0x51 ./Core/Src/main.o
 .debug_macro   0x0000119d      0x103 ./Core/Src/main.o
 .debug_macro   0x000012a0       0x6a ./Core/Src/main.o
 .debug_macro   0x0000130a      0x1df ./Core/Src/main.o
 .debug_macro   0x000014e9       0x1c ./Core/Src/main.o
 .debug_macro   0x00001505       0x22 ./Core/Src/main.o
 .debug_macro   0x00001527       0xfb ./Core/Src/main.o
 .debug_macro   0x00001622     0x1011 ./Core/Src/main.o
 .debug_macro   0x00002633      0x11f ./Core/Src/main.o
 .debug_macro   0x00002752     0xb953 ./Core/Src/main.o
 .debug_macro   0x0000e0a5       0x6d ./Core/Src/main.o
 .debug_macro   0x0000e112     0x369a ./Core/Src/main.o
 .debug_macro   0x000117ac      0x190 ./Core/Src/main.o
 .debug_macro   0x0001193c       0x5c ./Core/Src/main.o
 .debug_macro   0x00011998      0x45c ./Core/Src/main.o
 .debug_macro   0x00011df4      0x9e9 ./Core/Src/main.o
 .debug_macro   0x000127dd      0x115 ./Core/Src/main.o
 .debug_macro   0x000128f2      0x11b ./Core/Src/main.o
 .debug_macro   0x00012a0d       0xa5 ./Core/Src/main.o
 .debug_macro   0x00012ab2      0x15f ./Core/Src/main.o
 .debug_macro   0x00012c11      0x287 ./Core/Src/main.o
 .debug_macro   0x00012e98       0x5f ./Core/Src/main.o
 .debug_macro   0x00012ef7      0x236 ./Core/Src/main.o
 .debug_macro   0x0001312d      0x132 ./Core/Src/main.o
 .debug_macro   0x0001325f      0x264 ./Core/Src/main.o
 .debug_macro   0x000134c3       0x2e ./Core/Src/main.o
 .debug_macro   0x000134f1      0x127 ./Core/Src/main.o
 .debug_macro   0x00013618       0x85 ./Core/Src/main.o
 .debug_macro   0x0001369d       0x89 ./Core/Src/main.o
 .debug_macro   0x00013726      0x2aa ./Core/Src/main.o
 .debug_macro   0x000139d0      0x126 ./Core/Src/main.o
 .debug_macro   0x00013af6       0x58 ./Core/Src/main.o
 .debug_macro   0x00013b4e       0x61 ./Core/Src/main.o
 .debug_macro   0x00013baf       0x2a ./Core/Src/main.o
 .debug_macro   0x00013bd9       0x43 ./Core/Src/main.o
 .debug_macro   0x00013c1c       0x34 ./Core/Src/main.o
 .debug_macro   0x00013c50      0x370 ./Core/Src/main.o
 .debug_macro   0x00013fc0       0x16 ./Core/Src/main.o
 .debug_macro   0x00013fd6       0x4a ./Core/Src/main.o
 .debug_macro   0x00014020       0x34 ./Core/Src/main.o
 .debug_macro   0x00014054       0x10 ./Core/Src/main.o
 .debug_macro   0x00014064       0x58 ./Core/Src/main.o
 .debug_macro   0x000140bc       0x8e ./Core/Src/main.o
 .debug_macro   0x0001414a       0x1c ./Core/Src/main.o
 .debug_macro   0x00014166      0x185 ./Core/Src/main.o
 .debug_macro   0x000142eb       0x10 ./Core/Src/main.o
 .debug_macro   0x000142fb       0x3c ./Core/Src/main.o
 .debug_macro   0x00014337       0x20 ./Core/Src/main.o
 .debug_macro   0x00014357       0x22 ./Core/Src/main.o
 .debug_macro   0x00014379       0x1c ./Core/Src/main.o
 .debug_macro   0x00014395       0x16 ./Core/Src/main.o
 .debug_macro   0x000143ab       0x4c ./Core/Src/main.o
 .debug_macro   0x000143f7      0x3f1 ./Core/Src/secure_uart.o
 .debug_macro   0x000147e8       0x1c ./Core/Src/secure_uart.o
 .debug_macro   0x00014804       0x10 ./Core/Src/secure_uart.o
 .debug_macro   0x00014814       0x1c ./Core/Src/secure_uart.o
 .debug_macro   0x00014830       0x16 ./Core/Src/secure_uart.o
 .debug_macro   0x00014846      0x146 ./Core/Src/secure_uart.o
 .debug_macro   0x0001498c       0x4c ./Core/Src/secure_uart.o
 .debug_macro   0x000149d8       0x16 ./Core/Src/secure_uart.o
 .debug_macro   0x000149ee       0x16 ./Core/Src/secure_uart.o
 .debug_macro   0x00014a04       0x29 ./Core/Src/secure_uart.o
 .debug_macro   0x00014a2d       0x16 ./Core/Src/secure_uart.o
 .debug_macro   0x00014a43       0x10 ./Core/Src/secure_uart.o
 .debug_macro   0x00014a53       0x10 ./Core/Src/secure_uart.o
 .debug_macro   0x00014a63       0x10 ./Core/Src/secure_uart.o
 .debug_macro   0x00014a73       0x1c ./Core/Src/secure_uart.o
 .debug_macro   0x00014a8f       0x52 ./Core/Src/secure_uart.o
 .debug_macro   0x00014ae1       0x22 ./Core/Src/secure_uart.o
 .debug_macro   0x00014b03       0x10 ./Core/Src/secure_uart.o
 .debug_macro   0x00014b13       0x52 ./Core/Src/secure_uart.o
 .debug_macro   0x00014b65       0xc1 ./Core/Src/secure_uart.o
 .debug_macro   0x00014c26       0x1c ./Core/Src/secure_uart.o
 .debug_macro   0x00014c42       0x3d ./Core/Src/secure_uart.o
 .debug_macro   0x00014c7f       0x35 ./Core/Src/secure_uart.o
 .debug_macro   0x00014cb4      0x161 ./Core/Src/siphash.o
 .debug_macro   0x00014e15      0x161 ./Core/Src/speck.o
 .debug_macro   0x00014f76      0x1c9 ./Core/Src/stm32f4xx_hal_msp.o
 .debug_macro   0x0001513f      0x2e3 ./Core/Src/stm32f4xx_it.o
 .debug_macro   0x00015422      0x274 ./Core/Src/syscalls.o
 .debug_macro   0x00015696       0x5b ./Core/Src/syscalls.o
 .debug_macro   0x000156f1       0x94 ./Core/Src/syscalls.o
 .debug_macro   0x00015785       0x57 ./Core/Src/syscalls.o
 .debug_macro   0x000157dc       0x10 ./Core/Src/syscalls.o
 .debug_macro   0x000157ec       0xcf ./Core/Src/syscalls.o
 .debug_macro   0x000158bb      0x12c ./Core/Src/syscalls.o
 .debug_macro   0x000159e7       0x10 ./Core/Src/syscalls.o
 .debug_macro   0x000159f7      0x242 ./Core/Src/syscalls.o
 .debug_macro   0x00015c39       0x10 ./Core/Src/syscalls.o
 .debug_macro   0x00015c49      0x18a ./Core/Src/syscalls.o
 .debug_macro   0x00015dd3       0x16 ./Core/Src/syscalls.o
 .debug_macro   0x00015de9       0xce ./Core/Src/syscalls.o
 .debug_macro   0x00015eb7      0x112 ./Core/Src/sysmem.o
 .debug_macro   0x00015fc9      0x23c ./Core/Src/sysmem.o
 .debug_macro   0x00016205      0x1ba ./Core/Src/system_stm32f4xx.o
 .debug_macro   0x000163bf      0x21a ./Drivers/STM32F4xx_HAL_Driver/Src/stm32f4xx_hal.o
 .debug_macro   0x000165d9      0x1ba ./Drivers/STM32F4xx_HAL_Driver/Src/stm32f4xx_hal_cortex.o
 .debug_macro   0x00016793      0x1c0 ./Drivers/STM32F4xx_HAL_Driver/Src/stm32f4xx_hal_dma.o
 .debug_macro   0x00016953      0x1c0 ./Drivers/STM32F4xx_HAL_Driver/Src/stm32f4xx_hal_gpio.o
 .debug_macro   0x00016b13      0x1de ./Drivers/STM32F4xx_HAL_Driver/Src/stm32f4xx_hal_rcc.o