../Core/Src/main.c:85:5:_write	24	static
../Core/Src/main.c:91:6:HAL_UART_RxCpltCallback	16	static
../Core/Src/main.c:109:5:main	24	static
../Core/Src/main.c:180:6:SystemClock_Config	88	static
../Core/Src/main.c:227:13:MX_CRC_Init	8	static
../Core/Src/main.c:253:13:MX_USART1_UART_Init	8	static
../Core/Src/main.c:286:13:MX_USART2_UART_Init	8	static
../Core/Src/main.c:319:13:MX_USART6_UART_Init	8	static
../Core/Src/main.c:352:13:MX_GPIO_Init	48	static
../Core/Src/main.c:391:6:TestSecureUart	104	static
../Core/Src/main.c:518:6:Error_Handler	4	static,ignoring_inline_asm
