../Core/Src/main.c:79:5:__io_putchar	16	static
../Core/Src/main.c:85:6:uart1_receive_callback	24	static
../Core/Src/main.c:107:6:uart6_receive_callback	24	static
../Core/Src/main.c:129:6:monitor_print	16	static
../Core/Src/main.c:138:5:main	48	static
../Core/Src/main.c:210:6:SystemClock_Config	88	static
../Core/Src/main.c:257:13:MX_USART1_UART_Init	8	static
../Core/Src/main.c:290:13:MX_USART2_UART_Init	8	static
../Core/Src/main.c:323:13:MX_USART6_UART_Init	8	static
../Core/Src/main.c:354:13:MX_DMA_Init	16	static
../Core/Src/main.c:381:13:MX_GPIO_Init	48	static
../Core/Src/main.c:420:8:HAL_UART_TxCpltCallback	16	static
../Core/Src/main.c:429:8:HAL_UART_RxCpltCallback	16	static
../Core/Src/main.c:439:6:Error_Handler	4	static,ignoring_inline_asm
