18:37:37 **** Incremental Build of configuration Debug for project cska ****
make -j8 all 
arm-none-eabi-gcc "../Core/Src/secure_uart.c" -mcpu=cortex-m4 -std=gnu11 -g3 -DDEBUG -DUSE_HAL_DRIVER -DSTM32F411xE -c -I../Core/Inc -I../Drivers/STM32F4xx_HAL_Driver/Inc -I../Drivers/STM32F4xx_HAL_Driver/Inc/Legacy -I../Drivers/CMSIS/Device/ST/STM32F4xx/Include -I../Drivers/CMSIS/Include -O0 -ffunction-sections -fdata-sections -Wall -fstack-usage -fcyclomatic-complexity -MMD -MP -MF"Core/Src/secure_uart.d" -MT"Core/Src/secure_uart.o" --specs=nano.specs -mfpu=fpv4-sp-d16 -mfloat-abi=hard -mthumb -o "Core/Src/secure_uart.o"
../Core/Src/secure_uart.c: In function 'secure_uart_process_received':
../Core/Src/secure_uart.c:46:9: warning: implicit declaration of function 'monitor_print' [-Wimplicit-function-declaration]
   46 |         monitor_print("Обработка уже идет, пропускаем");
      |         ^~~~~~~~~~~~~
../Core/Src/secure_uart.c:62:5: warning: implicit declaration of function 'sprintf' [-Wimplicit-function-declaration]
   62 |     sprintf(debug_msg, "Размер буфера DMA: %lu байт", dma_head);
      |     ^~~~~~~
../Core/Src/secure_uart.c:3:1: note: include '<stdio.h>' or provide a declaration of 'sprintf'
    2 | #include "string.h"
  +++ |+#include <stdio.h>
    3 | 
../Core/Src/secure_uart.c:62:5: warning: incompatible implicit declaration of built-in function 'sprintf' [-Wbuiltin-declaration-mismatch]
   62 |     sprintf(debug_msg, "Размер буфера DMA: %lu байт", dma_head);
      |     ^~~~~~~
../Core/Src/secure_uart.c:62:5: note: include '<stdio.h>' or provide a declaration of 'sprintf'
../Core/Src/secure_uart.c: In function 'secure_uart_calculate_cmac':
../Core/Src/secure_uart.c:287:5: warning: incompatible implicit declaration of built-in function 'sprintf' [-Wbuiltin-declaration-mismatch]
  287 |     sprintf(debug_msg, "Вычисление CMAC: счетчик=%lu, длина=%u", counter, length);
      |     ^~~~~~~
../Core/Src/secure_uart.c:287:5: note: include '<stdio.h>' or provide a declaration of 'sprintf'
../Core/Src/secure_uart.c: In function 'secure_uart_prepare_frame':
../Core/Src/secure_uart.c:322:5: warning: incompatible implicit declaration of built-in function 'sprintf' [-Wbuiltin-declaration-mismatch]
  322 |     sprintf(debug_msg, "Подготовка фрейма: длина=%u, счетчик=%lu", length, handle->tx_counter);
      |     ^~~~~~~
../Core/Src/secure_uart.c:322:5: note: include '<stdio.h>' or provide a declaration of 'sprintf'
arm-none-eabi-gcc -o "cska.elf" @"objects.list"   -mcpu=cortex-m4 -T"D:\diploma\cska\STM32F411RETX_FLASH.ld" --specs=nosys.specs -Wl,-Map="cska.map" -Wl,--gc-sections -static --specs=nano.specs -mfpu=fpv4-sp-d16 -mfloat-abi=hard -mthumb -Wl,--start-group -lc -lm -Wl,--end-group
Finished building target: cska.elf
 
arm-none-eabi-size  cska.elf 
arm-none-eabi-objdump -h -S cska.elf  > "cska.list"
   text	   data	    bss	    dec	    hex	filename
  26912	    104	   3488	  30504	   7728	cska.elf
Finished building: default.size.stdout
 
Finished building: cska.list
 

18:37:38 Build Finished. 0 errors, 5 warnings. (took 768ms)

