18:51:35 **** Incremental Build of configuration Debug for project inter ****
make -j8 all 
arm-none-eabi-gcc "../Core/Src/secure_uart.c" -mcpu=cortex-m4 -std=gnu11 -g3 -DDEBUG -DUSE_HAL_DRIVER -DSTM32F411xE -c -I../Core/Inc -I../Drivers/STM32F4xx_HAL_Driver/Inc -I../Drivers/STM32F4xx_HAL_Driver/Inc/Legacy -I../Drivers/CMSIS/Device/ST/STM32F4xx/Include -I../Drivers/CMSIS/Include -O0 -ffunction-sections -fdata-sections -Wall -fstack-usage -fcyclomatic-complexity -MMD -MP -MF"Core/Src/secure_uart.d" -MT"Core/Src/secure_uart.o" --specs=nano.specs -mfpu=fpv4-sp-d16 -mfloat-abi=hard -mthumb -o "Core/Src/secure_uart.o"
../Core/Src/secure_uart.c: In function 'SecureUart_PrintHexBuffer':
../Core/Src/secure_uart.c:411:8: error: expected expression before 'uint32_t'
  411 | static uint32_t g_sequence_counter = 0;
      |        ^~~~~~~~
../Core/Src/secure_uart.c:686:1: error: expected declaration or statement at end of input
  686 | }
      | ^
make: *** [Core/Src/subdir.mk:43: Core/Src/secure_uart.o] Error 1
"make -j8 all" terminated with exit code 2. Build might be incomplete.
18:53:28 **** Incremental Build of configuration Debug for project inter ****
make -j8 all 
arm-none-eabi-gcc "../Core/Src/secure_uart.c" -mcpu=cortex-m4 -std=gnu11 -g3 -DDEBUG -DUSE_HAL_DRIVER -DSTM32F411xE -c -I../Core/Inc -I../Drivers/STM32F4xx_HAL_Driver/Inc -I../Drivers/STM32F4xx_HAL_Driver/Inc/Legacy -I../Drivers/CMSIS/Device/ST/STM32F4xx/Include -I../Drivers/CMSIS/Include -O0 -ffunction-sections -fdata-sections -Wall -fstack-usage -fcyclomatic-complexity -MMD -MP -MF"Core/Src/secure_uart.d" -MT"Core/Src/secure_uart.o" --specs=nano.specs -mfpu=fpv4-sp-d16 -mfloat-abi=hard -mthumb -o "Core/Src/secure_uart.o"
arm-none-eabi-gcc -o "inter.elf" @"objects.list"   -mcpu=cortex-m4 -T"D:\diploma\inter\STM32F411RETX_FLASH.ld" --specs=nosys.specs -Wl,-Map="inter.map" -Wl,--gc-sections -static --specs=nano.specs -mfpu=fpv4-sp-d16 -mfloat-abi=hard -mthumb -Wl,--start-group -lc -lm -Wl,--end-group
C:/ST/STM32CubeIDE_1.18.0/STM32CubeIDE/plugins/com.st.stm32cube.ide.mcu.externaltools.gnu-tools-for-stm32.13.3.rel1.win32_1.0.0.202411081344/tools/bin/../lib/gcc/arm-none-eabi/13.3.1/../../../../arm-none-eabi/bin/ld.exe: ./Drivers/STM32F4xx_HAL_Driver/Src/stm32f4xx_hal_uart.o: in function `HAL_UART_IRQHandler':
D:/diploma/inter/Debug/../Drivers/STM32F4xx_HAL_Driver/Src/stm32f4xx_hal_uart.c:2351: multiple definition of `HAL_UART_IRQHandler'; ./Core/Src/main.o:D:/diploma/inter/Debug/../Core/Src/main.c:78: first defined here
collect2.exe: error: ld returned 1 exit status
make: *** [makefile:64: inter.elf] Error 1
"make -j8 all" terminated with exit code 2. Build might be incomplete.
18:53:57 **** Incremental Build of configuration Debug for project inter ****
make -j8 all 
arm-none-eabi-gcc "../Core/Src/main.c" -mcpu=cortex-m4 -std=gnu11 -g3 -DDEBUG -DUSE_HAL_DRIVER -DSTM32F411xE -c -I../Core/Inc -I../Drivers/STM32F4xx_HAL_Driver/Inc -I../Drivers/STM32F4xx_HAL_Driver/Inc/Legacy -I../Drivers/CMSIS/Device/ST/STM32F4xx/Include -I../Drivers/CMSIS/Include -O0 -ffunction-sections -fdata-sections -Wall -fstack-usage -fcyclomatic-complexity -MMD -MP -MF"Core/Src/main.d" -MT"Core/Src/main.o" --specs=nano.specs -mfpu=fpv4-sp-d16 -mfloat-abi=hard -mthumb -o "Core/Src/main.o"
arm-none-eabi-gcc -o "inter.elf" @"objects.list"   -mcpu=cortex-m4 -T"D:\diploma\inter\STM32F411RETX_FLASH.ld" --specs=nosys.specs -Wl,-Map="inter.map" -Wl,--gc-sections -static --specs=nano.specs -mfpu=fpv4-sp-d16 -mfloat-abi=hard -mthumb -Wl,--start-group -lc -lm -Wl,--end-group
Finished building target: inter.elf
 
arm-none-eabi-size  inter.elf 
arm-none-eabi-objdump -h -S inter.elf  > "inter.list"
   text	   data	    bss	    dec	    hex	filename
  27976	    252	   3100	  31328	   7a60	inter.elf
Finished building: default.size.stdout
 
Finished building: inter.list
 
18:54:00 **** Incremental Build of configuration Debug for project inter ****
make -j8 all 
arm-none-eabi-size  inter.elf 
   text	   data	    bss	    dec	    hex	filename
  27976	    252	   3100	  31328	   7a60	inter.elf
Finished building: default.size.stdout
 
19:00:40 **** Incremental Build of configuration Debug for project inter ****
make -j8 all 
arm-none-eabi-gcc "../Core/Src/secure_uart.c" -mcpu=cortex-m4 -std=gnu11 -g3 -DDEBUG -DUSE_HAL_DRIVER -DSTM32F411xE -c -I../Core/Inc -I../Drivers/STM32F4xx_HAL_Driver/Inc -I../Drivers/STM32F4xx_HAL_Driver/Inc/Legacy -I../Drivers/CMSIS/Device/ST/STM32F4xx/Include -I../Drivers/CMSIS/Include -O0 -ffunction-sections -fdata-sections -Wall -fstack-usage -fcyclomatic-complexity -MMD -MP -MF"Core/Src/secure_uart.d" -MT"Core/Src/secure_uart.o" --specs=nano.specs -mfpu=fpv4-sp-d16 -mfloat-abi=hard -mthumb -o "Core/Src/secure_uart.o"
arm-none-eabi-gcc -o "inter.elf" @"objects.list"   -mcpu=cortex-m4 -T"D:\diploma\inter\STM32F411RETX_FLASH.ld" --specs=nosys.specs -Wl,-Map="inter.map" -Wl,--gc-sections -static --specs=nano.specs -mfpu=fpv4-sp-d16 -mfloat-abi=hard -mthumb -Wl,--start-group -lc -lm -Wl,--end-group
Finished building target: inter.elf
 
arm-none-eabi-size  inter.elf 
arm-none-eabi-objdump -h -S inter.elf  > "inter.list"
   text	   data	    bss	    dec	    hex	filename
  28244	    252	   3100	  31596	   7b6c	inter.elf
Finished building: default.size.stdout
 
Finished building: inter.list
 
19:00:42 **** Incremental Build of configuration Debug for project inter ****
make -j8 all 
arm-none-eabi-size  inter.elf 
   text	   data	    bss	    dec	    hex	filename
  28244	    252	   3100	  31596	   7b6c	inter.elf
Finished building: default.size.stdout
 
19:03:29 **** Incremental Build of configuration Debug for project inter ****
make -j8 all 
arm-none-eabi-gcc "../Core/Src/secure_uart.c" -mcpu=cortex-m4 -std=gnu11 -g3 -DDEBUG -DUSE_HAL_DRIVER -DSTM32F411xE -c -I../Core/Inc -I../Drivers/STM32F4xx_HAL_Driver/Inc -I../Drivers/STM32F4xx_HAL_Driver/Inc/Legacy -I../Drivers/CMSIS/Device/ST/STM32F4xx/Include -I../Drivers/CMSIS/Include -O0 -ffunction-sections -fdata-sections -Wall -fstack-usage -fcyclomatic-complexity -MMD -MP -MF"Core/Src/secure_uart.d" -MT"Core/Src/secure_uart.o" --specs=nano.specs -mfpu=fpv4-sp-d16 -mfloat-abi=hard -mthumb -o "Core/Src/secure_uart.o"
arm-none-eabi-gcc -o "inter.elf" @"objects.list"   -mcpu=cortex-m4 -T"D:\diploma\inter\STM32F411RETX_FLASH.ld" --specs=nosys.specs -Wl,-Map="inter.map" -Wl,--gc-sections -static --specs=nano.specs -mfpu=fpv4-sp-d16 -mfloat-abi=hard -mthumb -Wl,--start-group -lc -lm -Wl,--end-group
Finished building target: inter.elf
 
arm-none-eabi-size  inter.elf 
arm-none-eabi-objdump -h -S inter.elf  > "inter.list"
   text	   data	    bss	    dec	    hex	filename
  28112	    252	   3100	  31464	   7ae8	inter.elf
Finished building: default.size.stdout
 
Finished building: inter.list
 
19:03:32 **** Incremental Build of configuration Debug for project inter ****
make -j8 all 
arm-none-eabi-size  inter.elf 
   text	   data	    bss	    dec	    hex	filename
  28112	    252	   3100	  31464	   7ae8	inter.elf
Finished building: default.size.stdout
 
19:05:14 **** Incremental Build of configuration Debug for project inter ****
make -j8 all 
arm-none-eabi-gcc "../Core/Src/speck.c" -mcpu=cortex-m4 -std=gnu11 -g3 -DDEBUG -DUSE_HAL_DRIVER -DSTM32F411xE -c -I../Core/Inc -I../Drivers/STM32F4xx_HAL_Driver/Inc -I../Drivers/STM32F4xx_HAL_Driver/Inc/Legacy -I../Drivers/CMSIS/Device/ST/STM32F4xx/Include -I../Drivers/CMSIS/Include -O0 -ffunction-sections -fdata-sections -Wall -fstack-usage -fcyclomatic-complexity -MMD -MP -MF"Core/Src/speck.d" -MT"Core/Src/speck.o" --specs=nano.specs -mfpu=fpv4-sp-d16 -mfloat-abi=hard -mthumb -o "Core/Src/speck.o"
../Core/Src/speck.c: In function 'Speck_CBC_Decrypt':
../Core/Src/speck.c:208:9: warning: implicit declaration of function 'printf' [-Wimplicit-function-declaration]
  208 |         printf("Расшифрованные данные до удаления паддинга: ");
      |         ^~~~~~
../Core/Src/speck.c:8:1: note: include '<stdio.h>' or provide a declaration of 'printf'
    7 | #include <string.h>
  +++ |+#include <stdio.h>
    8 | 
../Core/Src/speck.c:208:9: warning: incompatible implicit declaration of built-in function 'printf' [-Wbuiltin-declaration-mismatch]
  208 |         printf("Расшифрованные данные до удаления паддинга: ");
      |         ^~~~~~
../Core/Src/speck.c:208:9: note: include '<stdio.h>' or provide a declaration of 'printf'
arm-none-eabi-gcc -o "inter.elf" @"objects.list"   -mcpu=cortex-m4 -T"D:\diploma\inter\STM32F411RETX_FLASH.ld" --specs=nosys.specs -Wl,-Map="inter.map" -Wl,--gc-sections -static --specs=nano.specs -mfpu=fpv4-sp-d16 -mfloat-abi=hard -mthumb -Wl,--start-group -lc -lm -Wl,--end-group
Finished building target: inter.elf
 
arm-none-eabi-size  inter.elf 
arm-none-eabi-objdump -h -S inter.elf  > "inter.list"
   text	   data	    bss	    dec	    hex	filename
  28420	    252	   3100	  31772	   7c1c	inter.elf
Finished building: default.size.stdout
 
Finished building: inter.list
 
19:05:20 **** Incremental Build of configuration Debug for project inter ****
make -j8 all 
arm-none-eabi-size  inter.elf 
   text	   data	    bss	    dec	    hex	filename
  28420	    252	   3100	  31772	   7c1c	inter.elf
Finished building: default.size.stdout
 
19:07:11 **** Incremental Build of configuration Debug for project inter ****
make -j8 all 
arm-none-eabi-gcc "../Core/Src/speck.c" -mcpu=cortex-m4 -std=gnu11 -g3 -DDEBUG -DUSE_HAL_DRIVER -DSTM32F411xE -c -I../Core/Inc -I../Drivers/STM32F4xx_HAL_Driver/Inc -I../Drivers/STM32F4xx_HAL_Driver/Inc/Legacy -I../Drivers/CMSIS/Device/ST/STM32F4xx/Include -I../Drivers/CMSIS/Include -O0 -ffunction-sections -fdata-sections -Wall -fstack-usage -fcyclomatic-complexity -MMD -MP -MF"Core/Src/speck.d" -MT"Core/Src/speck.o" --specs=nano.specs -mfpu=fpv4-sp-d16 -mfloat-abi=hard -mthumb -o "Core/Src/speck.o"
../Core/Src/speck.c: In function 'Speck_CBC_Decrypt':
../Core/Src/speck.c:208:9: warning: implicit declaration of function 'printf' [-Wimplicit-function-declaration]
  208 |         printf("Расшифрованные данные до удаления паддинга: ");
      |         ^~~~~~
../Core/Src/speck.c:8:1: note: include '<stdio.h>' or provide a declaration of 'printf'
    7 | #include <string.h>
  +++ |+#include <stdio.h>
    8 | 
../Core/Src/speck.c:208:9: warning: incompatible implicit declaration of built-in function 'printf' [-Wbuiltin-declaration-mismatch]
  208 |         printf("Расшифрованные данные до удаления паддинга: ");
      |         ^~~~~~
../Core/Src/speck.c:208:9: note: include '<stdio.h>' or provide a declaration of 'printf'
arm-none-eabi-gcc -o "inter.elf" @"objects.list"   -mcpu=cortex-m4 -T"D:\diploma\inter\STM32F411RETX_FLASH.ld" --specs=nosys.specs -Wl,-Map="inter.map" -Wl,--gc-sections -static --specs=nano.specs -mfpu=fpv4-sp-d16 -mfloat-abi=hard -mthumb -Wl,--start-group -lc -lm -Wl,--end-group
Finished building target: inter.elf
 
arm-none-eabi-size  inter.elf 
arm-none-eabi-objdump -h -S inter.elf  > "inter.list"
   text	   data	    bss	    dec	    hex	filename
  28420	    252	   3100	  31772	   7c1c	inter.elf
Finished building: default.size.stdout
 
Finished building: inter.list
 
19:09:24 **** Incremental Build of configuration Debug for project inter ****
make -j8 all 
arm-none-eabi-gcc "../Core/Src/speck.c" -mcpu=cortex-m4 -std=gnu11 -g3 -DDEBUG -DUSE_HAL_DRIVER -DSTM32F411xE -c -I../Core/Inc -I../Drivers/STM32F4xx_HAL_Driver/Inc -I../Drivers/STM32F4xx_HAL_Driver/Inc/Legacy -I../Drivers/CMSIS/Device/ST/STM32F4xx/Include -I../Drivers/CMSIS/Include -O0 -ffunction-sections -fdata-sections -Wall -fstack-usage -fcyclomatic-complexity -MMD -MP -MF"Core/Src/speck.d" -MT"Core/Src/speck.o" --specs=nano.specs -mfpu=fpv4-sp-d16 -mfloat-abi=hard -mthumb -o "Core/Src/speck.o"
../Core/Src/speck.c: In function 'Speck_CBC_Decrypt':
../Core/Src/speck.c:216:5: warning: implicit declaration of function 'printf' [-Wimplicit-function-declaration]
  216 |     printf("Расшифрованные данные до удаления паддинга: ");
      |     ^~~~~~
../Core/Src/speck.c:8:1: note: include '<stdio.h>' or provide a declaration of 'printf'
    7 | #include <string.h>
  +++ |+#include <stdio.h>
    8 | 
../Core/Src/speck.c:216:5: warning: incompatible implicit declaration of built-in function 'printf' [-Wbuiltin-declaration-mismatch]
  216 |     printf("Расшифрованные данные до удаления паддинга: ");
      |     ^~~~~~
../Core/Src/speck.c:216:5: note: include '<stdio.h>' or provide a declaration of 'printf'
arm-none-eabi-gcc -o "inter.elf" @"objects.list"   -mcpu=cortex-m4 -T"D:\diploma\inter\STM32F411RETX_FLASH.ld" --specs=nosys.specs -Wl,-Map="inter.map" -Wl,--gc-sections -static --specs=nano.specs -mfpu=fpv4-sp-d16 -mfloat-abi=hard -mthumb -Wl,--start-group -lc -lm -Wl,--end-group
Finished building target: inter.elf
 
arm-none-eabi-size  inter.elf 
arm-none-eabi-objdump -h -S inter.elf  > "inter.list"
   text	   data	    bss	    dec	    hex	filename
  28420	    252	   3100	  31772	   7c1c	inter.elf
Finished building: default.size.stdout
 
Finished building: inter.list
 
19:11:57 **** Incremental Build of configuration Debug for project inter ****
make -j8 all 
arm-none-eabi-gcc "../Core/Src/speck.c" -mcpu=cortex-m4 -std=gnu11 -g3 -DDEBUG -DUSE_HAL_DRIVER -DSTM32F411xE -c -I../Core/Inc -I../Drivers/STM32F4xx_HAL_Driver/Inc -I../Drivers/STM32F4xx_HAL_Driver/Inc/Legacy -I../Drivers/CMSIS/Device/ST/STM32F4xx/Include -I../Drivers/CMSIS/Include -O0 -ffunction-sections -fdata-sections -Wall -fstack-usage -fcyclomatic-complexity -MMD -MP -MF"Core/Src/speck.d" -MT"Core/Src/speck.o" --specs=nano.specs -mfpu=fpv4-sp-d16 -mfloat-abi=hard -mthumb -o "Core/Src/speck.o"
../Core/Src/speck.c: In function 'Speck_CBC_Decrypt':
../Core/Src/speck.c:216:5: warning: implicit declaration of function 'HAL_UART_Transmit' [-Wimplicit-function-declaration]
  216 |     HAL_UART_Transmit(&huart2, (uint8_t*)"Расшифрованные данные до удаления паддинга:\r\n", 47, 100);
      |     ^~~~~~~~~~~~~~~~~
../Core/Src/speck.c:216:24: error: 'huart2' undeclared (first use in this function)
  216 |     HAL_UART_Transmit(&huart2, (uint8_t*)"Расшифрованные данные до удаления паддинга:\r\n", 47, 100);
      |                        ^~~~~~
../Core/Src/speck.c:216:24: note: each undeclared identifier is reported only once for each function it appears in
../Core/Src/speck.c:220:16: warning: implicit declaration of function 'sprintf' [-Wimplicit-function-declaration]
  220 |         pos += sprintf(hex_buffer + pos, "  ");
      |                ^~~~~~~
../Core/Src/speck.c:8:1: note: include '<stdio.h>' or provide a declaration of 'sprintf'
    7 | #include <string.h>
  +++ |+#include <stdio.h>
    8 | 
../Core/Src/speck.c:220:16: warning: incompatible implicit declaration of built-in function 'sprintf' [-Wbuiltin-declaration-mismatch]
  220 |         pos += sprintf(hex_buffer + pos, "  ");
      |                ^~~~~~~
../Core/Src/speck.c:220:16: note: include '<stdio.h>' or provide a declaration of 'sprintf'
make: *** [Core/Src/subdir.mk:43: Core/Src/speck.o] Error 1
"make -j8 all" terminated with exit code 2. Build might be incomplete.
19:12:11 **** Incremental Build of configuration Debug for project inter ****
make -j8 all 
arm-none-eabi-gcc "../Core/Src/speck.c" -mcpu=cortex-m4 -std=gnu11 -g3 -DDEBUG -DUSE_HAL_DRIVER -DSTM32F411xE -c -I../Core/Inc -I../Drivers/STM32F4xx_HAL_Driver/Inc -I../Drivers/STM32F4xx_HAL_Driver/Inc/Legacy -I../Drivers/CMSIS/Device/ST/STM32F4xx/Include -I../Drivers/CMSIS/Include -O0 -ffunction-sections -fdata-sections -Wall -fstack-usage -fcyclomatic-complexity -MMD -MP -MF"Core/Src/speck.d" -MT"Core/Src/speck.o" --specs=nano.specs -mfpu=fpv4-sp-d16 -mfloat-abi=hard -mthumb -o "Core/Src/speck.o"
../Core/Src/speck.c: In function 'Speck_CBC_Decrypt':
../Core/Src/speck.c:217:24: error: 'huart2' undeclared (first use in this function)
  217 |     HAL_UART_Transmit(&huart2, (uint8_t*)"Расшифрованные данные до удаления паддинга:\r\n", 47, 100);
      |                        ^~~~~~
../Core/Src/speck.c:217:24: note: each undeclared identifier is reported only once for each function it appears in
../Core/Src/speck.c:221:16: warning: implicit declaration of function 'sprintf' [-Wimplicit-function-declaration]
  221 |         pos += sprintf(hex_buffer + pos, "  ");
      |                ^~~~~~~
../Core/Src/speck.c:9:1: note: include '<stdio.h>' or provide a declaration of 'sprintf'
    8 | #include <string.h>
  +++ |+#include <stdio.h>
    9 | 
../Core/Src/speck.c:221:16: warning: incompatible implicit declaration of built-in function 'sprintf' [-Wbuiltin-declaration-mismatch]
  221 |         pos += sprintf(hex_buffer + pos, "  ");
      |                ^~~~~~~
../Core/Src/speck.c:221:16: note: include '<stdio.h>' or provide a declaration of 'sprintf'
make: *** [Core/Src/subdir.mk:43: Core/Src/speck.o] Error 1
"make -j8 all" terminated with exit code 2. Build might be incomplete.
19:13:42 **** Incremental Build of configuration Debug for project inter ****
make -j8 all 
arm-none-eabi-gcc "../Core/Src/speck.c" -mcpu=cortex-m4 -std=gnu11 -g3 -DDEBUG -DUSE_HAL_DRIVER -DSTM32F411xE -c -I../Core/Inc -I../Drivers/STM32F4xx_HAL_Driver/Inc -I../Drivers/STM32F4xx_HAL_Driver/Inc/Legacy -I../Drivers/CMSIS/Device/ST/STM32F4xx/Include -I../Drivers/CMSIS/Include -O0 -ffunction-sections -fdata-sections -Wall -fstack-usage -fcyclomatic-complexity -MMD -MP -MF"Core/Src/speck.d" -MT"Core/Src/speck.o" --specs=nano.specs -mfpu=fpv4-sp-d16 -mfloat-abi=hard -mthumb -o "Core/Src/speck.o"
../Core/Src/speck.c: In function 'Speck_CBC_Decrypt':
../Core/Src/speck.c:194:12: error: unknown type name 'UART_HandleTypeDef'
  194 |     extern UART_HandleTypeDef huart2; // Убедитесь, что эта переменная доступна
      |            ^~~~~~~~~~~~~~~~~~
../Core/Src/speck.c:196:5: warning: implicit declaration of function 'sprintf' [-Wimplicit-function-declaration]
  196 |     sprintf(debug_buffer, "Speck_CBC_Decrypt вызван: длина=%zu, IV=%02X%02X%02X%02X...\r\n",
      |     ^~~~~~~
../Core/Src/speck.c:8:1: note: include '<stdio.h>' or provide a declaration of 'sprintf'
    7 | #include <string.h>
  +++ |+#include <stdio.h>
    8 | 
../Core/Src/speck.c:196:5: warning: incompatible implicit declaration of built-in function 'sprintf' [-Wbuiltin-declaration-mismatch]
  196 |     sprintf(debug_buffer, "Speck_CBC_Decrypt вызван: длина=%zu, IV=%02X%02X%02X%02X...\r\n",
      |     ^~~~~~~
../Core/Src/speck.c:196:5: note: include '<stdio.h>' or provide a declaration of 'sprintf'
../Core/Src/speck.c:198:5: warning: implicit declaration of function 'HAL_UART_Transmit' [-Wimplicit-function-declaration]
  198 |     HAL_UART_Transmit(&huart2, (uint8_t*)debug_buffer, strlen(debug_buffer), 100);
      |     ^~~~~~~~~~~~~~~~~
make: *** [Core/Src/subdir.mk:43: Core/Src/speck.o] Error 1
"make -j8 all" terminated with exit code 2. Build might be incomplete.
19:14:43 **** Incremental Build of configuration Debug for project inter ****
make -j8 all 
arm-none-eabi-gcc "../Core/Src/speck.c" -mcpu=cortex-m4 -std=gnu11 -g3 -DDEBUG -DUSE_HAL_DRIVER -DSTM32F411xE -c -I../Core/Inc -I../Drivers/STM32F4xx_HAL_Driver/Inc -I../Drivers/STM32F4xx_HAL_Driver/Inc/Legacy -I../Drivers/CMSIS/Device/ST/STM32F4xx/Include -I../Drivers/CMSIS/Include -O0 -ffunction-sections -fdata-sections -Wall -fstack-usage -fcyclomatic-complexity -MMD -MP -MF"Core/Src/speck.d" -MT"Core/Src/speck.o" --specs=nano.specs -mfpu=fpv4-sp-d16 -mfloat-abi=hard -mthumb -o "Core/Src/speck.o"
arm-none-eabi-gcc -o "inter.elf" @"objects.list"   -mcpu=cortex-m4 -T"D:\diploma\inter\STM32F411RETX_FLASH.ld" --specs=nosys.specs -Wl,-Map="inter.map" -Wl,--gc-sections -static --specs=nano.specs -mfpu=fpv4-sp-d16 -mfloat-abi=hard -mthumb -Wl,--start-group -lc -lm -Wl,--end-group
Finished building target: inter.elf
 
arm-none-eabi-size  inter.elf 
arm-none-eabi-objdump -h -S inter.elf  > "inter.list"
   text	   data	    bss	    dec	    hex	filename
  28112	    252	   3100	  31464	   7ae8	inter.elf
Finished building: default.size.stdout
 
Finished building: inter.list
 
19:15:44 **** Incremental Build of configuration Debug for project inter ****
make -j8 all 
arm-none-eabi-gcc "../Core/Src/main.c" -mcpu=cortex-m4 -std=gnu11 -g3 -DDEBUG -DUSE_HAL_DRIVER -DSTM32F411xE -c -I../Core/Inc -I../Drivers/STM32F4xx_HAL_Driver/Inc -I../Drivers/STM32F4xx_HAL_Driver/Inc/Legacy -I../Drivers/CMSIS/Device/ST/STM32F4xx/Include -I../Drivers/CMSIS/Include -O0 -ffunction-sections -fdata-sections -Wall -fstack-usage -fcyclomatic-complexity -MMD -MP -MF"Core/Src/main.d" -MT"Core/Src/main.o" --specs=nano.specs -mfpu=fpv4-sp-d16 -mfloat-abi=hard -mthumb -o "Core/Src/main.o"
arm-none-eabi-gcc -o "inter.elf" @"objects.list"   -mcpu=cortex-m4 -T"D:\diploma\inter\STM32F411RETX_FLASH.ld" --specs=nosys.specs -Wl,-Map="inter.map" -Wl,--gc-sections -static --specs=nano.specs -mfpu=fpv4-sp-d16 -mfloat-abi=hard -mthumb -Wl,--start-group -lc -lm -Wl,--end-group
Finished building target: inter.elf
 
arm-none-eabi-size  inter.elf 
arm-none-eabi-objdump -h -S inter.elf  > "inter.list"
   text	   data	    bss	    dec	    hex	filename
  28360	    296	   3168	  31824	   7c50	inter.elf
Finished building: default.size.stdout
 
Finished building: inter.list
 
19:15:46 **** Incremental Build of configuration Debug for project inter ****
make -j8 all 
arm-none-eabi-size  inter.elf 
   text	   data	    bss	    dec	    hex	filename
  28360	    296	   3168	  31824	   7c50	inter.elf
Finished building: default.size.stdout
 
19:16:44 **** Incremental Build of configuration Debug for project inter ****
make -j8 all 
arm-none-eabi-gcc "../Core/Src/speck.c" -mcpu=cortex-m4 -std=gnu11 -g3 -DDEBUG -DUSE_HAL_DRIVER -DSTM32F411xE -c -I../Core/Inc -I../Drivers/STM32F4xx_HAL_Driver/Inc -I../Drivers/STM32F4xx_HAL_Driver/Inc/Legacy -I../Drivers/CMSIS/Device/ST/STM32F4xx/Include -I../Drivers/CMSIS/Include -O0 -ffunction-sections -fdata-sections -Wall -fstack-usage -fcyclomatic-complexity -MMD -MP -MF"Core/Src/speck.d" -MT"Core/Src/speck.o" --specs=nano.specs -mfpu=fpv4-sp-d16 -mfloat-abi=hard -mthumb -o "Core/Src/speck.o"
arm-none-eabi-gcc -o "inter.elf" @"objects.list"   -mcpu=cortex-m4 -T"D:\diploma\inter\STM32F411RETX_FLASH.ld" --specs=nosys.specs -Wl,-Map="inter.map" -Wl,--gc-sections -static --specs=nano.specs -mfpu=fpv4-sp-d16 -mfloat-abi=hard -mthumb -Wl,--start-group -lc -lm -Wl,--end-group
Finished building target: inter.elf
 
arm-none-eabi-size  inter.elf 
arm-none-eabi-objdump -h -S inter.elf  > "inter.list"
   text	   data	    bss	    dec	    hex	filename
  28356	    296	   3168	  31820	   7c4c	inter.elf
Finished building: default.size.stdout
 
Finished building: inter.list
 
19:19:00 **** Incremental Build of configuration Debug for project inter ****
make -j8 all 
arm-none-eabi-gcc "../Core/Src/speck.c" -mcpu=cortex-m4 -std=gnu11 -g3 -DDEBUG -DUSE_HAL_DRIVER -DSTM32F411xE -c -I../Core/Inc -I../Drivers/STM32F4xx_HAL_Driver/Inc -I../Drivers/STM32F4xx_HAL_Driver/Inc/Legacy -I../Drivers/CMSIS/Device/ST/STM32F4xx/Include -I../Drivers/CMSIS/Include -O0 -ffunction-sections -fdata-sections -Wall -fstack-usage -fcyclomatic-complexity -MMD -MP -MF"Core/Src/speck.d" -MT"Core/Src/speck.o" --specs=nano.specs -mfpu=fpv4-sp-d16 -mfloat-abi=hard -mthumb -o "Core/Src/speck.o"
arm-none-eabi-gcc -o "inter.elf" @"objects.list"   -mcpu=cortex-m4 -T"D:\diploma\inter\STM32F411RETX_FLASH.ld" --specs=nosys.specs -Wl,-Map="inter.map" -Wl,--gc-sections -static --specs=nano.specs -mfpu=fpv4-sp-d16 -mfloat-abi=hard -mthumb -Wl,--start-group -lc -lm -Wl,--end-group
Finished building target: inter.elf
 
arm-none-eabi-size  inter.elf 
arm-none-eabi-objdump -h -S inter.elf  > "inter.list"
   text	   data	    bss	    dec	    hex	filename
  28356	    296	   3168	  31820	   7c4c	inter.elf
Finished building: default.size.stdout
 
Finished building: inter.list
 
19:21:39 **** Incremental Build of configuration Debug for project inter ****
make -j8 all 
arm-none-eabi-gcc "../Core/Src/speck.c" -mcpu=cortex-m4 -std=gnu11 -g3 -DDEBUG -DUSE_HAL_DRIVER -DSTM32F411xE -c -I../Core/Inc -I../Drivers/STM32F4xx_HAL_Driver/Inc -I../Drivers/STM32F4xx_HAL_Driver/Inc/Legacy -I../Drivers/CMSIS/Device/ST/STM32F4xx/Include -I../Drivers/CMSIS/Include -O0 -ffunction-sections -fdata-sections -Wall -fstack-usage -fcyclomatic-complexity -MMD -MP -MF"Core/Src/speck.d" -MT"Core/Src/speck.o" --specs=nano.specs -mfpu=fpv4-sp-d16 -mfloat-abi=hard -mthumb -o "Core/Src/speck.o"
arm-none-eabi-gcc -o "inter.elf" @"objects.list"   -mcpu=cortex-m4 -T"D:\diploma\inter\STM32F411RETX_FLASH.ld" --specs=nosys.specs -Wl,-Map="inter.map" -Wl,--gc-sections -static --specs=nano.specs -mfpu=fpv4-sp-d16 -mfloat-abi=hard -mthumb -Wl,--start-group -lc -lm -Wl,--end-group
C:/ST/STM32CubeIDE_1.18.0/STM32CubeIDE/plugins/com.st.stm32cube.ide.mcu.externaltools.gnu-tools-for-stm32.13.3.rel1.win32_1.0.0.202411081344/tools/bin/../lib/gcc/arm-none-eabi/13.3.1/../../../../arm-none-eabi/bin/ld.exe: ./Core/Src/main.o: in function `main':
D:/diploma/inter/Debug/../Core/Src/main.c:155:(.text.main+0xb4): undefined reference to `Speck_CBC_Encrypt'
C:/ST/STM32CubeIDE_1.18.0/STM32CubeIDE/plugins/com.st.stm32cube.ide.mcu.externaltools.gnu-tools-for-stm32.13.3.rel1.win32_1.0.0.202411081344/tools/bin/../lib/gcc/arm-none-eabi/13.3.1/../../../../arm-none-eabi/bin/ld.exe: D:/diploma/inter/Debug/../Core/Src/main.c:158:(.text.main+0xc6): undefined reference to `Speck_CBC_Decrypt'
C:/ST/STM32CubeIDE_1.18.0/STM32CubeIDE/plugins/com.st.stm32cube.ide.mcu.externaltools.gnu-tools-for-stm32.13.3.rel1.win32_1.0.0.202411081344/tools/bin/../lib/gcc/arm-none-eabi/13.3.1/../../../../arm-none-eabi/bin/ld.exe: ./Core/Src/secure_uart.o: in function `SecureUart_Send':
D:/diploma/inter/Debug/../Core/Src/secure_uart.c:164:(.text.SecureUart_Send+0x16c): undefined reference to `Speck_CBC_Encrypt'
C:/ST/STM32CubeIDE_1.18.0/STM32CubeIDE/plugins/com.st.stm32cube.ide.mcu.externaltools.gnu-tools-for-stm32.13.3.rel1.win32_1.0.0.202411081344/tools/bin/../lib/gcc/arm-none-eabi/13.3.1/../../../../arm-none-eabi/bin/ld.exe: ./Core/Src/secure_uart.o: in function `SecureUart_ProcessReceivedData':
D:/diploma/inter/Debug/../Core/Src/secure_uart.c:312:(.text.SecureUart_ProcessReceivedData+0x1f8): undefined reference to `Speck_CBC_Decrypt'
collect2.exe: error: ld returned 1 exit status
make: *** [makefile:64: inter.elf] Error 1
"make -j8 all" terminated with exit code 2. Build might be incomplete.
19:22:25 **** Incremental Build of configuration Debug for project inter ****
make -j8 all 
arm-none-eabi-gcc "../Core/Src/main.c" -mcpu=cortex-m4 -std=gnu11 -g3 -DDEBUG -DUSE_HAL_DRIVER -DSTM32F411xE -c -I../Core/Inc -I../Drivers/STM32F4xx_HAL_Driver/Inc -I../Drivers/STM32F4xx_HAL_Driver/Inc/Legacy -I../Drivers/CMSIS/Device/ST/STM32F4xx/Include -I../Drivers/CMSIS/Include -O0 -ffunction-sections -fdata-sections -Wall -fstack-usage -fcyclomatic-complexity -MMD -MP -MF"Core/Src/main.d" -MT"Core/Src/main.o" --specs=nano.specs -mfpu=fpv4-sp-d16 -mfloat-abi=hard -mthumb -o "Core/Src/main.o"
arm-none-eabi-gcc -o "inter.elf" @"objects.list"   -mcpu=cortex-m4 -T"D:\diploma\inter\STM32F411RETX_FLASH.ld" --specs=nosys.specs -Wl,-Map="inter.map" -Wl,--gc-sections -static --specs=nano.specs -mfpu=fpv4-sp-d16 -mfloat-abi=hard -mthumb -Wl,--start-group -lc -lm -Wl,--end-group
C:/ST/STM32CubeIDE_1.18.0/STM32CubeIDE/plugins/com.st.stm32cube.ide.mcu.externaltools.gnu-tools-for-stm32.13.3.rel1.win32_1.0.0.202411081344/tools/bin/../lib/gcc/arm-none-eabi/13.3.1/../../../../arm-none-eabi/bin/ld.exe: ./Core/Src/secure_uart.o: in function `SecureUart_Send':
D:/diploma/inter/Debug/../Core/Src/secure_uart.c:164:(.text.SecureUart_Send+0x16c): undefined reference to `Speck_CBC_Encrypt'
C:/ST/STM32CubeIDE_1.18.0/STM32CubeIDE/plugins/com.st.stm32cube.ide.mcu.externaltools.gnu-tools-for-stm32.13.3.rel1.win32_1.0.0.202411081344/tools/bin/../lib/gcc/arm-none-eabi/13.3.1/../../../../arm-none-eabi/bin/ld.exe: ./Core/Src/secure_uart.o: in function `SecureUart_ProcessReceivedData':
D:/diploma/inter/Debug/../Core/Src/secure_uart.c:312:(.text.SecureUart_ProcessReceivedData+0x1f8): undefined reference to `Speck_CBC_Decrypt'
collect2.exe: error: ld returned 1 exit status
make: *** [makefile:64: inter.elf] Error 1
"make -j8 all" terminated with exit code 2. Build might be incomplete.
19:22:33 **** Incremental Build of configuration Debug for project inter ****
make -j8 all 
arm-none-eabi-gcc -o "inter.elf" @"objects.list"   -mcpu=cortex-m4 -T"D:\diploma\inter\STM32F411RETX_FLASH.ld" --specs=nosys.specs -Wl,-Map="inter.map" -Wl,--gc-sections -static --specs=nano.specs -mfpu=fpv4-sp-d16 -mfloat-abi=hard -mthumb -Wl,--start-group -lc -lm -Wl,--end-group
C:/ST/STM32CubeIDE_1.18.0/STM32CubeIDE/plugins/com.st.stm32cube.ide.mcu.externaltools.gnu-tools-for-stm32.13.3.rel1.win32_1.0.0.202411081344/tools/bin/../lib/gcc/arm-none-eabi/13.3.1/../../../../arm-none-eabi/bin/ld.exe: ./Core/Src/secure_uart.o: in function `SecureUart_Send':
D:/diploma/inter/Debug/../Core/Src/secure_uart.c:164:(.text.SecureUart_Send+0x16c): undefined reference to `Speck_CBC_Encrypt'
C:/ST/STM32CubeIDE_1.18.0/STM32CubeIDE/plugins/com.st.stm32cube.ide.mcu.externaltools.gnu-tools-for-stm32.13.3.rel1.win32_1.0.0.202411081344/tools/bin/../lib/gcc/arm-none-eabi/13.3.1/../../../../arm-none-eabi/bin/ld.exe: ./Core/Src/secure_uart.o: in function `SecureUart_ProcessReceivedData':
D:/diploma/inter/Debug/../Core/Src/secure_uart.c:312:(.text.SecureUart_ProcessReceivedData+0x1f8): undefined reference to `Speck_CBC_Decrypt'
collect2.exe: error: ld returned 1 exit status
make: *** [makefile:64: inter.elf] Error 1
"make -j8 all" terminated with exit code 2. Build might be incomplete.
19:23:39 **** Incremental Build of configuration Debug for project inter ****
make -j8 all 
arm-none-eabi-gcc "../Core/Src/secure_uart.c" -mcpu=cortex-m4 -std=gnu11 -g3 -DDEBUG -DUSE_HAL_DRIVER -DSTM32F411xE -c -I../Core/Inc -I../Drivers/STM32F4xx_HAL_Driver/Inc -I../Drivers/STM32F4xx_HAL_Driver/Inc/Legacy -I../Drivers/CMSIS/Device/ST/STM32F4xx/Include -I../Drivers/CMSIS/Include -O0 -ffunction-sections -fdata-sections -Wall -fstack-usage -fcyclomatic-complexity -MMD -MP -MF"Core/Src/secure_uart.d" -MT"Core/Src/secure_uart.o" --specs=nano.specs -mfpu=fpv4-sp-d16 -mfloat-abi=hard -mthumb -o "Core/Src/secure_uart.o"
../Core/Src/secure_uart.c: In function 'SecureUart_Send':
../Core/Src/secure_uart.c:164:29: warning: implicit declaration of function 'Speck_Encrypt_Simple'; did you mean 'Speck_Encrypt'? [-Wimplicit-function-declaration]
  164 |         size_t enc_length = Speck_Encrypt_Simple(&ctx->speck_ctx, data, length, iv, encrypted_data + IV_SIZE);
      |                             ^~~~~~~~~~~~~~~~~~~~
      |                             Speck_Encrypt
../Core/Src/secure_uart.c: In function 'SecureUart_ProcessReceivedData':
../Core/Src/secure_uart.c:312:35: warning: implicit declaration of function 'Speck_Decrypt_Simple'; did you mean 'Speck_Decrypt'? [-Wimplicit-function-declaration]
  312 |         size_t decrypted_length = Speck_Decrypt_Simple(
      |                                   ^~~~~~~~~~~~~~~~~~~~
      |                                   Speck_Decrypt
arm-none-eabi-gcc -o "inter.elf" @"objects.list"   -mcpu=cortex-m4 -T"D:\diploma\inter\STM32F411RETX_FLASH.ld" --specs=nosys.specs -Wl,-Map="inter.map" -Wl,--gc-sections -static --specs=nano.specs -mfpu=fpv4-sp-d16 -mfloat-abi=hard -mthumb -Wl,--start-group -lc -lm -Wl,--end-group
Finished building target: inter.elf
 
arm-none-eabi-size  inter.elf 
arm-none-eabi-objdump -h -S inter.elf  > "inter.list"
   text	   data	    bss	    dec	    hex	filename
  28324	    252	   3100	  31676	   7bbc	inter.elf
Finished building: default.size.stdout
 
Finished building: inter.list
 
19:28:47 **** Incremental Build of configuration Debug for project inter ****
make -j8 all 
arm-none-eabi-gcc "../Core/Src/main.c" -mcpu=cortex-m4 -std=gnu11 -g3 -DDEBUG -DUSE_HAL_DRIVER -DSTM32F411xE -c -I../Core/Inc -I../Drivers/STM32F4xx_HAL_Driver/Inc -I../Drivers/STM32F4xx_HAL_Driver/Inc/Legacy -I../Drivers/CMSIS/Device/ST/STM32F4xx/Include -I../Drivers/CMSIS/Include -O0 -ffunction-sections -fdata-sections -Wall -fstack-usage -fcyclomatic-complexity -MMD -MP -MF"Core/Src/main.d" -MT"Core/Src/main.o" --specs=nano.specs -mfpu=fpv4-sp-d16 -mfloat-abi=hard -mthumb -o "Core/Src/main.o"
arm-none-eabi-gcc "../Core/Src/secure_uart.c" -mcpu=cortex-m4 -std=gnu11 -g3 -DDEBUG -DUSE_HAL_DRIVER -DSTM32F411xE -c -I../Core/Inc -I../Drivers/STM32F4xx_HAL_Driver/Inc -I../Drivers/STM32F4xx_HAL_Driver/Inc/Legacy -I../Drivers/CMSIS/Device/ST/STM32F4xx/Include -I../Drivers/CMSIS/Include -O0 -ffunction-sections -fdata-sections -Wall -fstack-usage -fcyclomatic-complexity -MMD -MP -MF"Core/Src/secure_uart.d" -MT"Core/Src/secure_uart.o" --specs=nano.specs -mfpu=fpv4-sp-d16 -mfloat-abi=hard -mthumb -o "Core/Src/secure_uart.o"
arm-none-eabi-gcc "../Core/Src/speck.c" -mcpu=cortex-m4 -std=gnu11 -g3 -DDEBUG -DUSE_HAL_DRIVER -DSTM32F411xE -c -I../Core/Inc -I../Drivers/STM32F4xx_HAL_Driver/Inc -I../Drivers/STM32F4xx_HAL_Driver/Inc/Legacy -I../Drivers/CMSIS/Device/ST/STM32F4xx/Include -I../Drivers/CMSIS/Include -O0 -ffunction-sections -fdata-sections -Wall -fstack-usage -fcyclomatic-complexity -MMD -MP -MF"Core/Src/speck.d" -MT"Core/Src/speck.o" --specs=nano.specs -mfpu=fpv4-sp-d16 -mfloat-abi=hard -mthumb -o "Core/Src/speck.o"
arm-none-eabi-gcc "../Core/Src/stm32f4xx_it.c" -mcpu=cortex-m4 -std=gnu11 -g3 -DDEBUG -DUSE_HAL_DRIVER -DSTM32F411xE -c -I../Core/Inc -I../Drivers/STM32F4xx_HAL_Driver/Inc -I../Drivers/STM32F4xx_HAL_Driver/Inc/Legacy -I../Drivers/CMSIS/Device/ST/STM32F4xx/Include -I../Drivers/CMSIS/Include -O0 -ffunction-sections -fdata-sections -Wall -fstack-usage -fcyclomatic-complexity -MMD -MP -MF"Core/Src/stm32f4xx_it.d" -MT"Core/Src/stm32f4xx_it.o" --specs=nano.specs -mfpu=fpv4-sp-d16 -mfloat-abi=hard -mthumb -o "Core/Src/stm32f4xx_it.o"
../Core/Src/main.c: In function 'main':
../Core/Src/main.c:159:5: warning: implicit declaration of function 'Speck_Decrypt'; did you mean 'Speck_Encrypt'? [-Wimplicit-function-declaration]
  159 |     Speck_Decrypt(&test_ctx, test_cipher, test_result);
      |     ^~~~~~~~~~~~~
      |     Speck_Encrypt
arm-none-eabi-gcc -o "inter.elf" @"objects.list"   -mcpu=cortex-m4 -T"D:\diploma\inter\STM32F411RETX_FLASH.ld" --specs=nosys.specs -Wl,-Map="inter.map" -Wl,--gc-sections -static --specs=nano.specs -mfpu=fpv4-sp-d16 -mfloat-abi=hard -mthumb -Wl,--start-group -lc -lm -Wl,--end-group
Finished building target: inter.elf
 
arm-none-eabi-size  inter.elf 
arm-none-eabi-objdump -h -S inter.elf  > "inter.list"
   text	   data	    bss	    dec	    hex	filename
  28252	    252	   3100	  31604	   7b74	inter.elf
Finished building: default.size.stdout
 
Finished building: inter.list
 
19:29:06 **** Incremental Build of configuration Debug for project inter ****
make -j8 all 
arm-none-eabi-gcc "../Core/Src/main.c" -mcpu=cortex-m4 -std=gnu11 -g3 -DDEBUG -DUSE_HAL_DRIVER -DSTM32F411xE -c -I../Core/Inc -I../Drivers/STM32F4xx_HAL_Driver/Inc -I../Drivers/STM32F4xx_HAL_Driver/Inc/Legacy -I../Drivers/CMSIS/Device/ST/STM32F4xx/Include -I../Drivers/CMSIS/Include -O0 -ffunction-sections -fdata-sections -Wall -fstack-usage -fcyclomatic-complexity -MMD -MP -MF"Core/Src/main.d" -MT"Core/Src/main.o" --specs=nano.specs -mfpu=fpv4-sp-d16 -mfloat-abi=hard -mthumb -o "Core/Src/main.o"
arm-none-eabi-gcc -o "inter.elf" @"objects.list"   -mcpu=cortex-m4 -T"D:\diploma\inter\STM32F411RETX_FLASH.ld" --specs=nosys.specs -Wl,-Map="inter.map" -Wl,--gc-sections -static --specs=nano.specs -mfpu=fpv4-sp-d16 -mfloat-abi=hard -mthumb -Wl,--start-group -lc -lm -Wl,--end-group
Finished building target: inter.elf
 
arm-none-eabi-size  inter.elf 
arm-none-eabi-objdump -h -S inter.elf  > "inter.list"
   text	   data	    bss	    dec	    hex	filename
  27808	    252	   3100	  31160	   79b8	inter.elf
Finished building: default.size.stdout
 
Finished building: inter.list
 
19:30:38 **** Incremental Build of configuration Debug for project inter ****
make -j8 all 
arm-none-eabi-gcc "../Core/Src/main.c" -mcpu=cortex-m4 -std=gnu11 -g3 -DDEBUG -DUSE_HAL_DRIVER -DSTM32F411xE -c -I../Core/Inc -I../Drivers/STM32F4xx_HAL_Driver/Inc -I../Drivers/STM32F4xx_HAL_Driver/Inc/Legacy -I../Drivers/CMSIS/Device/ST/STM32F4xx/Include -I../Drivers/CMSIS/Include -O0 -ffunction-sections -fdata-sections -Wall -fstack-usage -fcyclomatic-complexity -MMD -MP -MF"Core/Src/main.d" -MT"Core/Src/main.o" --specs=nano.specs -mfpu=fpv4-sp-d16 -mfloat-abi=hard -mthumb -o "Core/Src/main.o"
../Core/Src/main.c: In function 'main':
../Core/Src/main.c:159:5: warning: implicit declaration of function 'Speck_Decrypt'; did you mean 'Speck_Encrypt'? [-Wimplicit-function-declaration]
  159 |     Speck_Decrypt(&test_ctx, test_cipher, test_result);
      |     ^~~~~~~~~~~~~
      |     Speck_Encrypt
arm-none-eabi-gcc -o "inter.elf" @"objects.list"   -mcpu=cortex-m4 -T"D:\diploma\inter\STM32F411RETX_FLASH.ld" --specs=nosys.specs -Wl,-Map="inter.map" -Wl,--gc-sections -static --specs=nano.specs -mfpu=fpv4-sp-d16 -mfloat-abi=hard -mthumb -Wl,--start-group -lc -lm -Wl,--end-group
Finished building target: inter.elf
 
arm-none-eabi-size  inter.elf 
arm-none-eabi-objdump -h -S inter.elf  > "inter.list"
   text	   data	    bss	    dec	    hex	filename
  28252	    252	   3100	  31604	   7b74	inter.elf
Finished building: default.size.stdout
 
Finished building: inter.list
 
19:31:42 **** Incremental Build of configuration Debug for project inter ****
make -j8 all 
arm-none-eabi-gcc "../Core/Src/secure_uart.c" -mcpu=cortex-m4 -std=gnu11 -g3 -DDEBUG -DUSE_HAL_DRIVER -DSTM32F411xE -c -I../Core/Inc -I../Drivers/STM32F4xx_HAL_Driver/Inc -I../Drivers/STM32F4xx_HAL_Driver/Inc/Legacy -I../Drivers/CMSIS/Device/ST/STM32F4xx/Include -I../Drivers/CMSIS/Include -O0 -ffunction-sections -fdata-sections -Wall -fstack-usage -fcyclomatic-complexity -MMD -MP -MF"Core/Src/secure_uart.d" -MT"Core/Src/secure_uart.o" --specs=nano.specs -mfpu=fpv4-sp-d16 -mfloat-abi=hard -mthumb -o "Core/Src/secure_uart.o"
../Core/Src/secure_uart.c: In function 'SecureUart_Init':
../Core/Src/secure_uart.c:26:30: error: expected ';' before numeric constant
   26 |     ctx->last_sequence_id = 4 294 967 295;
      |                              ^~~~
      |                              ;
make: *** [Core/Src/subdir.mk:43: Core/Src/secure_uart.o] Error 1
"make -j8 all" terminated with exit code 2. Build might be incomplete.
19:31:52 **** Incremental Build of configuration Debug for project inter ****
make -j8 all 
arm-none-eabi-gcc "../Core/Src/secure_uart.c" -mcpu=cortex-m4 -std=gnu11 -g3 -DDEBUG -DUSE_HAL_DRIVER -DSTM32F411xE -c -I../Core/Inc -I../Drivers/STM32F4xx_HAL_Driver/Inc -I../Drivers/STM32F4xx_HAL_Driver/Inc/Legacy -I../Drivers/CMSIS/Device/ST/STM32F4xx/Include -I../Drivers/CMSIS/Include -O0 -ffunction-sections -fdata-sections -Wall -fstack-usage -fcyclomatic-complexity -MMD -MP -MF"Core/Src/secure_uart.d" -MT"Core/Src/secure_uart.o" --specs=nano.specs -mfpu=fpv4-sp-d16 -mfloat-abi=hard -mthumb -o "Core/Src/secure_uart.o"
arm-none-eabi-gcc -o "inter.elf" @"objects.list"   -mcpu=cortex-m4 -T"D:\diploma\inter\STM32F411RETX_FLASH.ld" --specs=nosys.specs -Wl,-Map="inter.map" -Wl,--gc-sections -static --specs=nano.specs -mfpu=fpv4-sp-d16 -mfloat-abi=hard -mthumb -Wl,--start-group -lc -lm -Wl,--end-group
Finished building target: inter.elf
 
arm-none-eabi-size  inter.elf 
arm-none-eabi-objdump -h -S inter.elf  > "inter.list"
   text	   data	    bss	    dec	    hex	filename
  28252	    252	   3100	  31604	   7b74	inter.elf
Finished building: default.size.stdout
 
Finished building: inter.list
 
19:32:43 **** Incremental Build of configuration Debug for project inter ****
make -j8 all 
arm-none-eabi-gcc "../Core/Src/secure_uart.c" -mcpu=cortex-m4 -std=gnu11 -g3 -DDEBUG -DUSE_HAL_DRIVER -DSTM32F411xE -c -I../Core/Inc -I../Drivers/STM32F4xx_HAL_Driver/Inc -I../Drivers/STM32F4xx_HAL_Driver/Inc/Legacy -I../Drivers/CMSIS/Device/ST/STM32F4xx/Include -I../Drivers/CMSIS/Include -O0 -ffunction-sections -fdata-sections -Wall -fstack-usage -fcyclomatic-complexity -MMD -MP -MF"Core/Src/secure_uart.d" -MT"Core/Src/secure_uart.o" --specs=nano.specs -mfpu=fpv4-sp-d16 -mfloat-abi=hard -mthumb -o "Core/Src/secure_uart.o"
arm-none-eabi-gcc -o "inter.elf" @"objects.list"   -mcpu=cortex-m4 -T"D:\diploma\inter\STM32F411RETX_FLASH.ld" --specs=nosys.specs -Wl,-Map="inter.map" -Wl,--gc-sections -static --specs=nano.specs -mfpu=fpv4-sp-d16 -mfloat-abi=hard -mthumb -Wl,--start-group -lc -lm -Wl,--end-group
Finished building target: inter.elf
 
arm-none-eabi-size  inter.elf 
arm-none-eabi-objdump -h -S inter.elf  > "inter.list"
   text	   data	    bss	    dec	    hex	filename
  28252	    252	   3100	  31604	   7b74	inter.elf
Finished building: default.size.stdout
 
Finished building: inter.list
 
15:09:59 **** Build of configuration Debug for project cska ****
make -j8 all 
arm-none-eabi-gcc "../Drivers/STM32F4xx_HAL_Driver/Src/stm32f4xx_hal.c" -mcpu=cortex-m4 -std=gnu11 -g3 -DDEBUG -DUSE_HAL_DRIVER -DSTM32F411xE -c -I../Core/Inc -I../Drivers/STM32F4xx_HAL_Driver/Inc -I../Drivers/STM32F4xx_HAL_Driver/Inc/Legacy -I../Drivers/CMSIS/Device/ST/STM32F4xx/Include -I../Drivers/CMSIS/Include -O0 -ffunction-sections -fdata-sections -Wall -fstack-usage -fcyclomatic-complexity -MMD -MP -MF"Drivers/STM32F4xx_HAL_Driver/Src/stm32f4xx_hal.d" -MT"Drivers/STM32F4xx_HAL_Driver/Src/stm32f4xx_hal.o" --specs=nano.specs -mfpu=fpv4-sp-d16 -mfloat-abi=hard -mthumb -o "Drivers/STM32F4xx_HAL_Driver/Src/stm32f4xx_hal.o"
arm-none-eabi-gcc "../Drivers/STM32F4xx_HAL_Driver/Src/stm32f4xx_hal_cortex.c" -mcpu=cortex-m4 -std=gnu11 -g3 -DDEBUG -DUSE_HAL_DRIVER -DSTM32F411xE -c -I../Core/Inc -I../Drivers/STM32F4xx_HAL_Driver/Inc -I../Drivers/STM32F4xx_HAL_Driver/Inc/Legacy -I../Drivers/CMSIS/Device/ST/STM32F4xx/Include -I../Drivers/CMSIS/Include -O0 -ffunction-sections -fdata-sections -Wall -fstack-usage -fcyclomatic-complexity -MMD -MP -MF"Drivers/STM32F4xx_HAL_Driver/Src/stm32f4xx_hal_cortex.d" -MT"Drivers/STM32F4xx_HAL_Driver/Src/stm32f4xx_hal_cortex.o" --specs=nano.specs -mfpu=fpv4-sp-d16 -mfloat-abi=hard -mthumb -o "Drivers/STM32F4xx_HAL_Driver/Src/stm32f4xx_hal_cortex.o"
arm-none-eabi-gcc "../Drivers/STM32F4xx_HAL_Driver/Src/stm32f4xx_hal_dma.c" -mcpu=cortex-m4 -std=gnu11 -g3 -DDEBUG -DUSE_HAL_DRIVER -DSTM32F411xE -c -I../Core/Inc -I../Drivers/STM32F4xx_HAL_Driver/Inc -I../Drivers/STM32F4xx_HAL_Driver/Inc/Legacy -I../Drivers/CMSIS/Device/ST/STM32F4xx/Include -I../Drivers/CMSIS/Include -O0 -ffunction-sections -fdata-sections -Wall -fstack-usage -fcyclomatic-complexity -MMD -MP -MF"Drivers/STM32F4xx_HAL_Driver/Src/stm32f4xx_hal_dma.d" -MT"Drivers/STM32F4xx_HAL_Driver/Src/stm32f4xx_hal_dma.o" --specs=nano.specs -mfpu=fpv4-sp-d16 -mfloat-abi=hard -mthumb -o "Drivers/STM32F4xx_HAL_Driver/Src/stm32f4xx_hal_dma.o"
arm-none-eabi-gcc "../Drivers/STM32F4xx_HAL_Driver/Src/stm32f4xx_hal_dma_ex.c" -mcpu=cortex-m4 -std=gnu11 -g3 -DDEBUG -DUSE_HAL_DRIVER -DSTM32F411xE -c -I../Core/Inc -I../Drivers/STM32F4xx_HAL_Driver/Inc -I../Drivers/STM32F4xx_HAL_Driver/Inc/Legacy -I../Drivers/CMSIS/Device/ST/STM32F4xx/Include -I../Drivers/CMSIS/Include -O0 -ffunction-sections -fdata-sections -Wall -fstack-usage -fcyclomatic-complexity -MMD -MP -MF"Drivers/STM32F4xx_HAL_Driver/Src/stm32f4xx_hal_dma_ex.d" -MT"Drivers/STM32F4xx_HAL_Driver/Src/stm32f4xx_hal_dma_ex.o" --specs=nano.specs -mfpu=fpv4-sp-d16 -mfloat-abi=hard -mthumb -o "Drivers/STM32F4xx_HAL_Driver/Src/stm32f4xx_hal_dma_ex.o"
arm-none-eabi-gcc "../Drivers/STM32F4xx_HAL_Driver/Src/stm32f4xx_hal_exti.c" -mcpu=cortex-m4 -std=gnu11 -g3 -DDEBUG -DUSE_HAL_DRIVER -DSTM32F411xE -c -I../Core/Inc -I../Drivers/STM32F4xx_HAL_Driver/Inc -I../Drivers/STM32F4xx_HAL_Driver/Inc/Legacy -I../Drivers/CMSIS/Device/ST/STM32F4xx/Include -I../Drivers/CMSIS/Include -O0 -ffunction-sections -fdata-sections -Wall -fstack-usage -fcyclomatic-complexity -MMD -MP -MF"Drivers/STM32F4xx_HAL_Driver/Src/stm32f4xx_hal_exti.d" -MT"Drivers/STM32F4xx_HAL_Driver/Src/stm32f4xx_hal_exti.o" --specs=nano.specs -mfpu=fpv4-sp-d16 -mfloat-abi=hard -mthumb -o "Drivers/STM32F4xx_HAL_Driver/Src/stm32f4xx_hal_exti.o"
arm-none-eabi-gcc "../Drivers/STM32F4xx_HAL_Driver/Src/stm32f4xx_hal_flash.c" -mcpu=cortex-m4 -std=gnu11 -g3 -DDEBUG -DUSE_HAL_DRIVER -DSTM32F411xE -c -I../Core/Inc -I../Drivers/STM32F4xx_HAL_Driver/Inc -I../Drivers/STM32F4xx_HAL_Driver/Inc/Legacy -I../Drivers/CMSIS/Device/ST/STM32F4xx/Include -I../Drivers/CMSIS/Include -O0 -ffunction-sections -fdata-sections -Wall -fstack-usage -fcyclomatic-complexity -MMD -MP -MF"Drivers/STM32F4xx_HAL_Driver/Src/stm32f4xx_hal_flash.d" -MT"Drivers/STM32F4xx_HAL_Driver/Src/stm32f4xx_hal_flash.o" --specs=nano.specs -mfpu=fpv4-sp-d16 -mfloat-abi=hard -mthumb -o "Drivers/STM32F4xx_HAL_Driver/Src/stm32f4xx_hal_flash.o"
arm-none-eabi-gcc "../Drivers/STM32F4xx_HAL_Driver/Src/stm32f4xx_hal_flash_ex.c" -mcpu=cortex-m4 -std=gnu11 -g3 -DDEBUG -DUSE_HAL_DRIVER -DSTM32F411xE -c -I../Core/Inc -I../Drivers/STM32F4xx_HAL_Driver/Inc -I../Drivers/STM32F4xx_HAL_Driver/Inc/Legacy -I../Drivers/CMSIS/Device/ST/STM32F4xx/Include -I../Drivers/CMSIS/Include -O0 -ffunction-sections -fdata-sections -Wall -fstack-usage -fcyclomatic-complexity -MMD -MP -MF"Drivers/STM32F4xx_HAL_Driver/Src/stm32f4xx_hal_flash_ex.d" -MT"Drivers/STM32F4xx_HAL_Driver/Src/stm32f4xx_hal_flash_ex.o" --specs=nano.specs -mfpu=fpv4-sp-d16 -mfloat-abi=hard -mthumb -o "Drivers/STM32F4xx_HAL_Driver/Src/stm32f4xx_hal_flash_ex.o"
arm-none-eabi-gcc "../Drivers/STM32F4xx_HAL_Driver/Src/stm32f4xx_hal_flash_ramfunc.c" -mcpu=cortex-m4 -std=gnu11 -g3 -DDEBUG -DUSE_HAL_DRIVER -DSTM32F411xE -c -I../Core/Inc -I../Drivers/STM32F4xx_HAL_Driver/Inc -I../Drivers/STM32F4xx_HAL_Driver/Inc/Legacy -I../Drivers/CMSIS/Device/ST/STM32F4xx/Include -I../Drivers/CMSIS/Include -O0 -ffunction-sections -fdata-sections -Wall -fstack-usage -fcyclomatic-complexity -MMD -MP -MF"Drivers/STM32F4xx_HAL_Driver/Src/stm32f4xx_hal_flash_ramfunc.d" -MT"Drivers/STM32F4xx_HAL_Driver/Src/stm32f4xx_hal_flash_ramfunc.o" --specs=nano.specs -mfpu=fpv4-sp-d16 -mfloat-abi=hard -mthumb -o "Drivers/STM32F4xx_HAL_Driver/Src/stm32f4xx_hal_flash_ramfunc.o"
arm-none-eabi-gcc "../Drivers/STM32F4xx_HAL_Driver/Src/stm32f4xx_hal_gpio.c" -mcpu=cortex-m4 -std=gnu11 -g3 -DDEBUG -DUSE_HAL_DRIVER -DSTM32F411xE -c -I../Core/Inc -I../Drivers/STM32F4xx_HAL_Driver/Inc -I../Drivers/STM32F4xx_HAL_Driver/Inc/Legacy -I../Drivers/CMSIS/Device/ST/STM32F4xx/Include -I../Drivers/CMSIS/Include -O0 -ffunction-sections -fdata-sections -Wall -fstack-usage -fcyclomatic-complexity -MMD -MP -MF"Drivers/STM32F4xx_HAL_Driver/Src/stm32f4xx_hal_gpio.d" -MT"Drivers/STM32F4xx_HAL_Driver/Src/stm32f4xx_hal_gpio.o" --specs=nano.specs -mfpu=fpv4-sp-d16 -mfloat-abi=hard -mthumb -o "Drivers/STM32F4xx_HAL_Driver/Src/stm32f4xx_hal_gpio.o"
arm-none-eabi-gcc "../Drivers/STM32F4xx_HAL_Driver/Src/stm32f4xx_hal_pwr.c" -mcpu=cortex-m4 -std=gnu11 -g3 -DDEBUG -DUSE_HAL_DRIVER -DSTM32F411xE -c -I../Core/Inc -I../Drivers/STM32F4xx_HAL_Driver/Inc -I../Drivers/STM32F4xx_HAL_Driver/Inc/Legacy -I../Drivers/CMSIS/Device/ST/STM32F4xx/Include -I../Drivers/CMSIS/Include -O0 -ffunction-sections -fdata-sections -Wall -fstack-usage -fcyclomatic-complexity -MMD -MP -MF"Drivers/STM32F4xx_HAL_Driver/Src/stm32f4xx_hal_pwr.d" -MT"Drivers/STM32F4xx_HAL_Driver/Src/stm32f4xx_hal_pwr.o" --specs=nano.specs -mfpu=fpv4-sp-d16 -mfloat-abi=hard -mthumb -o "Drivers/STM32F4xx_HAL_Driver/Src/stm32f4xx_hal_pwr.o"
arm-none-eabi-gcc "../Drivers/STM32F4xx_HAL_Driver/Src/stm32f4xx_hal_pwr_ex.c" -mcpu=cortex-m4 -std=gnu11 -g3 -DDEBUG -DUSE_HAL_DRIVER -DSTM32F411xE -c -I../Core/Inc -I../Drivers/STM32F4xx_HAL_Driver/Inc -I../Drivers/STM32F4xx_HAL_Driver/Inc/Legacy -I../Drivers/CMSIS/Device/ST/STM32F4xx/Include -I../Drivers/CMSIS/Include -O0 -ffunction-sections -fdata-sections -Wall -fstack-usage -fcyclomatic-complexity -MMD -MP -MF"Drivers/STM32F4xx_HAL_Driver/Src/stm32f4xx_hal_pwr_ex.d" -MT"Drivers/STM32F4xx_HAL_Driver/Src/stm32f4xx_hal_pwr_ex.o" --specs=nano.specs -mfpu=fpv4-sp-d16 -mfloat-abi=hard -mthumb -o "Drivers/STM32F4xx_HAL_Driver/Src/stm32f4xx_hal_pwr_ex.o"
arm-none-eabi-gcc "../Drivers/STM32F4xx_HAL_Driver/Src/stm32f4xx_hal_rcc.c" -mcpu=cortex-m4 -std=gnu11 -g3 -DDEBUG -DUSE_HAL_DRIVER -DSTM32F411xE -c -I../Core/Inc -I../Drivers/STM32F4xx_HAL_Driver/Inc -I../Drivers/STM32F4xx_HAL_Driver/Inc/Legacy -I../Drivers/CMSIS/Device/ST/STM32F4xx/Include -I../Drivers/CMSIS/Include -O0 -ffunction-sections -fdata-sections -Wall -fstack-usage -fcyclomatic-complexity -MMD -MP -MF"Drivers/STM32F4xx_HAL_Driver/Src/stm32f4xx_hal_rcc.d" -MT"Drivers/STM32F4xx_HAL_Driver/Src/stm32f4xx_hal_rcc.o" --specs=nano.specs -mfpu=fpv4-sp-d16 -mfloat-abi=hard -mthumb -o "Drivers/STM32F4xx_HAL_Driver/Src/stm32f4xx_hal_rcc.o"
arm-none-eabi-gcc "../Drivers/STM32F4xx_HAL_Driver/Src/stm32f4xx_hal_rcc_ex.c" -mcpu=cortex-m4 -std=gnu11 -g3 -DDEBUG -DUSE_HAL_DRIVER -DSTM32F411xE -c -I../Core/Inc -I../Drivers/STM32F4xx_HAL_Driver/Inc -I../Drivers/STM32F4xx_HAL_Driver/Inc/Legacy -I../Drivers/CMSIS/Device/ST/STM32F4xx/Include -I../Drivers/CMSIS/Include -O0 -ffunction-sections -fdata-sections -Wall -fstack-usage -fcyclomatic-complexity -MMD -MP -MF"Drivers/STM32F4xx_HAL_Driver/Src/stm32f4xx_hal_rcc_ex.d" -MT"Drivers/STM32F4xx_HAL_Driver/Src/stm32f4xx_hal_rcc_ex.o" --specs=nano.specs -mfpu=fpv4-sp-d16 -mfloat-abi=hard -mthumb -o "Drivers/STM32F4xx_HAL_Driver/Src/stm32f4xx_hal_rcc_ex.o"
arm-none-eabi-gcc "../Drivers/STM32F4xx_HAL_Driver/Src/stm32f4xx_hal_uart.c" -mcpu=cortex-m4 -std=gnu11 -g3 -DDEBUG -DUSE_HAL_DRIVER -DSTM32F411xE -c -I../Core/Inc -I../Drivers/STM32F4xx_HAL_Driver/Inc -I../Drivers/STM32F4xx_HAL_Driver/Inc/Legacy -I../Drivers/CMSIS/Device/ST/STM32F4xx/Include -I../Drivers/CMSIS/Include -O0 -ffunction-sections -fdata-sections -Wall -fstack-usage -fcyclomatic-complexity -MMD -MP -MF"Drivers/STM32F4xx_HAL_Driver/Src/stm32f4xx_hal_uart.d" -MT"Drivers/STM32F4xx_HAL_Driver/Src/stm32f4xx_hal_uart.o" --specs=nano.specs -mfpu=fpv4-sp-d16 -mfloat-abi=hard -mthumb -o "Drivers/STM32F4xx_HAL_Driver/Src/stm32f4xx_hal_uart.o"
arm-none-eabi-gcc -mcpu=cortex-m4 -g3 -DDEBUG -c -x assembler-with-cpp -MMD -MP -MF"Core/Startup/startup_stm32f411retx.d" -MT"Core/Startup/startup_stm32f411retx.o" --specs=nano.specs -mfpu=fpv4-sp-d16 -mfloat-abi=hard -mthumb -o "Core/Startup/startup_stm32f411retx.o" "../Core/Startup/startup_stm32f411retx.s"
arm-none-eabi-gcc "../Core/Src/dma.c" -mcpu=cortex-m4 -std=gnu11 -g3 -DDEBUG -DUSE_HAL_DRIVER -DSTM32F411xE -c -I../Core/Inc -I../Drivers/STM32F4xx_HAL_Driver/Inc -I../Drivers/STM32F4xx_HAL_Driver/Inc/Legacy -I../Drivers/CMSIS/Device/ST/STM32F4xx/Include -I../Drivers/CMSIS/Include -O0 -ffunction-sections -fdata-sections -Wall -fstack-usage -fcyclomatic-complexity -MMD -MP -MF"Core/Src/dma.d" -MT"Core/Src/dma.o" --specs=nano.specs -mfpu=fpv4-sp-d16 -mfloat-abi=hard -mthumb -o "Core/Src/dma.o"
arm-none-eabi-gcc "../Core/Src/gpio.c" -mcpu=cortex-m4 -std=gnu11 -g3 -DDEBUG -DUSE_HAL_DRIVER -DSTM32F411xE -c -I../Core/Inc -I../Drivers/STM32F4xx_HAL_Driver/Inc -I../Drivers/STM32F4xx_HAL_Driver/Inc/Legacy -I../Drivers/CMSIS/Device/ST/STM32F4xx/Include -I../Drivers/CMSIS/Include -O0 -ffunction-sections -fdata-sections -Wall -fstack-usage -fcyclomatic-complexity -MMD -MP -MF"Core/Src/gpio.d" -MT"Core/Src/gpio.o" --specs=nano.specs -mfpu=fpv4-sp-d16 -mfloat-abi=hard -mthumb -o "Core/Src/gpio.o"
arm-none-eabi-gcc "../Core/Src/main.c" -mcpu=cortex-m4 -std=gnu11 -g3 -DDEBUG -DUSE_HAL_DRIVER -DSTM32F411xE -c -I../Core/Inc -I../Drivers/STM32F4xx_HAL_Driver/Inc -I../Drivers/STM32F4xx_HAL_Driver/Inc/Legacy -I../Drivers/CMSIS/Device/ST/STM32F4xx/Include -I../Drivers/CMSIS/Include -O0 -ffunction-sections -fdata-sections -Wall -fstack-usage -fcyclomatic-complexity -MMD -MP -MF"Core/Src/main.d" -MT"Core/Src/main.o" --specs=nano.specs -mfpu=fpv4-sp-d16 -mfloat-abi=hard -mthumb -o "Core/Src/main.o"
arm-none-eabi-gcc "../Core/Src/secure_uart.c" -mcpu=cortex-m4 -std=gnu11 -g3 -DDEBUG -DUSE_HAL_DRIVER -DSTM32F411xE -c -I../Core/Inc -I../Drivers/STM32F4xx_HAL_Driver/Inc -I../Drivers/STM32F4xx_HAL_Driver/Inc/Legacy -I../Drivers/CMSIS/Device/ST/STM32F4xx/Include -I../Drivers/CMSIS/Include -O0 -ffunction-sections -fdata-sections -Wall -fstack-usage -fcyclomatic-complexity -MMD -MP -MF"Core/Src/secure_uart.d" -MT"Core/Src/secure_uart.o" --specs=nano.specs -mfpu=fpv4-sp-d16 -mfloat-abi=hard -mthumb -o "Core/Src/secure_uart.o"
arm-none-eabi-gcc "../Core/Src/stm32f4xx_hal_msp.c" -mcpu=cortex-m4 -std=gnu11 -g3 -DDEBUG -DUSE_HAL_DRIVER -DSTM32F411xE -c -I../Core/Inc -I../Drivers/STM32F4xx_HAL_Driver/Inc -I../Drivers/STM32F4xx_HAL_Driver/Inc/Legacy -I../Drivers/CMSIS/Device/ST/STM32F4xx/Include -I../Drivers/CMSIS/Include -O0 -ffunction-sections -fdata-sections -Wall -fstack-usage -fcyclomatic-complexity -MMD -MP -MF"Core/Src/stm32f4xx_hal_msp.d" -MT"Core/Src/stm32f4xx_hal_msp.o" --specs=nano.specs -mfpu=fpv4-sp-d16 -mfloat-abi=hard -mthumb -o "Core/Src/stm32f4xx_hal_msp.o"
arm-none-eabi-gcc "../Core/Src/stm32f4xx_it.c" -mcpu=cortex-m4 -std=gnu11 -g3 -DDEBUG -DUSE_HAL_DRIVER -DSTM32F411xE -c -I../Core/Inc -I../Drivers/STM32F4xx_HAL_Driver/Inc -I../Drivers/STM32F4xx_HAL_Driver/Inc/Legacy -I../Drivers/CMSIS/Device/ST/STM32F4xx/Include -I../Drivers/CMSIS/Include -O0 -ffunction-sections -fdata-sections -Wall -fstack-usage -fcyclomatic-complexity -MMD -MP -MF"Core/Src/stm32f4xx_it.d" -MT"Core/Src/stm32f4xx_it.o" --specs=nano.specs -mfpu=fpv4-sp-d16 -mfloat-abi=hard -mthumb -o "Core/Src/stm32f4xx_it.o"
arm-none-eabi-gcc "../Core/Src/syscalls.c" -mcpu=cortex-m4 -std=gnu11 -g3 -DDEBUG -DUSE_HAL_DRIVER -DSTM32F411xE -c -I../Core/Inc -I../Drivers/STM32F4xx_HAL_Driver/Inc -I../Drivers/STM32F4xx_HAL_Driver/Inc/Legacy -I../Drivers/CMSIS/Device/ST/STM32F4xx/Include -I../Drivers/CMSIS/Include -O0 -ffunction-sections -fdata-sections -Wall -fstack-usage -fcyclomatic-complexity -MMD -MP -MF"Core/Src/syscalls.d" -MT"Core/Src/syscalls.o" --specs=nano.specs -mfpu=fpv4-sp-d16 -mfloat-abi=hard -mthumb -o "Core/Src/syscalls.o"
arm-none-eabi-gcc "../Core/Src/sysmem.c" -mcpu=cortex-m4 -std=gnu11 -g3 -DDEBUG -DUSE_HAL_DRIVER -DSTM32F411xE -c -I../Core/Inc -I../Drivers/STM32F4xx_HAL_Driver/Inc -I../Drivers/STM32F4xx_HAL_Driver/Inc/Legacy -I../Drivers/CMSIS/Device/ST/STM32F4xx/Include -I../Drivers/CMSIS/Include -O0 -ffunction-sections -fdata-sections -Wall -fstack-usage -fcyclomatic-complexity -MMD -MP -MF"Core/Src/sysmem.d" -MT"Core/Src/sysmem.o" --specs=nano.specs -mfpu=fpv4-sp-d16 -mfloat-abi=hard -mthumb -o "Core/Src/sysmem.o"
arm-none-eabi-gcc "../Core/Src/system_stm32f4xx.c" -mcpu=cortex-m4 -std=gnu11 -g3 -DDEBUG -DUSE_HAL_DRIVER -DSTM32F411xE -c -I../Core/Inc -I../Drivers/STM32F4xx_HAL_Driver/Inc -I../Drivers/STM32F4xx_HAL_Driver/Inc/Legacy -I../Drivers/CMSIS/Device/ST/STM32F4xx/Include -I../Drivers/CMSIS/Include -O0 -ffunction-sections -fdata-sections -Wall -fstack-usage -fcyclomatic-complexity -MMD -MP -MF"Core/Src/system_stm32f4xx.d" -MT"Core/Src/system_stm32f4xx.o" --specs=nano.specs -mfpu=fpv4-sp-d16 -mfloat-abi=hard -mthumb -o "Core/Src/system_stm32f4xx.o"
arm-none-eabi-gcc "../Core/Src/usart.c" -mcpu=cortex-m4 -std=gnu11 -g3 -DDEBUG -DUSE_HAL_DRIVER -DSTM32F411xE -c -I../Core/Inc -I../Drivers/STM32F4xx_HAL_Driver/Inc -I../Drivers/STM32F4xx_HAL_Driver/Inc/Legacy -I../Drivers/CMSIS/Device/ST/STM32F4xx/Include -I../Drivers/CMSIS/Include -O0 -ffunction-sections -fdata-sections -Wall -fstack-usage -fcyclomatic-complexity -MMD -MP -MF"Core/Src/usart.d" -MT"Core/Src/usart.o" --specs=nano.specs -mfpu=fpv4-sp-d16 -mfloat-abi=hard -mthumb -o "Core/Src/usart.o"
arm-none-eabi-gcc -o "cska.elf" @"objects.list"   -mcpu=cortex-m4 -T"D:\diploma\cska\STM32F411RETX_FLASH.ld" --specs=nosys.specs -Wl,-Map="cska.map" -Wl,--gc-sections -static --specs=nano.specs -mfpu=fpv4-sp-d16 -mfloat-abi=hard -mthumb -Wl,--start-group -lc -lm -Wl,--end-group
Finished building target: cska.elf
 
arm-none-eabi-size  cska.elf 
arm-none-eabi-objdump -h -S cska.elf  > "cska.list"
   text	   data	    bss	    dec	    hex	filename
  17108	    184	   3376	  20668	   50bc	cska.elf
Finished building: default.size.stdout
 
Finished building: cska.list
 
15:10:07 **** Incremental Build of configuration Debug for project cska ****
make -j8 all 
arm-none-eabi-size  cska.elf 
   text	   data	    bss	    dec	    hex	filename
  17108	    184	   3376	  20668	   50bc	cska.elf
Finished building: default.size.stdout
 
15:11:15 **** Incremental Build of configuration Debug for project cska ****
make -j8 all 
arm-none-eabi-size  cska.elf 
   text	   data	    bss	    dec	    hex	filename
  17108	    184	   3376	  20668	   50bc	cska.elf
Finished building: default.size.stdout
 
15:12:56 **** Incremental Build of configuration Debug for project cska ****
make -j8 all 
arm-none-eabi-gcc "../Core/Src/main.c" -mcpu=cortex-m4 -std=gnu11 -g3 -DDEBUG -DUSE_HAL_DRIVER -DSTM32F411xE -c -I../Core/Inc -I../Drivers/STM32F4xx_HAL_Driver/Inc -I../Drivers/STM32F4xx_HAL_Driver/Inc/Legacy -I../Drivers/CMSIS/Device/ST/STM32F4xx/Include -I../Drivers/CMSIS/Include -O0 -ffunction-sections -fdata-sections -Wall -fstack-usage -fcyclomatic-complexity -MMD -MP -MF"Core/Src/main.d" -MT"Core/Src/main.o" --specs=nano.specs -mfpu=fpv4-sp-d16 -mfloat-abi=hard -mthumb -o "Core/Src/main.o"
arm-none-eabi-gcc -o "cska.elf" @"objects.list"   -mcpu=cortex-m4 -T"D:\diploma\cska\STM32F411RETX_FLASH.ld" --specs=nosys.specs -Wl,-Map="cska.map" -Wl,--gc-sections -static --specs=nano.specs -mfpu=fpv4-sp-d16 -mfloat-abi=hard -mthumb -Wl,--start-group -lc -lm -Wl,--end-group
Finished building target: cska.elf
 
arm-none-eabi-size  cska.elf 
arm-none-eabi-objdump -h -S cska.elf  > "cska.list"
   text	   data	    bss	    dec	    hex	filename
  17084	    184	   3376	  20644	   50a4	cska.elf
Finished building: default.size.stdout
 
Finished building: cska.list
 
15:15:01 **** Incremental Build of configuration Debug for project cska ****
make -j8 all 
arm-none-eabi-gcc "../Core/Src/dma.c" -mcpu=cortex-m4 -std=gnu11 -g3 -DDEBUG -DUSE_HAL_DRIVER -DSTM32F411xE -c -I../Core/Inc -I../Drivers/STM32F4xx_HAL_Driver/Inc -I../Drivers/STM32F4xx_HAL_Driver/Inc/Legacy -I../Drivers/CMSIS/Device/ST/STM32F4xx/Include -I../Drivers/CMSIS/Include -O0 -ffunction-sections -fdata-sections -Wall -fstack-usage -fcyclomatic-complexity -MMD -MP -MF"Core/Src/dma.d" -MT"Core/Src/dma.o" --specs=nano.specs -mfpu=fpv4-sp-d16 -mfloat-abi=hard -mthumb -o "Core/Src/dma.o"
arm-none-eabi-gcc "../Core/Src/gpio.c" -mcpu=cortex-m4 -std=gnu11 -g3 -DDEBUG -DUSE_HAL_DRIVER -DSTM32F411xE -c -I../Core/Inc -I../Drivers/STM32F4xx_HAL_Driver/Inc -I../Drivers/STM32F4xx_HAL_Driver/Inc/Legacy -I../Drivers/CMSIS/Device/ST/STM32F4xx/Include -I../Drivers/CMSIS/Include -O0 -ffunction-sections -fdata-sections -Wall -fstack-usage -fcyclomatic-complexity -MMD -MP -MF"Core/Src/gpio.d" -MT"Core/Src/gpio.o" --specs=nano.specs -mfpu=fpv4-sp-d16 -mfloat-abi=hard -mthumb -o "Core/Src/gpio.o"
arm-none-eabi-gcc "../Core/Src/main.c" -mcpu=cortex-m4 -std=gnu11 -g3 -DDEBUG -DUSE_HAL_DRIVER -DSTM32F411xE -c -I../Core/Inc -I../Drivers/STM32F4xx_HAL_Driver/Inc -I../Drivers/STM32F4xx_HAL_Driver/Inc/Legacy -I../Drivers/CMSIS/Device/ST/STM32F4xx/Include -I../Drivers/CMSIS/Include -O0 -ffunction-sections -fdata-sections -Wall -fstack-usage -fcyclomatic-complexity -MMD -MP -MF"Core/Src/main.d" -MT"Core/Src/main.o" --specs=nano.specs -mfpu=fpv4-sp-d16 -mfloat-abi=hard -mthumb -o "Core/Src/main.o"
arm-none-eabi-gcc "../Core/Src/secure_uart.c" -mcpu=cortex-m4 -std=gnu11 -g3 -DDEBUG -DUSE_HAL_DRIVER -DSTM32F411xE -c -I../Core/Inc -I../Drivers/STM32F4xx_HAL_Driver/Inc -I../Drivers/STM32F4xx_HAL_Driver/Inc/Legacy -I../Drivers/CMSIS/Device/ST/STM32F4xx/Include -I../Drivers/CMSIS/Include -O0 -ffunction-sections -fdata-sections -Wall -fstack-usage -fcyclomatic-complexity -MMD -MP -MF"Core/Src/secure_uart.d" -MT"Core/Src/secure_uart.o" --specs=nano.specs -mfpu=fpv4-sp-d16 -mfloat-abi=hard -mthumb -o "Core/Src/secure_uart.o"
arm-none-eabi-gcc "../Core/Src/speck.c" -mcpu=cortex-m4 -std=gnu11 -g3 -DDEBUG -DUSE_HAL_DRIVER -DSTM32F411xE -c -I../Core/Inc -I../Drivers/STM32F4xx_HAL_Driver/Inc -I../Drivers/STM32F4xx_HAL_Driver/Inc/Legacy -I../Drivers/CMSIS/Device/ST/STM32F4xx/Include -I../Drivers/CMSIS/Include -O0 -ffunction-sections -fdata-sections -Wall -fstack-usage -fcyclomatic-complexity -MMD -MP -MF"Core/Src/speck.d" -MT"Core/Src/speck.o" --specs=nano.specs -mfpu=fpv4-sp-d16 -mfloat-abi=hard -mthumb -o "Core/Src/speck.o"
arm-none-eabi-gcc "../Core/Src/stm32f4xx_hal_msp.c" -mcpu=cortex-m4 -std=gnu11 -g3 -DDEBUG -DUSE_HAL_DRIVER -DSTM32F411xE -c -I../Core/Inc -I../Drivers/STM32F4xx_HAL_Driver/Inc -I../Drivers/STM32F4xx_HAL_Driver/Inc/Legacy -I../Drivers/CMSIS/Device/ST/STM32F4xx/Include -I../Drivers/CMSIS/Include -O0 -ffunction-sections -fdata-sections -Wall -fstack-usage -fcyclomatic-complexity -MMD -MP -MF"Core/Src/stm32f4xx_hal_msp.d" -MT"Core/Src/stm32f4xx_hal_msp.o" --specs=nano.specs -mfpu=fpv4-sp-d16 -mfloat-abi=hard -mthumb -o "Core/Src/stm32f4xx_hal_msp.o"
arm-none-eabi-gcc "../Core/Src/stm32f4xx_it.c" -mcpu=cortex-m4 -std=gnu11 -g3 -DDEBUG -DUSE_HAL_DRIVER -DSTM32F411xE -c -I../Core/Inc -I../Drivers/STM32F4xx_HAL_Driver/Inc -I../Drivers/STM32F4xx_HAL_Driver/Inc/Legacy -I../Drivers/CMSIS/Device/ST/STM32F4xx/Include -I../Drivers/CMSIS/Include -O0 -ffunction-sections -fdata-sections -Wall -fstack-usage -fcyclomatic-complexity -MMD -MP -MF"Core/Src/stm32f4xx_it.d" -MT"Core/Src/stm32f4xx_it.o" --specs=nano.specs -mfpu=fpv4-sp-d16 -mfloat-abi=hard -mthumb -o "Core/Src/stm32f4xx_it.o"
arm-none-eabi-gcc "../Core/Src/syscalls.c" -mcpu=cortex-m4 -std=gnu11 -g3 -DDEBUG -DUSE_HAL_DRIVER -DSTM32F411xE -c -I../Core/Inc -I../Drivers/STM32F4xx_HAL_Driver/Inc -I../Drivers/STM32F4xx_HAL_Driver/Inc/Legacy -I../Drivers/CMSIS/Device/ST/STM32F4xx/Include -I../Drivers/CMSIS/Include -O0 -ffunction-sections -fdata-sections -Wall -fstack-usage -fcyclomatic-complexity -MMD -MP -MF"Core/Src/syscalls.d" -MT"Core/Src/syscalls.o" --specs=nano.specs -mfpu=fpv4-sp-d16 -mfloat-abi=hard -mthumb -o "Core/Src/syscalls.o"
../Core/Src/secure_uart.c:2:31: error: unknown type name 'SecurePacket'
    2 | void SecureUART_EncryptPacket(SecurePacket *packet) {
      |                               ^~~~~~~~~~~~
../Core/Src/secure_uart.c:47:1: error: unknown type name 'int8_t'
   47 | int8_t SecureUART_DecryptPacket(SecurePacket *packet) {
      | ^~~~~~
../Core/Src/secure_uart.c:1:1: note: 'int8_t' is defined in header '<stdint.h>'; did you forget to '#include <stdint.h>'?
  +++ |+#include <stdint.h>
    1 | // Шифрование данных в пакете
../Core/Src/secure_uart.c:47:33: error: unknown type name 'SecurePacket'
   47 | int8_t SecureUART_DecryptPacket(SecurePacket *packet) {
      |                                 ^~~~~~~~~~~~
../Core/Src/secure_uart.c:99:30: error: unknown type name 'SecurePacket'
   99 | void SecureUART_CalculateMAC(SecurePacket *packet) {
      |                              ^~~~~~~~~~~~
../Core/Src/secure_uart.c:130:1: error: unknown type name 'int8_t'
  130 | int8_t SecureUART_VerifyMAC(SecurePacket *packet) {
      | ^~~~~~
../Core/Src/secure_uart.c:130:1: note: 'int8_t' is defined in header '<stdint.h>'; did you forget to '#include <stdint.h>'?
../Core/Src/secure_uart.c:130:29: error: unknown type name 'SecurePacket'
  130 | int8_t SecureUART_VerifyMAC(SecurePacket *packet) {
      |                             ^~~~~~~~~~~~
../Core/Src/secure_uart.c:152:1: error: unknown type name 'int8_t'
  152 | int8_t SecureUART_CheckReplayProtection(uint32_t sequenceCounter) {
      | ^~~~~~
../Core/Src/secure_uart.c:152:1: note: 'int8_t' is defined in header '<stdint.h>'; did you forget to '#include <stdint.h>'?
../Core/Src/secure_uart.c:152:41: error: unknown type name 'uint32_t'
  152 | int8_t SecureUART_CheckReplayProtection(uint32_t sequenceCounter) {
      |                                         ^~~~~~~~
../Core/Src/secure_uart.c:152:41: note: 'uint32_t' is defined in header '<stdint.h>'; did you forget to '#include <stdint.h>'?
../Core/Src/secure_uart.c:165:2: error: stray '#' in program
  165 | }#include "secure_uart.h"
      |  ^
../Core/Src/secure_uart.c:165:11: error: expected '=', ',', ';', 'asm' or '__attribute__' before string constant
  165 | }#include "secure_uart.h"
      |           ^~~~~~~~~~~~~~~
../Core/Src/secure_uart.c:170:8: error: unknown type name 'UART_HandleTypeDef'
  170 | extern UART_HandleTypeDef huart1; // UART для отправки
      |        ^~~~~~~~~~~~~~~~~~
../Core/Src/secure_uart.c:171:8: error: unknown type name 'UART_HandleTypeDef'
  171 | extern UART_HandleTypeDef huart2; // UART для отладки
      |        ^~~~~~~~~~~~~~~~~~
../Core/Src/secure_uart.c:172:8: error: unknown type name 'UART_HandleTypeDef'
  172 | extern UART_HandleTypeDef huart6; // UART для приема
      |        ^~~~~~~~~~~~~~~~~~
../Core/Src/secure_uart.c:175:8: error: unknown type name 'uint8_t'
  175 | static uint8_t rxBuffer[sizeof(SecureFrame) + 10]; // Буфер для приема (с запасом)
      |        ^~~~~~~
../Core/Src/secure_uart.c:175:32: error: 'SecureFrame' undeclared here (not in a function)
  175 | static uint8_t rxBuffer[sizeof(SecureFrame) + 10]; // Буфер для приема (с запасом)
      |                                ^~~~~~~~~~~
../Core/Src/secure_uart.c:176:8: error: unknown type name 'uint8_t'
  176 | static uint8_t txBuffer[sizeof(SecureFrame)];      // Буфер для передачи
      |        ^~~~~~~
../Core/Src/secure_uart.c:177:8: error: unknown type name 'uint8_t'
  177 | static uint8_t debugBuffer[512];                   // Буфер для отладочных сообщений
      |        ^~~~~~~
../Core/Src/secure_uart.c:180:8: error: unknown type name 'uint32_t'
  180 | static uint32_t sequenceCounter = 0; // Счетчик последовательности
      |        ^~~~~~~~
../Core/Src/secure_uart.c:183:8: error: unknown type name 'SecureUARTState'
  183 | static SecureUARTState securityState = {0};
      |        ^~~~~~~~~~~~~~~
../Core/Src/secure_uart.c: In function 'SecureUART_Init':
../Core/Src/secure_uart.c:191:38: error: 'SecureUARTState' undeclared (first use in this function); did you mean 'SecureUART_Init'?
  191 |     memset(&securityState, 0, sizeof(SecureUARTState));
      |                                      ^~~~~~~~~~~~~~~
      |                                      SecureUART_Init
../Core/Src/secure_uart.c:191:38: note: each undeclared identifier is reported only once for each function it appears in
../Core/Src/secure_uart.c:192:18: error: request for member 'lastReceivedSequence' in something not a structure or union
  192 |     securityState.lastReceivedSequence = 0xFFFFFFFF; // Инициализация максимальным значением
      |                  ^
../Core/Src/secure_uart.c:195:18: error: request for member 'encryptionEnabled' in something not a structure or union
  195 |     securityState.encryptionEnabled = 0;
      |                  ^
../Core/Src/secure_uart.c:196:18: error: request for member 'macEnabled' in something not a structure or union
  196 |     securityState.macEnabled = 0;
      |                  ^
../Core/Src/secure_uart.c:197:18: error: request for member 'replayProtectionEnabled' in something not a structure or union
  197 |     securityState.replayProtectionEnabled = 0;
      |                  ^
../Core/Src/secure_uart.c:200:5: warning: implicit declaration of function 'HAL_UARTEx_ReceiveToIdle_DMA' [-Wimplicit-function-declaration]
  200 |     HAL_UARTEx_ReceiveToIdle_DMA(&huart6, rxBuffer, sizeof(rxBuffer));
      |     ^~~~~~~~~~~~~~~~~~~~~~~~~~~~
../Core/Src/secure_uart.c:203:5: warning: implicit declaration of function '__HAL_DMA_DISABLE_IT' [-Wimplicit-function-declaration]
  203 |     __HAL_DMA_DISABLE_IT(huart6.hdmarx, DMA_IT_HT);
      |     ^~~~~~~~~~~~~~~~~~~~
../Core/Src/secure_uart.c:203:32: error: request for member 'hdmarx' in something not a structure or union
  203 |     __HAL_DMA_DISABLE_IT(huart6.hdmarx, DMA_IT_HT);
      |                                ^
../Core/Src/secure_uart.c:203:41: error: 'DMA_IT_HT' undeclared (first use in this function)
  203 |     __HAL_DMA_DISABLE_IT(huart6.hdmarx, DMA_IT_HT);
      |                                         ^~~~~~~~~
../Core/Src/secure_uart.c:207:5: warning: implicit declaration of function 'HAL_UART_Transmit' [-Wimplicit-function-declaration]
  207 |     HAL_UART_Transmit(&huart2, debugBuffer, strlen((char*)debugBuffer), HAL_MAX_DELAY);
      |     ^~~~~~~~~~~~~~~~~
../Core/Src/secure_uart.c:207:73: error: 'HAL_MAX_DELAY' undeclared (first use in this function)
  207 |     HAL_UART_Transmit(&huart2, debugBuffer, strlen((char*)debugBuffer), HAL_MAX_DELAY);
      |                                                                         ^~~~~~~~~~~~~
../Core/Src/secure_uart.c: At top level:
../Core/Src/secure_uart.c:211:35: error: unknown type name 'uint8_t'
  211 | void SecureUART_SetSecurity(const uint8_t *encKey, const uint8_t *macKey, const uint8_t *iv,
      |                                   ^~~~~~~
../Core/Src/secure_uart.c:211:58: error: unknown type name 'uint8_t'
  211 | void SecureUART_SetSecurity(const uint8_t *encKey, const uint8_t *macKey, const uint8_t *iv,
      |                                                          ^~~~~~~
../Core/Src/secure_uart.c:211:81: error: unknown type name 'uint8_t'
  211 | void SecureUART_SetSecurity(const uint8_t *encKey, const uint8_t *macKey, const uint8_t *iv,
      |                                                                                 ^~~~~~~
../Core/Src/secure_uart.c:212:29: error: unknown type name 'uint8_t'
  212 |                             uint8_t enableEncryption, uint8_t enableMAC, uint8_t enableReplayProtection) {
      |                             ^~~~~~~
../Core/Src/secure_uart.c:212:29: note: 'uint8_t' is defined in header '<stdint.h>'; did you forget to '#include <stdint.h>'?
../Core/Src/secure_uart.c:212:55: error: unknown type name 'uint8_t'
  212 |                             uint8_t enableEncryption, uint8_t enableMAC, uint8_t enableReplayProtection) {
      |                                                       ^~~~~~~
../Core/Src/secure_uart.c:212:55: note: 'uint8_t' is defined in header '<stdint.h>'; did you forget to '#include <stdint.h>'?
../Core/Src/secure_uart.c:212:74: error: unknown type name 'uint8_t'
  212 |                             uint8_t enableEncryption, uint8_t enableMAC, uint8_t enableReplayProtection) {
      |                                                                          ^~~~~~~
../Core/Src/secure_uart.c:212:74: note: 'uint8_t' is defined in header '<stdint.h>'; did you forget to '#include <stdint.h>'?
../Core/Src/secure_uart.c:243:28: error: unknown type name 'SecurePacket'
  243 | void SecureUART_PacketInit(SecurePacket *packet, uint8_t *data, uint8_t length) {
      |                            ^~~~~~~~~~~~
../Core/Src/secure_uart.c:243:50: error: unknown type name 'uint8_t'
  243 | void SecureUART_PacketInit(SecurePacket *packet, uint8_t *data, uint8_t length) {
      |                                                  ^~~~~~~
../Core/Src/secure_uart.c:243:50: note: 'uint8_t' is defined in header '<stdint.h>'; did you forget to '#include <stdint.h>'?
../Core/Src/secure_uart.c:243:65: error: unknown type name 'uint8_t'
  243 | void SecureUART_PacketInit(SecurePacket *packet, uint8_t *data, uint8_t length) {
      |                                                                 ^~~~~~~
../Core/Src/secure_uart.c:243:65: note: 'uint8_t' is defined in header '<stdint.h>'; did you forget to '#include <stdint.h>'?
../Core/Src/secure_uart.c:272:27: error: expected declaration specifiers or '...' before 'SecureFrame'
  272 | void SecureUART_FrameInit(SecureFrame *frame, SecurePacket *packet) {
      |                           ^~~~~~~~~~~
../Core/Src/secure_uart.c:272:47: error: unknown type name 'SecurePacket'
  272 | void SecureUART_FrameInit(SecureFrame *frame, SecurePacket *packet) {
      |                                               ^~~~~~~~~~~~
../Core/Src/secure_uart.c:306:27: error: expected declaration specifiers or '...' before 'SecureFrame'
  306 | void SecureUART_SendFrame(SecureFrame *frame) {
      |                           ^~~~~~~~~~~
../Core/Src/secure_uart.c:328:1: error: unknown type name 'int8_t'
  328 | int8_t SecureUART_ParseFrame(uint8_t *buffer, uint16_t length, SecurePacket *packet) {
      | ^~~~~~
../Core/Src/secure_uart.c:328:1: note: 'int8_t' is defined in header '<stdint.h>'; did you forget to '#include <stdint.h>'?
../Core/Src/secure_uart.c:328:30: error: unknown type name 'uint8_t'
  328 | int8_t SecureUART_ParseFrame(uint8_t *buffer, uint16_t length, SecurePacket *packet) {
      |                              ^~~~~~~
../Core/Src/secure_uart.c:328:30: note: 'uint8_t' is defined in header '<stdint.h>'; did you forget to '#include <stdint.h>'?
../Core/Src/secure_uart.c:328:47: error: unknown type name 'uint16_t'
  328 | int8_t SecureUART_ParseFrame(uint8_t *buffer, uint16_t length, SecurePacket *packet) {
      |                                               ^~~~~~~~
../Core/Src/secure_uart.c:328:47: note: 'uint16_t' is defined in header '<stdint.h>'; did you forget to '#include <stdint.h>'?
../Core/Src/secure_uart.c:328:64: error: unknown type name 'SecurePacket'
  328 | int8_t SecureUART_ParseFrame(uint8_t *buffer, uint16_t length, SecurePacket *packet) {
      |                                                                ^~~~~~~~~~~~
../Core/Src/secure_uart.c:400:1: error: unknown type name 'uint8_t'
  400 | uint8_t SecureUART_CalculateCRC8(uint8_t *data, uint16_t length) {
      | ^~~~~~~
../Core/Src/secure_uart.c:400:1: note: 'uint8_t' is defined in header '<stdint.h>'; did you forget to '#include <stdint.h>'?
../Core/Src/secure_uart.c:400:34: error: unknown type name 'uint8_t'
  400 | uint8_t SecureUART_CalculateCRC8(uint8_t *data, uint16_t length) {
      |                                  ^~~~~~~
../Core/Src/secure_uart.c:400:34: note: 'uint8_t' is defined in header '<stdint.h>'; did you forget to '#include <stdint.h>'?
../Core/Src/secure_uart.c:400:49: error: unknown type name 'uint16_t'
  400 | uint8_t SecureUART_CalculateCRC8(uint8_t *data, uint16_t length) {
      |                                                 ^~~~~~~~
../Core/Src/secure_uart.c:400:49: note: 'uint16_t' is defined in header '<stdint.h>'; did you forget to '#include <stdint.h>'?
../Core/Src/secure_uart.c:419:30: error: unknown type name 'UART_HandleTypeDef'
  419 | void SecureUART_IDLECallback(UART_HandleTypeDef *huart) {
      |                              ^~~~~~~~~~~~~~~~~~
../Core/Src/secure_uart.c:470:32: error: unknown type name 'UART_HandleTypeDef'
  470 | void SecureUART_RxCpltCallback(UART_HandleTypeDef *huart) {
      |                                ^~~~~~~~~~~~~~~~~~
../Core/Src/secure_uart.c:483:32: error: unknown type name 'UART_HandleTypeDef'
  483 | void SecureUART_TxCpltCallback(UART_HandleTypeDef *huart) {
      |                                ^~~~~~~~~~~~~~~~~~
../Core/Src/secure_uart.c:490:47: error: unknown type name 'uint8_t'
  490 | void SecureUART_PrintDebug(const char *title, uint8_t *data, uint16_t length) {
      |                                               ^~~~~~~
../Core/Src/secure_uart.c:490:47: note: 'uint8_t' is defined in header '<stdint.h>'; did you forget to '#include <stdint.h>'?
../Core/Src/secure_uart.c:490:62: error: unknown type name 'uint16_t'
  490 | void SecureUART_PrintDebug(const char *title, uint8_t *data, uint16_t length) {
      |                                                              ^~~~~~~~
../Core/Src/secure_uart.c:490:62: note: 'uint16_t' is defined in header '<stdint.h>'; did you forget to '#include <stdint.h>'?
../Core/Src/secure_uart.c:176:16: warning: 'txBuffer' defined but not used [-Wunused-variable]
  176 | static uint8_t txBuffer[sizeof(SecureFrame)];      // Буфер для передачи
      |                ^~~~~~~~
../Core/Src/secure_uart.c:175:16: warning: 'rxBuffer' defined but not used [-Wunused-variable]
  175 | static uint8_t rxBuffer[sizeof(SecureFrame) + 10]; // Буфер для приема (с запасом)
      |                ^~~~~~~~
arm-none-eabi-gcc "../Core/Src/sysmem.c" -mcpu=cortex-m4 -std=gnu11 -g3 -DDEBUG -DUSE_HAL_DRIVER -DSTM32F411xE -c -I../Core/Inc -I../Drivers/STM32F4xx_HAL_Driver/Inc -I../Drivers/STM32F4xx_HAL_Driver/Inc/Legacy -I../Drivers/CMSIS/Device/ST/STM32F4xx/Include -I../Drivers/CMSIS/Include -O0 -ffunction-sections -fdata-sections -Wall -fstack-usage -fcyclomatic-complexity -MMD -MP -MF"Core/Src/sysmem.d" -MT"Core/Src/sysmem.o" --specs=nano.specs -mfpu=fpv4-sp-d16 -mfloat-abi=hard -mthumb -o "Core/Src/sysmem.o"
make: *** [Core/Src/subdir.mk:49: Core/Src/secure_uart.o] Error 1
make: *** Waiting for unfinished jobs....
"make -j8 all" terminated with exit code 2. Build might be incomplete.
15:15:49 **** Incremental Build of configuration Debug for project cska ****
make -j8 all 
arm-none-eabi-gcc "../Core/Src/secure_uart.c" -mcpu=cortex-m4 -std=gnu11 -g3 -DDEBUG -DUSE_HAL_DRIVER -DSTM32F411xE -c -I../Core/Inc -I../Drivers/STM32F4xx_HAL_Driver/Inc -I../Drivers/STM32F4xx_HAL_Driver/Inc/Legacy -I../Drivers/CMSIS/Device/ST/STM32F4xx/Include -I../Drivers/CMSIS/Include -O0 -ffunction-sections -fdata-sections -Wall -fstack-usage -fcyclomatic-complexity -MMD -MP -MF"Core/Src/secure_uart.d" -MT"Core/Src/secure_uart.o" --specs=nano.specs -mfpu=fpv4-sp-d16 -mfloat-abi=hard -mthumb -o "Core/Src/secure_uart.o"
arm-none-eabi-gcc "../Core/Src/system_stm32f4xx.c" -mcpu=cortex-m4 -std=gnu11 -g3 -DDEBUG -DUSE_HAL_DRIVER -DSTM32F411xE -c -I../Core/Inc -I../Drivers/STM32F4xx_HAL_Driver/Inc -I../Drivers/STM32F4xx_HAL_Driver/Inc/Legacy -I../Drivers/CMSIS/Device/ST/STM32F4xx/Include -I../Drivers/CMSIS/Include -O0 -ffunction-sections -fdata-sections -Wall -fstack-usage -fcyclomatic-complexity -MMD -MP -MF"Core/Src/system_stm32f4xx.d" -MT"Core/Src/system_stm32f4xx.o" --specs=nano.specs -mfpu=fpv4-sp-d16 -mfloat-abi=hard -mthumb -o "Core/Src/system_stm32f4xx.o"
arm-none-eabi-gcc "../Core/Src/usart.c" -mcpu=cortex-m4 -std=gnu11 -g3 -DDEBUG -DUSE_HAL_DRIVER -DSTM32F411xE -c -I../Core/Inc -I../Drivers/STM32F4xx_HAL_Driver/Inc -I../Drivers/STM32F4xx_HAL_Driver/Inc/Legacy -I../Drivers/CMSIS/Device/ST/STM32F4xx/Include -I../Drivers/CMSIS/Include -O0 -ffunction-sections -fdata-sections -Wall -fstack-usage -fcyclomatic-complexity -MMD -MP -MF"Core/Src/usart.d" -MT"Core/Src/usart.o" --specs=nano.specs -mfpu=fpv4-sp-d16 -mfloat-abi=hard -mthumb -o "Core/Src/usart.o"
arm-none-eabi-gcc -o "cska.elf" @"objects.list"   -mcpu=cortex-m4 -T"D:\diploma\cska\STM32F411RETX_FLASH.ld" --specs=nosys.specs -Wl,-Map="cska.map" -Wl,--gc-sections -static --specs=nano.specs -mfpu=fpv4-sp-d16 -mfloat-abi=hard -mthumb -Wl,--start-group -lc -lm -Wl,--end-group
C:/ST/STM32CubeIDE_1.18.0/STM32CubeIDE/plugins/com.st.stm32cube.ide.mcu.externaltools.gnu-tools-for-stm32.13.3.rel1.win32_1.0.0.202411081344/tools/bin/../lib/gcc/arm-none-eabi/13.3.1/../../../../arm-none-eabi/bin/ld.exe: ./Core/Src/secure_uart.o: in function `SecureUART_PacketInit':
D:/diploma/cska/Debug/../Core/Src/secure_uart.c:98:(.text.SecureUART_PacketInit+0x72): undefined reference to `SecureUART_EncryptPacket'
C:/ST/STM32CubeIDE_1.18.0/STM32CubeIDE/plugins/com.st.stm32cube.ide.mcu.externaltools.gnu-tools-for-stm32.13.3.rel1.win32_1.0.0.202411081344/tools/bin/../lib/gcc/arm-none-eabi/13.3.1/../../../../arm-none-eabi/bin/ld.exe: D:/diploma/cska/Debug/../Core/Src/secure_uart.c:103:(.text.SecureUART_PacketInit+0x82): undefined reference to `SecureUART_CalculateMAC'
C:/ST/STM32CubeIDE_1.18.0/STM32CubeIDE/plugins/com.st.stm32cube.ide.mcu.externaltools.gnu-tools-for-stm32.13.3.rel1.win32_1.0.0.202411081344/tools/bin/../lib/gcc/arm-none-eabi/13.3.1/../../../../arm-none-eabi/bin/ld.exe: ./Core/Src/secure_uart.o: in function `SecureUART_ParseFrame':
D:/diploma/cska/Debug/../Core/Src/secure_uart.c:210:(.text.SecureUART_ParseFrame+0xfa): undefined reference to `SecureUART_CheckReplayProtection'
[...]
    3 | 
../Core/Src/secure_uart.c:62:5: warning: incompatible implicit declaration of built-in function 'sprintf' [-Wbuiltin-declaration-mismatch]
   62 |     sprintf(debug_msg, "Размер буфера DMA: %lu байт", dma_head);
      |     ^~~~~~~
../Core/Src/secure_uart.c:62:5: note: include '<stdio.h>' or provide a declaration of 'sprintf'
arm-none-eabi-gcc -o "cska.elf" @"objects.list"   -mcpu=cortex-m4 -T"D:\diploma\cska\STM32F411RETX_FLASH.ld" --specs=nosys.specs -Wl,-Map="cska.map" -Wl,--gc-sections -static --specs=nano.specs -mfpu=fpv4-sp-d16 -mfloat-abi=hard -mthumb -Wl,--start-group -lc -lm -Wl,--end-group
Finished building target: cska.elf
 
arm-none-eabi-size  cska.elf 
arm-none-eabi-objdump -h -S cska.elf  > "cska.list"
   text	   data	    bss	    dec	    hex	filename
  26196	    104	   3488	  29788	   745c	cska.elf
Finished building: default.size.stdout
 
Finished building: cska.list
 
18:19:39 **** Incremental Build of configuration Debug for project cska ****
make -j8 all 
arm-none-eabi-gcc "../Core/Src/secure_uart.c" -mcpu=cortex-m4 -std=gnu11 -g3 -DDEBUG -DUSE_HAL_DRIVER -DSTM32F411xE -c -I../Core/Inc -I../Drivers/STM32F4xx_HAL_Driver/Inc -I../Drivers/STM32F4xx_HAL_Driver/Inc/Legacy -I../Drivers/CMSIS/Device/ST/STM32F4xx/Include -I../Drivers/CMSIS/Include -O0 -ffunction-sections -fdata-sections -Wall -fstack-usage -fcyclomatic-complexity -MMD -MP -MF"Core/Src/secure_uart.d" -MT"Core/Src/secure_uart.o" --specs=nano.specs -mfpu=fpv4-sp-d16 -mfloat-abi=hard -mthumb -o "Core/Src/secure_uart.o"
../Core/Src/secure_uart.c: In function 'secure_uart_process_received':
../Core/Src/secure_uart.c:46:9: warning: implicit declaration of function 'monitor_print' [-Wimplicit-function-declaration]
   46 |         monitor_print("Обработка уже идет, пропускаем");
      |         ^~~~~~~~~~~~~
../Core/Src/secure_uart.c:62:5: warning: implicit declaration of function 'sprintf' [-Wimplicit-function-declaration]
   62 |     sprintf(debug_msg, "Размер буфера DMA: %lu байт", dma_head);
      |     ^~~~~~~
../Core/Src/secure_uart.c:3:1: note: include '<stdio.h>' or provide a declaration of 'sprintf'
    2 | #include "string.h"
  +++ |+#include <stdio.h>
    3 | 
../Core/Src/secure_uart.c:62:5: warning: incompatible implicit declaration of built-in function 'sprintf' [-Wbuiltin-declaration-mismatch]
   62 |     sprintf(debug_msg, "Размер буфера DMA: %lu байт", dma_head);
      |     ^~~~~~~
../Core/Src/secure_uart.c:62:5: note: include '<stdio.h>' or provide a declaration of 'sprintf'
arm-none-eabi-gcc -o "cska.elf" @"objects.list"   -mcpu=cortex-m4 -T"D:\diploma\cska\STM32F411RETX_FLASH.ld" --specs=nosys.specs -Wl,-Map="cska.map" -Wl,--gc-sections -static --specs=nano.specs -mfpu=fpv4-sp-d16 -mfloat-abi=hard -mthumb -Wl,--start-group -lc -lm -Wl,--end-group
Finished building target: cska.elf
 
arm-none-eabi-size  cska.elf 
arm-none-eabi-objdump -h -S cska.elf  > "cska.list"
   text	   data	    bss	    dec	    hex	filename
  26200	    104	   3488	  29792	   7460	cska.elf
Finished building: default.size.stdout
 
Finished building: cska.list
 
18:20:56 **** Incremental Build of configuration Debug for project cska ****
make -j8 all 
arm-none-eabi-gcc "../Core/Src/secure_uart.c" -mcpu=cortex-m4 -std=gnu11 -g3 -DDEBUG -DUSE_HAL_DRIVER -DSTM32F411xE -c -I../Core/Inc -I../Drivers/STM32F4xx_HAL_Driver/Inc -I../Drivers/STM32F4xx_HAL_Driver/Inc/Legacy -I../Drivers/CMSIS/Device/ST/STM32F4xx/Include -I../Drivers/CMSIS/Include -O0 -ffunction-sections -fdata-sections -Wall -fstack-usage -fcyclomatic-complexity -MMD -MP -MF"Core/Src/secure_uart.d" -MT"Core/Src/secure_uart.o" --specs=nano.specs -mfpu=fpv4-sp-d16 -mfloat-abi=hard -mthumb -o "Core/Src/secure_uart.o"
../Core/Src/secure_uart.c: In function 'secure_uart_process_received':
../Core/Src/secure_uart.c:46:9: warning: implicit declaration of function 'monitor_print' [-Wimplicit-function-declaration]
   46 |         monitor_print("Обработка уже идет, пропускаем");
      |         ^~~~~~~~~~~~~
../Core/Src/secure_uart.c:62:5: warning: implicit declaration of function 'sprintf' [-Wimplicit-function-declaration]
   62 |     sprintf(debug_msg, "Размер буфера DMA: %lu байт", dma_head);
      |     ^~~~~~~
../Core/Src/secure_uart.c:3:1: note: include '<stdio.h>' or provide a declaration of 'sprintf'
    2 | #include "string.h"
  +++ |+#include <stdio.h>
    3 | 
../Core/Src/secure_uart.c:62:5: warning: incompatible implicit declaration of built-in function 'sprintf' [-Wbuiltin-declaration-mismatch]
   62 |     sprintf(debug_msg, "Размер буфера DMA: %lu байт", dma_head);
      |     ^~~~~~~
../Core/Src/secure_uart.c:62:5: note: include '<stdio.h>' or provide a declaration of 'sprintf'
arm-none-eabi-gcc -o "cska.elf" @"objects.list"   -mcpu=cortex-m4 -T"D:\diploma\cska\STM32F411RETX_FLASH.ld" --specs=nosys.specs -Wl,-Map="cska.map" -Wl,--gc-sections -static --specs=nano.specs -mfpu=fpv4-sp-d16 -mfloat-abi=hard -mthumb -Wl,--start-group -lc -lm -Wl,--end-group
Finished building target: cska.elf
 
arm-none-eabi-size  cska.elf 
arm-none-eabi-objdump -h -S cska.elf  > "cska.list"
   text	   data	    bss	    dec	    hex	filename
  26196	    104	   3488	  29788	   745c	cska.elf
Finished building: default.size.stdout
 
Finished building: cska.list
 
18:24:45 **** Incremental Build of configuration Debug for project cska ****
make -j8 all 
arm-none-eabi-gcc "../Core/Src/secure_uart.c" -mcpu=cortex-m4 -std=gnu11 -g3 -DDEBUG -DUSE_HAL_DRIVER -DSTM32F411xE -c -I../Core/Inc -I../Drivers/STM32F4xx_HAL_Driver/Inc -I../Drivers/STM32F4xx_HAL_Driver/Inc/Legacy -I../Drivers/CMSIS/Device/ST/STM32F4xx/Include -I../Drivers/CMSIS/Include -O0 -ffunction-sections -fdata-sections -Wall -fstack-usage -fcyclomatic-complexity -MMD -MP -MF"Core/Src/secure_uart.d" -MT"Core/Src/secure_uart.o" --specs=nano.specs -mfpu=fpv4-sp-d16 -mfloat-abi=hard -mthumb -o "Core/Src/secure_uart.o"
arm-none-eabi-gcc "../Core/Src/speck.c" -mcpu=cortex-m4 -std=gnu11 -g3 -DDEBUG -DUSE_HAL_DRIVER -DSTM32F411xE -c -I../Core/Inc -I../Drivers/STM32F4xx_HAL_Driver/Inc -I../Drivers/STM32F4xx_HAL_Driver/Inc/Legacy -I../Drivers/CMSIS/Device/ST/STM32F4xx/Include -I../Drivers/CMSIS/Include -O0 -ffunction-sections -fdata-sections -Wall -fstack-usage -fcyclomatic-complexity -MMD -MP -MF"Core/Src/speck.d" -MT"Core/Src/speck.o" --specs=nano.specs -mfpu=fpv4-sp-d16 -mfloat-abi=hard -mthumb -o "Core/Src/speck.o"
../Core/Src/speck.c: In function 'speck_cmac':
../Core/Src/speck.c:57:5: warning: implicit declaration of function 'sprintf' [-Wimplicit-function-declaration]
   57 |     sprintf(debug_msg, "speck_cmac: длина данных=%lu", length);
      |     ^~~~~~~
../Core/Src/speck.c:2:1: note: include '<stdio.h>' or provide a declaration of 'sprintf'
    1 | #include "speck.h"
  +++ |+#include <stdio.h>
    2 | 
../Core/Src/speck.c:57:5: warning: incompatible implicit declaration of built-in function 'sprintf' [-Wbuiltin-declaration-mismatch]
   57 |     sprintf(debug_msg, "speck_cmac: длина данных=%lu", length);
      |     ^~~~~~~
../Core/Src/speck.c:57:5: note: include '<stdio.h>' or provide a declaration of 'sprintf'
../Core/Src/speck.c:88:9: warning: implicit declaration of function 'memset' [-Wimplicit-function-declaration]
   88 |         memset(last_block, 0, sizeof(last_block));
      |         ^~~~~~
../Core/Src/speck.c:2:1: note: include '<string.h>' or provide a declaration of 'memset'
    1 | #include "speck.h"
  +++ |+#include <string.h>
    2 | 
../Core/Src/speck.c:88:9: warning: incompatible implicit declaration of built-in function 'memset' [-Wbuiltin-declaration-mismatch]
   88 |         memset(last_block, 0, sizeof(last_block));
      |         ^~~~~~
../Core/Src/speck.c:88:9: note: include '<string.h>' or provide a declaration of 'memset'
../Core/Src/secure_uart.c: In function 'secure_uart_process_received':
../Core/Src/secure_uart.c:46:9: warning: implicit declaration of function 'monitor_print' [-Wimplicit-function-declaration]
   46 |         monitor_print("Обработка уже идет, пропускаем");
      |         ^~~~~~~~~~~~~
../Core/Src/secure_uart.c:62:5: warning: implicit declaration of function 'sprintf' [-Wimplicit-function-declaration]
   62 |     sprintf(debug_msg, "Размер буфера DMA: %lu байт", dma_head);
      |     ^~~~~~~
../Core/Src/secure_uart.c:3:1: note: include '<stdio.h>' or provide a declaration of 'sprintf'
    2 | #include "string.h"
  +++ |+#include <stdio.h>
    3 | 
../Core/Src/secure_uart.c:62:5: warning: incompatible implicit declaration of built-in function 'sprintf' [-Wbuiltin-declaration-mismatch]
   62 |     sprintf(debug_msg, "Размер буфера DMA: %lu байт", dma_head);
      |     ^~~~~~~
../Core/Src/secure_uart.c:62:5: note: include '<stdio.h>' or provide a declaration of 'sprintf'
../Core/Src/secure_uart.c: In function 'secure_uart_calculate_cmac':
../Core/Src/secure_uart.c:290:5: warning: incompatible implicit declaration of built-in function 'sprintf' [-Wbuiltin-declaration-mismatch]
  290 |     sprintf(debug_msg, "Вычисление CMAC: счетчик=%lu, длина=%u", counter, length);
      |     ^~~~~~~
../Core/Src/secure_uart.c:290:5: note: include '<stdio.h>' or provide a declaration of 'sprintf'
../Core/Src/secure_uart.c: In function 'secure_uart_prepare_frame':
../Core/Src/secure_uart.c:325:5: warning: incompatible implicit declaration of built-in function 'sprintf' [-Wbuiltin-declaration-mismatch]
  325 |     sprintf(debug_msg, "Подготовка фрейма: длина=%u, счетчик=%lu", length, handle->tx_counter);
      |     ^~~~~~~
../Core/Src/secure_uart.c:325:5: note: include '<stdio.h>' or provide a declaration of 'sprintf'
arm-none-eabi-gcc -o "cska.elf" @"objects.list"   -mcpu=cortex-m4 -T"D:\diploma\cska\STM32F411RETX_FLASH.ld" --specs=nosys.specs -Wl,-Map="cska.map" -Wl,--gc-sections -static --specs=nano.specs -mfpu=fpv4-sp-d16 -mfloat-abi=hard -mthumb -Wl,--start-group -lc -lm -Wl,--end-group
Finished building target: cska.elf
 
arm-none-eabi-size  cska.elf 
arm-none-eabi-objdump -h -S cska.elf  > "cska.list"
   text	   data	    bss	    dec	    hex	filename
  26884	    104	   3488	  30476	   770c	cska.elf
Finished building: default.size.stdout
 
Finished building: cska.list
 
18:24:47 **** Incremental Build of configuration Debug for project cska ****
make -j8 all 
arm-none-eabi-size  cska.elf 
   text	   data	    bss	    dec	    hex	filename
  26884	    104	   3488	  30476	   770c	cska.elf
Finished building: default.size.stdout
 
18:28:18 **** Incremental Build of configuration Debug for project cska ****
make -j8 all 
arm-none-eabi-gcc "../Core/Src/secure_uart.c" -mcpu=cortex-m4 -std=gnu11 -g3 -DDEBUG -DUSE_HAL_DRIVER -DSTM32F411xE -c -I../Core/Inc -I../Drivers/STM32F4xx_HAL_Driver/Inc -I../Drivers/STM32F4xx_HAL_Driver/Inc/Legacy -I../Drivers/CMSIS/Device/ST/STM32F4xx/Include -I../Drivers/CMSIS/Include -O0 -ffunction-sections -fdata-sections -Wall -fstack-usage -fcyclomatic-complexity -MMD -MP -MF"Core/Src/secure_uart.d" -MT"Core/Src/secure_uart.o" --specs=nano.specs -mfpu=fpv4-sp-d16 -mfloat-abi=hard -mthumb -o "Core/Src/secure_uart.o"
../Core/Src/secure_uart.c: In function 'secure_uart_process_received':
../Core/Src/secure_uart.c:46:9: warning: implicit declaration of function 'monitor_print' [-Wimplicit-function-declaration]
   46 |         monitor_print("Обработка уже идет, пропускаем");
      |         ^~~~~~~~~~~~~
../Core/Src/secure_uart.c:62:5: warning: implicit declaration of function 'sprintf' [-Wimplicit-function-declaration]
   62 |     sprintf(debug_msg, "Размер буфера DMA: %lu байт", dma_head);
      |     ^~~~~~~
../Core/Src/secure_uart.c:3:1: note: include '<stdio.h>' or provide a declaration of 'sprintf'
    2 | #include "string.h"
  +++ |+#include <stdio.h>
    3 | 
../Core/Src/secure_uart.c:62:5: warning: incompatible implicit declaration of built-in function 'sprintf' [-Wbuiltin-declaration-mismatch]
   62 |     sprintf(debug_msg, "Размер буфера DMA: %lu байт", dma_head);
      |     ^~~~~~~
../Core/Src/secure_uart.c:62:5: note: include '<stdio.h>' or provide a declaration of 'sprintf'
../Core/Src/secure_uart.c: In function 'secure_uart_calculate_cmac':
../Core/Src/secure_uart.c:297:5: warning: incompatible implicit declaration of built-in function 'sprintf' [-Wbuiltin-declaration-mismatch]
  297 |     sprintf(debug_msg, "Вычисление CMAC: счетчик=%lu, длина=%u", counter, length);
      |     ^~~~~~~
../Core/Src/secure_uart.c:297:5: note: include '<stdio.h>' or provide a declaration of 'sprintf'
../Core/Src/secure_uart.c: In function 'secure_uart_prepare_frame':
../Core/Src/secure_uart.c:332:5: warning: incompatible implicit declaration of built-in function 'sprintf' [-Wbuiltin-declaration-mismatch]
  332 |     sprintf(debug_msg, "Подготовка фрейма: длина=%u, счетчик=%lu", length, handle->tx_counter);
      |     ^~~~~~~
../Core/Src/secure_uart.c:332:5: note: include '<stdio.h>' or provide a declaration of 'sprintf'
arm-none-eabi-gcc -o "cska.elf" @"objects.list"   -mcpu=cortex-m4 -T"D:\diploma\cska\STM32F411RETX_FLASH.ld" --specs=nosys.specs -Wl,-Map="cska.map" -Wl,--gc-sections -static --specs=nano.specs -mfpu=fpv4-sp-d16 -mfloat-abi=hard -mthumb -Wl,--start-group -lc -lm -Wl,--end-group
Finished building target: cska.elf
 
arm-none-eabi-size  cska.elf 
arm-none-eabi-objdump -h -S cska.elf  > "cska.list"
   text	   data	    bss	    dec	    hex	filename
  27008	    104	   3488	  30600	   7788	cska.elf
Finished building: default.size.stdout
 
Finished building: cska.list
 
18:28:21 **** Incremental Build of configuration Debug for project cska ****
make -j8 all 
arm-none-eabi-size  cska.elf 
   text	   data	    bss	    dec	    hex	filename
  27008	    104	   3488	  30600	   7788	cska.elf
Finished building: default.size.stdout
 
18:35:42 **** Incremental Build of configuration Debug for project cska ****
make -j8 all 
arm-none-eabi-gcc "../Core/Src/secure_uart.c" -mcpu=cortex-m4 -std=gnu11 -g3 -DDEBUG -DUSE_HAL_DRIVER -DSTM32F411xE -c -I../Core/Inc -I../Drivers/STM32F4xx_HAL_Driver/Inc -I../Drivers/STM32F4xx_HAL_Driver/Inc/Legacy -I../Drivers/CMSIS/Device/ST/STM32F4xx/Include -I../Drivers/CMSIS/Include -O0 -ffunction-sections -fdata-sections -Wall -fstack-usage -fcyclomatic-complexity -MMD -MP -MF"Core/Src/secure_uart.d" -MT"Core/Src/secure_uart.o" --specs=nano.specs -mfpu=fpv4-sp-d16 -mfloat-abi=hard -mthumb -o "Core/Src/secure_uart.o"
../Core/Src/secure_uart.c: In function 'secure_uart_process_received':
../Core/Src/secure_uart.c:46:9: warning: implicit declaration of function 'monitor_print' [-Wimplicit-function-declaration]
   46 |         monitor_print("Обработка уже идет, пропускаем");
      |         ^~~~~~~~~~~~~
../Core/Src/secure_uart.c:62:5: warning: implicit declaration of function 'sprintf' [-Wimplicit-function-declaration]
   62 |     sprintf(debug_msg, "Размер буфера DMA: %lu байт", dma_head);
      |     ^~~~~~~
../Core/Src/secure_uart.c:3:1: note: include '<stdio.h>' or provide a declaration of 'sprintf'
    2 | #include "string.h"
  +++ |+#include <stdio.h>
    3 | 
../Core/Src/secure_uart.c:62:5: warning: incompatible implicit declaration of built-in function 'sprintf' [-Wbuiltin-declaration-mismatch]
   62 |     sprintf(debug_msg, "Размер буфера DMA: %lu байт", dma_head);
      |     ^~~~~~~
../Core/Src/secure_uart.c:62:5: note: include '<stdio.h>' or provide a declaration of 'sprintf'
../Core/Src/secure_uart.c: In function 'secure_uart_calculate_cmac':
../Core/Src/secure_uart.c:287:5: warning: incompatible implicit declaration of built-in function 'sprintf' [-Wbuiltin-declaration-mismatch]
  287 |     sprintf(debug_msg, "Вычисление CMAC: счетчик=%lu, длина=%u", counter, length);
      |     ^~~~~~~
../Core/Src/secure_uart.c:287:5: note: include '<stdio.h>' or provide a declaration of 'sprintf'
../Core/Src/secure_uart.c: In function 'secure_uart_prepare_frame':
../Core/Src/secure_uart.c:322:5: warning: incompatible implicit declaration of built-in function 'sprintf' [-Wbuiltin-declaration-mismatch]
  322 |     sprintf(debug_msg, "Подготовка фрейма: длина=%u, счетчик=%lu", length, handle->tx_counter);
      |     ^~~~~~~
../Core/Src/secure_uart.c:322:5: note: include '<stdio.h>' or provide a declaration of 'sprintf'
arm-none-eabi-gcc -o "cska.elf" @"objects.list"   -mcpu=cortex-m4 -T"D:\diploma\cska\STM32F411RETX_FLASH.ld" --specs=nosys.specs -Wl,-Map="cska.map" -Wl,--gc-sections -static --specs=nano.specs -mfpu=fpv4-sp-d16 -mfloat-abi=hard -mthumb -Wl,--start-group -lc -lm -Wl,--end-group
Finished building target: cska.elf
 
arm-none-eabi-size  cska.elf 
arm-none-eabi-objdump -h -S cska.elf  > "cska.list"
   text	   data	    bss	    dec	    hex	filename
  26912	    104	   3488	  30504	   7728	cska.elf
Finished building: default.size.stdout
 
Finished building: cska.list
 
18:35:44 **** Incremental Build of configuration Debug for project cska ****
make -j8 all 
arm-none-eabi-size  cska.elf 
   text	   data	    bss	    dec	    hex	filename
  26912	    104	   3488	  30504	   7728	cska.elf
Finished building: default.size.stdout
 
18:37:37 **** Incremental Build of configuration Debug for project cska ****
make -j8 all 
arm-none-eabi-gcc "../Core/Src/secure_uart.c" -mcpu=cortex-m4 -std=gnu11 -g3 -DDEBUG -DUSE_HAL_DRIVER -DSTM32F411xE -c -I../Core/Inc -I../Drivers/STM32F4xx_HAL_Driver/Inc -I../Drivers/STM32F4xx_HAL_Driver/Inc/Legacy -I../Drivers/CMSIS/Device/ST/STM32F4xx/Include -I../Drivers/CMSIS/Include -O0 -ffunction-sections -fdata-sections -Wall -fstack-usage -fcyclomatic-complexity -MMD -MP -MF"Core/Src/secure_uart.d" -MT"Core/Src/secure_uart.o" --specs=nano.specs -mfpu=fpv4-sp-d16 -mfloat-abi=hard -mthumb -o "Core/Src/secure_uart.o"
../Core/Src/secure_uart.c: In function 'secure_uart_process_received':
../Core/Src/secure_uart.c:46:9: warning: implicit declaration of function 'monitor_print' [-Wimplicit-function-declaration]
   46 |         monitor_print("Обработка уже идет, пропускаем");
      |         ^~~~~~~~~~~~~
../Core/Src/secure_uart.c:62:5: warning: implicit declaration of function 'sprintf' [-Wimplicit-function-declaration]
   62 |     sprintf(debug_msg, "Размер буфера DMA: %lu байт", dma_head);
      |     ^~~~~~~
../Core/Src/secure_uart.c:3:1: note: include '<stdio.h>' or provide a declaration of 'sprintf'
    2 | #include "string.h"
  +++ |+#include <stdio.h>
    3 | 
../Core/Src/secure_uart.c:62:5: warning: incompatible implicit declaration of built-in function 'sprintf' [-Wbuiltin-declaration-mismatch]
   62 |     sprintf(debug_msg, "Размер буфера DMA: %lu байт", dma_head);
      |     ^~~~~~~
../Core/Src/secure_uart.c:62:5: note: include '<stdio.h>' or provide a declaration of 'sprintf'
../Core/Src/secure_uart.c: In function 'secure_uart_calculate_cmac':
../Core/Src/secure_uart.c:287:5: warning: incompatible implicit declaration of built-in function 'sprintf' [-Wbuiltin-declaration-mismatch]
  287 |     sprintf(debug_msg, "Вычисление CMAC: счетчик=%lu, длина=%u", counter, length);
      |     ^~~~~~~
../Core/Src/secure_uart.c:287:5: note: include '<stdio.h>' or provide a declaration of 'sprintf'
../Core/Src/secure_uart.c: In function 'secure_uart_prepare_frame':
../Core/Src/secure_uart.c:322:5: warning: incompatible implicit declaration of built-in function 'sprintf' [-Wbuiltin-declaration-mismatch]
  322 |     sprintf(debug_msg, "Подготовка фрейма: длина=%u, счетчик=%lu", length, handle->tx_counter);
      |     ^~~~~~~
../Core/Src/secure_uart.c:322:5: note: include '<stdio.h>' or provide a declaration of 'sprintf'
arm-none-eabi-gcc -o "cska.elf" @"objects.list"   -mcpu=cortex-m4 -T"D:\diploma\cska\STM32F411RETX_FLASH.ld" --specs=nosys.specs -Wl,-Map="cska.map" -Wl,--gc-sections -static --specs=nano.specs -mfpu=fpv4-sp-d16 -mfloat-abi=hard -mthumb -Wl,--start-group -lc -lm -Wl,--end-group
Finished building target: cska.elf
 
arm-none-eabi-size  cska.elf 
arm-none-eabi-objdump -h -S cska.elf  > "cska.list"
   text	   data	    bss	    dec	    hex	filename
  26912	    104	   3488	  30504	   7728	cska.elf
Finished building: default.size.stdout
 
Finished building: cska.list
 
