12:41:01 **** Incremental Build of configuration Debug for project inter ****
make -j8 all 
arm-none-eabi-gcc "../Core/Src/secure_uart.c" -mcpu=cortex-m4 -std=gnu11 -g3 -DDEBUG -DUSE_HAL_DRIVER -DSTM32F411xE -c -I../Core/Inc -I../Drivers/STM32F4xx_HAL_Driver/Inc -I../Drivers/STM32F4xx_HAL_Driver/Inc/Legacy -I../Drivers/CMSIS/Device/ST/STM32F4xx/Include -I../Drivers/CMSIS/Include -O0 -ffunction-sections -fdata-sections -Wall -fstack-usage -fcyclomatic-complexity -MMD -MP -MF"Core/Src/secure_uart.d" -MT"Core/Src/secure_uart.o" --specs=nano.specs -mfpu=fpv4-sp-d16 -mfloat-abi=hard -mthumb -o "Core/Src/secure_uart.o"
arm-none-eabi-gcc "../Core/Src/speck.c" -mcpu=cortex-m4 -std=gnu11 -g3 -DDEBUG -DUSE_HAL_DRIVER -DSTM32F411xE -c -I../Core/Inc -I../Drivers/STM32F4xx_HAL_Driver/Inc -I../Drivers/STM32F4xx_HAL_Driver/Inc/Legacy -I../Drivers/CMSIS/Device/ST/STM32F4xx/Include -I../Drivers/CMSIS/Include -O0 -ffunction-sections -fdata-sections -Wall -fstack-usage -fcyclomatic-complexity -MMD -MP -MF"Core/Src/speck.d" -MT"Core/Src/speck.o" --specs=nano.specs -mfpu=fpv4-sp-d16 -mfloat-abi=hard -mthumb -o "Core/Src/speck.o"
../Core/Src/speck.c:133:8: error: conflicting types for 'Speck_Encrypt_Simple'; have 'size_t(const SpeckContext *, const uint8_t *, size_t,  uint8_t *)' {aka 'unsigned int(const SpeckContext *, const unsigned char *, unsigned int,  unsigned char *)'}
  133 | size_t Speck_Encrypt_Simple(const SpeckContext* ctx, const uint8_t* plaintext,
      |        ^~~~~~~~~~~~~~~~~~~~
In file included from ../Core/Src/speck.c:6:
../Core/Inc/speck.h:53:8: note: previous declaration of 'Speck_Encrypt_Simple' with type 'size_t(const SpeckContext *, const uint8_t *, size_t,  const uint8_t *, uint8_t *)' {aka 'unsigned int(const SpeckContext *, const unsigned char *, unsigned int,  const unsigned char *, unsigned char *)'}
   53 | size_t Speck_Encrypt_Simple(const SpeckContext* ctx, const uint8_t* plaintext, size_t length,
      |        ^~~~~~~~~~~~~~~~~~~~
../Core/Src/speck.c:157:8: error: conflicting types for 'Speck_Decrypt_Simple'; have 'size_t(const SpeckContext *, const uint8_t *, size_t,  uint8_t *)' {aka 'unsigned int(const SpeckContext *, const unsigned char *, unsigned int,  unsigned char *)'}
  157 | size_t Speck_Decrypt_Simple(const SpeckContext* ctx, const uint8_t* ciphertext,
      |        ^~~~~~~~~~~~~~~~~~~~
../Core/Inc/speck.h:66:8: note: previous declaration of 'Speck_Decrypt_Simple' with type 'size_t(const SpeckContext *, const uint8_t *, size_t,  const uint8_t *, uint8_t *)' {aka 'unsigned int(const SpeckContext *, const unsigned char *, unsigned int,  const unsigned char *, unsigned char *)'}
   66 | size_t Speck_Decrypt_Simple(const SpeckContext* ctx, const uint8_t* ciphertext, size_t length,
      |        ^~~~~~~~~~~~~~~~~~~~
make: *** [Core/Src/subdir.mk:43: Core/Src/speck.o] Error 1
make: *** Waiting for unfinished jobs....
../Core/Src/secure_uart.c: In function 'SecureUart_ProcessReceivedData':
../Core/Src/secure_uart.c:302:35: error: too few arguments to function 'Speck_Decrypt_Simple'
  302 |         size_t decrypted_length = Speck_Decrypt_Simple(
      |                                   ^~~~~~~~~~~~~~~~~~~~
In file included from ../Core/Inc/secure_uart.h:13,
                 from ../Core/Src/secure_uart.c:6:
../Core/Inc/speck.h:66:8: note: declared here
   66 | size_t Speck_Decrypt_Simple(const SpeckContext* ctx, const uint8_t* ciphertext, size_t length,
      |        ^~~~~~~~~~~~~~~~~~~~
make: *** [Core/Src/subdir.mk:43: Core/Src/secure_uart.o] Error 1
"make -j8 all" terminated with exit code 2. Build might be incomplete.
12:41:37 **** Incremental Build of configuration Debug for project inter ****
make -j8 all 
arm-none-eabi-gcc "../Core/Src/main.c" -mcpu=cortex-m4 -std=gnu11 -g3 -DDEBUG -DUSE_HAL_DRIVER -DSTM32F411xE -c -I../Core/Inc -I../Drivers/STM32F4xx_HAL_Driver/Inc -I../Drivers/STM32F4xx_HAL_Driver/Inc/Legacy -I../Drivers/CMSIS/Device/ST/STM32F4xx/Include -I../Drivers/CMSIS/Include -O0 -ffunction-sections -fdata-sections -Wall -fstack-usage -fcyclomatic-complexity -MMD -MP -MF"Core/Src/main.d" -MT"Core/Src/main.o" --specs=nano.specs -mfpu=fpv4-sp-d16 -mfloat-abi=hard -mthumb -o "Core/Src/main.o"
arm-none-eabi-gcc "../Core/Src/secure_uart.c" -mcpu=cortex-m4 -std=gnu11 -g3 -DDEBUG -DUSE_HAL_DRIVER -DSTM32F411xE -c -I../Core/Inc -I../Drivers/STM32F4xx_HAL_Driver/Inc -I../Drivers/STM32F4xx_HAL_Driver/Inc/Legacy -I../Drivers/CMSIS/Device/ST/STM32F4xx/Include -I../Drivers/CMSIS/Include -O0 -ffunction-sections -fdata-sections -Wall -fstack-usage -fcyclomatic-complexity -MMD -MP -MF"Core/Src/secure_uart.d" -MT"Core/Src/secure_uart.o" --specs=nano.specs -mfpu=fpv4-sp-d16 -mfloat-abi=hard -mthumb -o "Core/Src/secure_uart.o"
arm-none-eabi-gcc "../Core/Src/speck.c" -mcpu=cortex-m4 -std=gnu11 -g3 -DDEBUG -DUSE_HAL_DRIVER -DSTM32F411xE -c -I../Core/Inc -I../Drivers/STM32F4xx_HAL_Driver/Inc -I../Drivers/STM32F4xx_HAL_Driver/Inc/Legacy -I../Drivers/CMSIS/Device/ST/STM32F4xx/Include -I../Drivers/CMSIS/Include -O0 -ffunction-sections -fdata-sections -Wall -fstack-usage -fcyclomatic-complexity -MMD -MP -MF"Core/Src/speck.d" -MT"Core/Src/speck.o" --specs=nano.specs -mfpu=fpv4-sp-d16 -mfloat-abi=hard -mthumb -o "Core/Src/speck.o"
arm-none-eabi-gcc "../Core/Src/stm32f4xx_it.c" -mcpu=cortex-m4 -std=gnu11 -g3 -DDEBUG -DUSE_HAL_DRIVER -DSTM32F411xE -c -I../Core/Inc -I../Drivers/STM32F4xx_HAL_Driver/Inc -I../Drivers/STM32F4xx_HAL_Driver/Inc/Legacy -I../Drivers/CMSIS/Device/ST/STM32F4xx/Include -I../Drivers/CMSIS/Include -O0 -ffunction-sections -fdata-sections -Wall -fstack-usage -fcyclomatic-complexity -MMD -MP -MF"Core/Src/stm32f4xx_it.d" -MT"Core/Src/stm32f4xx_it.o" --specs=nano.specs -mfpu=fpv4-sp-d16 -mfloat-abi=hard -mthumb -o "Core/Src/stm32f4xx_it.o"
../Core/Src/secure_uart.c: In function 'SecureUart_Send':
../Core/Src/secure_uart.c:153:81: warning: passing argument 4 of 'Speck_Encrypt_Simple' discards 'const' qualifier from pointer target type [-Wdiscarded-qualifiers]
  153 |         size_t enc_length = Speck_Encrypt_Simple(&ctx->speck_ctx, data, length, FIXED_IV, encrypted_data);
      |                                                                                 ^~~~~~~~
In file included from ../Core/Inc/secure_uart.h:13,
                 from ../Core/Src/secure_uart.c:6:
../Core/Inc/speck.h:54:41: note: expected 'uint8_t *' {aka 'unsigned char *'} but argument is of type 'const uint8_t *' {aka 'const unsigned char *'}
   54 |                 size_t length, uint8_t* ciphertext);
      |                                ~~~~~~~~~^~~~~~~~~~
../Core/Src/secure_uart.c:153:29: error: too many arguments to function 'Speck_Encrypt_Simple'
  153 |         size_t enc_length = Speck_Encrypt_Simple(&ctx->speck_ctx, data, length, FIXED_IV, encrypted_data);
      |                             ^~~~~~~~~~~~~~~~~~~~
../Core/Inc/speck.h:53:8: note: declared here
   53 | size_t Speck_Encrypt_Simple(const SpeckContext* ctx, const uint8_t* plaintext,
      |        ^~~~~~~~~~~~~~~~~~~~
make: *** [Core/Src/subdir.mk:43: Core/Src/secure_uart.o] Error 1
make: *** Waiting for unfinished jobs....
"make -j8 all" terminated with exit code 2. Build might be incomplete.
12:42:05 **** Incremental Build of configuration Debug for project inter ****
make -j8 all 
arm-none-eabi-gcc "../Core/Src/secure_uart.c" -mcpu=cortex-m4 -std=gnu11 -g3 -DDEBUG -DUSE_HAL_DRIVER -DSTM32F411xE -c -I../Core/Inc -I../Drivers/STM32F4xx_HAL_Driver/Inc -I../Drivers/STM32F4xx_HAL_Driver/Inc/Legacy -I../Drivers/CMSIS/Device/ST/STM32F4xx/Include -I../Drivers/CMSIS/Include -O0 -ffunction-sections -fdata-sections -Wall -fstack-usage -fcyclomatic-complexity -MMD -MP -MF"Core/Src/secure_uart.d" -MT"Core/Src/secure_uart.o" --specs=nano.specs -mfpu=fpv4-sp-d16 -mfloat-abi=hard -mthumb -o "Core/Src/secure_uart.o"
../Core/Src/secure_uart.c:15:22: warning: 'FIXED_IV' defined but not used [-Wunused-const-variable=]
   15 | static const uint8_t FIXED_IV[IV_SIZE] = {0x01, 0x02, 0x03, 0x04, 0x05, 0x06, 0x07, 0x08};
      |                      ^~~~~~~~
arm-none-eabi-gcc -o "inter.elf" @"objects.list"   -mcpu=cortex-m4 -T"D:\diploma\inter\STM32F411RETX_FLASH.ld" --specs=nosys.specs -Wl,-Map="inter.map" -Wl,--gc-sections -static --specs=nano.specs -mfpu=fpv4-sp-d16 -mfloat-abi=hard -mthumb -Wl,--start-group -lc -lm -Wl,--end-group
Finished building target: inter.elf
 
arm-none-eabi-size  inter.elf 
arm-none-eabi-objdump -h -S inter.elf  > "inter.list"
   text	   data	    bss	    dec	    hex	filename
  27868	    252	   3100	  31220	   79f4	inter.elf
Finished building: default.size.stdout
 
Finished building: inter.list
 
12:42:08 **** Incremental Build of configuration Debug for project inter ****
make -j8 all 
arm-none-eabi-size  inter.elf 
   text	   data	    bss	    dec	    hex	filename
  27868	    252	   3100	  31220	   79f4	inter.elf
Finished building: default.size.stdout
 
12:45:24 **** Incremental Build of configuration Debug for project inter ****
make -j8 all 
arm-none-eabi-gcc "../Core/Src/main.c" -mcpu=cortex-m4 -std=gnu11 -g3 -DDEBUG -DUSE_HAL_DRIVER -DSTM32F411xE -c -I../Core/Inc -I../Drivers/STM32F4xx_HAL_Driver/Inc -I../Drivers/STM32F4xx_HAL_Driver/Inc/Legacy -I../Drivers/CMSIS/Device/ST/STM32F4xx/Include -I../Drivers/CMSIS/Include -O0 -ffunction-sections -fdata-sections -Wall -fstack-usage -fcyclomatic-complexity -MMD -MP -MF"Core/Src/main.d" -MT"Core/Src/main.o" --specs=nano.specs -mfpu=fpv4-sp-d16 -mfloat-abi=hard -mthumb -o "Core/Src/main.o"
arm-none-eabi-gcc "../Core/Src/secure_uart.c" -mcpu=cortex-m4 -std=gnu11 -g3 -DDEBUG -DUSE_HAL_DRIVER -DSTM32F411xE -c -I../Core/Inc -I../Drivers/STM32F4xx_HAL_Driver/Inc -I../Drivers/STM32F4xx_HAL_Driver/Inc/Legacy -I../Drivers/CMSIS/Device/ST/STM32F4xx/Include -I../Drivers/CMSIS/Include -O0 -ffunction-sections -fdata-sections -Wall -fstack-usage -fcyclomatic-complexity -MMD -MP -MF"Core/Src/secure_uart.d" -MT"Core/Src/secure_uart.o" --specs=nano.specs -mfpu=fpv4-sp-d16 -mfloat-abi=hard -mthumb -o "Core/Src/secure_uart.o"
arm-none-eabi-gcc "../Core/Src/stm32f4xx_it.c" -mcpu=cortex-m4 -std=gnu11 -g3 -DDEBUG -DUSE_HAL_DRIVER -DSTM32F411xE -c -I../Core/Inc -I../Drivers/STM32F4xx_HAL_Driver/Inc -I../Drivers/STM32F4xx_HAL_Driver/Inc/Legacy -I../Drivers/CMSIS/Device/ST/STM32F4xx/Include -I../Drivers/CMSIS/Include -O0 -ffunction-sections -fdata-sections -Wall -fstack-usage -fcyclomatic-complexity -MMD -MP -MF"Core/Src/stm32f4xx_it.d" -MT"Core/Src/stm32f4xx_it.o" --specs=nano.specs -mfpu=fpv4-sp-d16 -mfloat-abi=hard -mthumb -o "Core/Src/stm32f4xx_it.o"
../Core/Src/secure_uart.c:15:22: warning: 'FIXED_IV' defined but not used [-Wunused-const-variable=]
   15 | static const uint8_t FIXED_IV[IV_SIZE] = {0x01, 0x02, 0x03, 0x04, 0x05, 0x06, 0x07, 0x08};
      |                      ^~~~~~~~
arm-none-eabi-gcc -o "inter.elf" @"objects.list"   -mcpu=cortex-m4 -T"D:\diploma\inter\STM32F411RETX_FLASH.ld" --specs=nosys.specs -Wl,-Map="inter.map" -Wl,--gc-sections -static --specs=nano.specs -mfpu=fpv4-sp-d16 -mfloat-abi=hard -mthumb -Wl,--start-group -lc -lm -Wl,--end-group
Finished building target: inter.elf
 
arm-none-eabi-size  inter.elf 
arm-none-eabi-objdump -h -S inter.elf  > "inter.list"
   text	   data	    bss	    dec	    hex	filename
  27868	    252	   3100	  31220	   79f4	inter.elf
Finished building: default.size.stdout
 
Finished building: inter.list
 
12:45:27 **** Incremental Build of configuration Debug for project inter ****
make -j8 all 
arm-none-eabi-size  inter.elf 
   text	   data	    bss	    dec	    hex	filename
  27868	    252	   3100	  31220	   79f4	inter.elf
Finished building: default.size.stdout
 
12:47:58 **** Incremental Build of configuration Debug for project inter ****
make -j8 all 
arm-none-eabi-gcc "../Core/Src/main.c" -mcpu=cortex-m4 -std=gnu11 -g3 -DDEBUG -DUSE_HAL_DRIVER -DSTM32F411xE -c -I../Core/Inc -I../Drivers/STM32F4xx_HAL_Driver/Inc -I../Drivers/STM32F4xx_HAL_Driver/Inc/Legacy -I../Drivers/CMSIS/Device/ST/STM32F4xx/Include -I../Drivers/CMSIS/Include -O0 -ffunction-sections -fdata-sections -Wall -fstack-usage -fcyclomatic-complexity -MMD -MP -MF"Core/Src/main.d" -MT"Core/Src/main.o" --specs=nano.specs -mfpu=fpv4-sp-d16 -mfloat-abi=hard -mthumb -o "Core/Src/main.o"
arm-none-eabi-gcc "../Core/Src/secure_uart.c" -mcpu=cortex-m4 -std=gnu11 -g3 -DDEBUG -DUSE_HAL_DRIVER -DSTM32F411xE -c -I../Core/Inc -I../Drivers/STM32F4xx_HAL_Driver/Inc -I../Drivers/STM32F4xx_HAL_Driver/Inc/Legacy -I../Drivers/CMSIS/Device/ST/STM32F4xx/Include -I../Drivers/CMSIS/Include -O0 -ffunction-sections -fdata-sections -Wall -fstack-usage -fcyclomatic-complexity -MMD -MP -MF"Core/Src/secure_uart.d" -MT"Core/Src/secure_uart.o" --specs=nano.specs -mfpu=fpv4-sp-d16 -mfloat-abi=hard -mthumb -o "Core/Src/secure_uart.o"
arm-none-eabi-gcc "../Core/Src/stm32f4xx_it.c" -mcpu=cortex-m4 -std=gnu11 -g3 -DDEBUG -DUSE_HAL_DRIVER -DSTM32F411xE -c -I../Core/Inc -I../Drivers/STM32F4xx_HAL_Driver/Inc -I../Drivers/STM32F4xx_HAL_Driver/Inc/Legacy -I../Drivers/CMSIS/Device/ST/STM32F4xx/Include -I../Drivers/CMSIS/Include -O0 -ffunction-sections -fdata-sections -Wall -fstack-usage -fcyclomatic-complexity -MMD -MP -MF"Core/Src/stm32f4xx_it.d" -MT"Core/Src/stm32f4xx_it.o" --specs=nano.specs -mfpu=fpv4-sp-d16 -mfloat-abi=hard -mthumb -o "Core/Src/stm32f4xx_it.o"
../Core/Src/secure_uart.c:15:31: error: 'IV_SIZE' undeclared here (not in a function)
   15 | static const uint8_t FIXED_IV[IV_SIZE] = {0x01, 0x02, 0x03, 0x04, 0x05, 0x06, 0x07, 0x08};
      |                               ^~~~~~~
../Core/Src/secure_uart.c:15:22: warning: 'FIXED_IV' defined but not used [-Wunused-variable]
   15 | static const uint8_t FIXED_IV[IV_SIZE] = {0x01, 0x02, 0x03, 0x04, 0x05, 0x06, 0x07, 0x08};
      |                      ^~~~~~~~
make: *** [Core/Src/subdir.mk:43: Core/Src/secure_uart.o] Error 1
make: *** Waiting for unfinished jobs....
"make -j8 all" terminated with exit code 2. Build might be incomplete.
12:48:14 **** Incremental Build of configuration Debug for project inter ****
make -j8 all 
arm-none-eabi-gcc "../Core/Src/secure_uart.c" -mcpu=cortex-m4 -std=gnu11 -g3 -DDEBUG -DUSE_HAL_DRIVER -DSTM32F411xE -c -I../Core/Inc -I../Drivers/STM32F4xx_HAL_Driver/Inc -I../Drivers/STM32F4xx_HAL_Driver/Inc/Legacy -I../Drivers/CMSIS/Device/ST/STM32F4xx/Include -I../Drivers/CMSIS/Include -O0 -ffunction-sections -fdata-sections -Wall -fstack-usage -fcyclomatic-complexity -MMD -MP -MF"Core/Src/secure_uart.d" -MT"Core/Src/secure_uart.o" --specs=nano.specs -mfpu=fpv4-sp-d16 -mfloat-abi=hard -mthumb -o "Core/Src/secure_uart.o"
arm-none-eabi-gcc -o "inter.elf" @"objects.list"   -mcpu=cortex-m4 -T"D:\diploma\inter\STM32F411RETX_FLASH.ld" --specs=nosys.specs -Wl,-Map="inter.map" -Wl,--gc-sections -static --specs=nano.specs -mfpu=fpv4-sp-d16 -mfloat-abi=hard -mthumb -Wl,--start-group -lc -lm -Wl,--end-group
Finished building target: inter.elf
 
arm-none-eabi-size  inter.elf 
arm-none-eabi-objdump -h -S inter.elf  > "inter.list"
   text	   data	    bss	    dec	    hex	filename
  27868	    252	   3084	  31204	   79e4	inter.elf
Finished building: default.size.stdout
 
Finished building: inter.list
 
12:48:17 **** Incremental Build of configuration Debug for project inter ****
make -j8 all 
arm-none-eabi-size  inter.elf 
   text	   data	    bss	    dec	    hex	filename
  27868	    252	   3084	  31204	   79e4	inter.elf
Finished building: default.size.stdout
 
12:51:13 **** Incremental Build of configuration Debug for project inter ****
make -j8 all 
arm-none-eabi-gcc "../Core/Src/main.c" -mcpu=cortex-m4 -std=gnu11 -g3 -DDEBUG -DUSE_HAL_DRIVER -DSTM32F411xE -c -I../Core/Inc -I../Drivers/STM32F4xx_HAL_Driver/Inc -I../Drivers/STM32F4xx_HAL_Driver/Inc/Legacy -I../Drivers/CMSIS/Device/ST/STM32F4xx/Include -I../Drivers/CMSIS/Include -O0 -ffunction-sections -fdata-sections -Wall -fstack-usage -fcyclomatic-complexity -MMD -MP -MF"Core/Src/main.d" -MT"Core/Src/main.o" --specs=nano.specs -mfpu=fpv4-sp-d16 -mfloat-abi=hard -mthumb -o "Core/Src/main.o"
arm-none-eabi-gcc "../Core/Src/secure_uart.c" -mcpu=cortex-m4 -std=gnu11 -g3 -DDEBUG -DUSE_HAL_DRIVER -DSTM32F411xE -c -I../Core/Inc -I../Drivers/STM32F4xx_HAL_Driver/Inc -I../Drivers/STM32F4xx_HAL_Driver/Inc/Legacy -I../Drivers/CMSIS/Device/ST/STM32F4xx/Include -I../Drivers/CMSIS/Include -O0 -ffunction-sections -fdata-sections -Wall -fstack-usage -fcyclomatic-complexity -MMD -MP -MF"Core/Src/secure_uart.d" -MT"Core/Src/secure_uart.o" --specs=nano.specs -mfpu=fpv4-sp-d16 -mfloat-abi=hard -mthumb -o "Core/Src/secure_uart.o"
arm-none-eabi-gcc "../Core/Src/stm32f4xx_it.c" -mcpu=cortex-m4 -std=gnu11 -g3 -DDEBUG -DUSE_HAL_DRIVER -DSTM32F411xE -c -I../Core/Inc -I../Drivers/STM32F4xx_HAL_Driver/Inc -I../Drivers/STM32F4xx_HAL_Driver/Inc/Legacy -I../Drivers/CMSIS/Device/ST/STM32F4xx/Include -I../Drivers/CMSIS/Include -O0 -ffunction-sections -fdata-sections -Wall -fstack-usage -fcyclomatic-complexity -MMD -MP -MF"Core/Src/stm32f4xx_it.d" -MT"Core/Src/stm32f4xx_it.o" --specs=nano.specs -mfpu=fpv4-sp-d16 -mfloat-abi=hard -mthumb -o "Core/Src/stm32f4xx_it.o"
arm-none-eabi-gcc -o "inter.elf" @"objects.list"   -mcpu=cortex-m4 -T"D:\diploma\inter\STM32F411RETX_FLASH.ld" --specs=nosys.specs -Wl,-Map="inter.map" -Wl,--gc-sections -static --specs=nano.specs -mfpu=fpv4-sp-d16 -mfloat-abi=hard -mthumb -Wl,--start-group -lc -lm -Wl,--end-group
Finished building target: inter.elf
 
arm-none-eabi-size  inter.elf 
arm-none-eabi-objdump -h -S inter.elf  > "inter.list"
   text	   data	    bss	    dec	    hex	filename
  27868	    252	   3084	  31204	   79e4	inter.elf
Finished building: default.size.stdout
 
Finished building: inter.list
 
12:51:33 **** Incremental Build of configuration Debug for project inter ****
make -j8 all 
arm-none-eabi-gcc "../Core/Src/main.c" -mcpu=cortex-m4 -std=gnu11 -g3 -DDEBUG -DUSE_HAL_DRIVER -DSTM32F411xE -c -I../Core/Inc -I../Drivers/STM32F4xx_HAL_Driver/Inc -I../Drivers/STM32F4xx_HAL_Driver/Inc/Legacy -I../Drivers/CMSIS/Device/ST/STM32F4xx/Include -I../Drivers/CMSIS/Include -O0 -ffunction-sections -fdata-sections -Wall -fstack-usage -fcyclomatic-complexity -MMD -MP -MF"Core/Src/main.d" -MT"Core/Src/main.o" --specs=nano.specs -mfpu=fpv4-sp-d16 -mfloat-abi=hard -mthumb -o "Core/Src/main.o"
arm-none-eabi-gcc "../Core/Src/secure_uart.c" -mcpu=cortex-m4 -std=gnu11 -g3 -DDEBUG -DUSE_HAL_DRIVER -DSTM32F411xE -c -I../Core/Inc -I../Drivers/STM32F4xx_HAL_Driver/Inc -I../Drivers/STM32F4xx_HAL_Driver/Inc/Legacy -I../Drivers/CMSIS/Device/ST/STM32F4xx/Include -I../Drivers/CMSIS/Include -O0 -ffunction-sections -fdata-sections -Wall -fstack-usage -fcyclomatic-complexity -MMD -MP -MF"Core/Src/secure_uart.d" -MT"Core/Src/secure_uart.o" --specs=nano.specs -mfpu=fpv4-sp-d16 -mfloat-abi=hard -mthumb -o "Core/Src/secure_uart.o"
arm-none-eabi-gcc "../Core/Src/stm32f4xx_it.c" -mcpu=cortex-m4 -std=gnu11 -g3 -DDEBUG -DUSE_HAL_DRIVER -DSTM32F411xE -c -I../Core/Inc -I../Drivers/STM32F4xx_HAL_Driver/Inc -I../Drivers/STM32F4xx_HAL_Driver/Inc/Legacy -I../Drivers/CMSIS/Device/ST/STM32F4xx/Include -I../Drivers/CMSIS/Include -O0 -ffunction-sections -fdata-sections -Wall -fstack-usage -fcyclomatic-complexity -MMD -MP -MF"Core/Src/stm32f4xx_it.d" -MT"Core/Src/stm32f4xx_it.o" --specs=nano.specs -mfpu=fpv4-sp-d16 -mfloat-abi=hard -mthumb -o "Core/Src/stm32f4xx_it.o"
arm-none-eabi-gcc -o "inter.elf" @"objects.list"   -mcpu=cortex-m4 -T"D:\diploma\inter\STM32F411RETX_FLASH.ld" --specs=nosys.specs -Wl,-Map="inter.map" -Wl,--gc-sections -static --specs=nano.specs -mfpu=fpv4-sp-d16 -mfloat-abi=hard -mthumb -Wl,--start-group -lc -lm -Wl,--end-group
Finished building target: inter.elf
 
arm-none-eabi-size  inter.elf 
arm-none-eabi-objdump -h -S inter.elf  > "inter.list"
   text	   data	    bss	    dec	    hex	filename
  27868	    252	   3092	  31212	   79ec	inter.elf
Finished building: default.size.stdout
 
Finished building: inter.list
 
12:52:42 **** Incremental Build of configuration Debug for project inter ****
make -j8 all 
arm-none-eabi-gcc "../Core/Src/secure_uart.c" -mcpu=cortex-m4 -std=gnu11 -g3 -DDEBUG -DUSE_HAL_DRIVER -DSTM32F411xE -c -I../Core/Inc -I../Drivers/STM32F4xx_HAL_Driver/Inc -I../Drivers/STM32F4xx_HAL_Driver/Inc/Legacy -I../Drivers/CMSIS/Device/ST/STM32F4xx/Include -I../Drivers/CMSIS/Include -O0 -ffunction-sections -fdata-sections -Wall -fstack-usage -fcyclomatic-complexity -MMD -MP -MF"Core/Src/secure_uart.d" -MT"Core/Src/secure_uart.o" --specs=nano.specs -mfpu=fpv4-sp-d16 -mfloat-abi=hard -mthumb -o "Core/Src/secure_uart.o"
arm-none-eabi-gcc -o "inter.elf" @"objects.list"   -mcpu=cortex-m4 -T"D:\diploma\inter\STM32F411RETX_FLASH.ld" --specs=nosys.specs -Wl,-Map="inter.map" -Wl,--gc-sections -static --specs=nano.specs -mfpu=fpv4-sp-d16 -mfloat-abi=hard -mthumb -Wl,--start-group -lc -lm -Wl,--end-group
Finished building target: inter.elf
 
arm-none-eabi-size  inter.elf 
arm-none-eabi-objdump -h -S inter.elf  > "inter.list"
   text	   data	    bss	    dec	    hex	filename
  27868	    256	   3088	  31212	   79ec	inter.elf
Finished building: default.size.stdout
 
Finished building: inter.list
 
12:54:02 **** Incremental Build of configuration Debug for project inter ****
make -j8 all 
arm-none-eabi-gcc "../Core/Src/main.c" -mcpu=cortex-m4 -std=gnu11 -g3 -DDEBUG -DUSE_HAL_DRIVER -DSTM32F411xE -c -I../Core/Inc -I../Drivers/STM32F4xx_HAL_Driver/Inc -I../Drivers/STM32F4xx_HAL_Driver/Inc/Legacy -I../Drivers/CMSIS/Device/ST/STM32F4xx/Include -I../Drivers/CMSIS/Include -O0 -ffunction-sections -fdata-sections -Wall -fstack-usage -fcyclomatic-complexity -MMD -MP -MF"Core/Src/main.d" -MT"Core/Src/main.o" --specs=nano.specs -mfpu=fpv4-sp-d16 -mfloat-abi=hard -mthumb -o "Core/Src/main.o"
arm-none-eabi-gcc -o "inter.elf" @"objects.list"   -mcpu=cortex-m4 -T"D:\diploma\inter\STM32F411RETX_FLASH.ld" --specs=nosys.specs -Wl,-Map="inter.map" -Wl,--gc-sections -static --specs=nano.specs -mfpu=fpv4-sp-d16 -mfloat-abi=hard -mthumb -Wl,--start-group -lc -lm -Wl,--end-group
Finished building target: inter.elf
 
arm-none-eabi-size  inter.elf 
arm-none-eabi-objdump -h -S inter.elf  > "inter.list"
   text	   data	    bss	    dec	    hex	filename
  28064	    256	   3088	  31408	   7ab0	inter.elf
Finished building: default.size.stdout
 
Finished building: inter.list
 
12:54:13 **** Incremental Build of configuration Debug for project inter ****
make -j8 all 
arm-none-eabi-gcc "../Core/Src/main.c" -mcpu=cortex-m4 -std=gnu11 -g3 -DDEBUG -DUSE_HAL_DRIVER -DSTM32F411xE -c -I../Core/Inc -I../Drivers/STM32F4xx_HAL_Driver/Inc -I../Drivers/STM32F4xx_HAL_Driver/Inc/Legacy -I../Drivers/CMSIS/Device/ST/STM32F4xx/Include -I../Drivers/CMSIS/Include -O0 -ffunction-sections -fdata-sections -Wall -fstack-usage -fcyclomatic-complexity -MMD -MP -MF"Core/Src/main.d" -MT"Core/Src/main.o" --specs=nano.specs -mfpu=fpv4-sp-d16 -mfloat-abi=hard -mthumb -o "Core/Src/main.o"
arm-none-eabi-gcc -o "inter.elf" @"objects.list"   -mcpu=cortex-m4 -T"D:\diploma\inter\STM32F411RETX_FLASH.ld" --specs=nosys.specs -Wl,-Map="inter.map" -Wl,--gc-sections -static --specs=nano.specs -mfpu=fpv4-sp-d16 -mfloat-abi=hard -mthumb -Wl,--start-group -lc -lm -Wl,--end-group
Finished building target: inter.elf
 
arm-none-eabi-size  inter.elf 
arm-none-eabi-objdump -h -S inter.elf  > "inter.list"
   text	   data	    bss	    dec	    hex	filename
  28256	    256	   3088	  31600	   7b70	inter.elf
Finished building: default.size.stdout
 
Finished building: inter.list
 
12:54:46 **** Incremental Build of configuration Debug for project inter ****
make -j8 all 
arm-none-eabi-gcc "../Core/Src/main.c" -mcpu=cortex-m4 -std=gnu11 -g3 -DDEBUG -DUSE_HAL_DRIVER -DSTM32F411xE -c -I../Core/Inc -I../Drivers/STM32F4xx_HAL_Driver/Inc -I../Drivers/STM32F4xx_HAL_Driver/Inc/Legacy -I../Drivers/CMSIS/Device/ST/STM32F4xx/Include -I../Drivers/CMSIS/Include -O0 -ffunction-sections -fdata-sections -Wall -fstack-usage -fcyclomatic-complexity -MMD -MP -MF"Core/Src/main.d" -MT"Core/Src/main.o" --specs=nano.specs -mfpu=fpv4-sp-d16 -mfloat-abi=hard -mthumb -o "Core/Src/main.o"
arm-none-eabi-gcc -o "inter.elf" @"objects.list"   -mcpu=cortex-m4 -T"D:\diploma\inter\STM32F411RETX_FLASH.ld" --specs=nosys.specs -Wl,-Map="inter.map" -Wl,--gc-sections -static --specs=nano.specs -mfpu=fpv4-sp-d16 -mfloat-abi=hard -mthumb -Wl,--start-group -lc -lm -Wl,--end-group
Finished building target: inter.elf
 
arm-none-eabi-size  inter.elf 
arm-none-eabi-objdump -h -S inter.elf  > "inter.list"
   text	   data	    bss	    dec	    hex	filename
  28256	    156	   3092	  31504	   7b10	inter.elf
Finished building: default.size.stdout
 
Finished building: inter.list
 
13:04:09 **** Incremental Build of configuration Debug for project inter ****
make -j8 all 
arm-none-eabi-gcc "../Core/Src/speck.c" -mcpu=cortex-m4 -std=gnu11 -g3 -DDEBUG -DUSE_HAL_DRIVER -DSTM32F411xE -c -I../Core/Inc -I../Drivers/STM32F4xx_HAL_Driver/Inc -I../Drivers/STM32F4xx_HAL_Driver/Inc/Legacy -I../Drivers/CMSIS/Device/ST/STM32F4xx/Include -I../Drivers/CMSIS/Include -O0 -ffunction-sections -fdata-sections -Wall -fstack-usage -fcyclomatic-complexity -MMD -MP -MF"Core/Src/speck.d" -MT"Core/Src/speck.o" --specs=nano.specs -mfpu=fpv4-sp-d16 -mfloat-abi=hard -mthumb -o "Core/Src/speck.o"
arm-none-eabi-gcc -o "inter.elf" @"objects.list"   -mcpu=cortex-m4 -T"D:\diploma\inter\STM32F411RETX_FLASH.ld" --specs=nosys.specs -Wl,-Map="inter.map" -Wl,--gc-sections -static --specs=nano.specs -mfpu=fpv4-sp-d16 -mfloat-abi=hard -mthumb -Wl,--start-group -lc -lm -Wl,--end-group
Finished building target: inter.elf
 
arm-none-eabi-size  inter.elf 
arm-none-eabi-objdump -h -S inter.elf  > "inter.list"
   text	   data	    bss	    dec	    hex	filename
  28252	    156	   3092	  31500	   7b0c	inter.elf
Finished building: default.size.stdout
 
Finished building: inter.list
 
13:04:10 **** Incremental Build of configuration Debug for project inter ****
make -j8 all 
arm-none-eabi-size  inter.elf 
   text	   data	    bss	    dec	    hex	filename
  28252	    156	   3092	  31500	   7b0c	inter.elf
Finished building: default.size.stdout
 
13:06:00 **** Incremental Build of configuration Debug for project inter ****
make -j8 all 
arm-none-eabi-gcc "../Core/Src/speck.c" -mcpu=cortex-m4 -std=gnu11 -g3 -DDEBUG -DUSE_HAL_DRIVER -DSTM32F411xE -c -I../Core/Inc -I../Drivers/STM32F4xx_HAL_Driver/Inc -I../Drivers/STM32F4xx_HAL_Driver/Inc/Legacy -I../Drivers/CMSIS/Device/ST/STM32F4xx/Include -I../Drivers/CMSIS/Include -O0 -ffunction-sections -fdata-sections -Wall -fstack-usage -fcyclomatic-complexity -MMD -MP -MF"Core/Src/speck.d" -MT"Core/Src/speck.o" --specs=nano.specs -mfpu=fpv4-sp-d16 -mfloat-abi=hard -mthumb -o "Core/Src/speck.o"
arm-none-eabi-gcc -o "inter.elf" @"objects.list"   -mcpu=cortex-m4 -T"D:\diploma\inter\STM32F411RETX_FLASH.ld" --specs=nosys.specs -Wl,-Map="inter.map" -Wl,--gc-sections -static --specs=nano.specs -mfpu=fpv4-sp-d16 -mfloat-abi=hard -mthumb -Wl,--start-group -lc -lm -Wl,--end-group
Finished building target: inter.elf
 
arm-none-eabi-size  inter.elf 
arm-none-eabi-objdump -h -S inter.elf  > "inter.list"
   text	   data	    bss	    dec	    hex	filename
  28304	    156	   3092	  31552	   7b40	inter.elf
Finished building: default.size.stdout
 
Finished building: inter.list
 
13:10:04 **** Incremental Build of configuration Debug for project inter ****
make -j8 all 
arm-none-eabi-gcc "../Core/Src/speck.c" -mcpu=cortex-m4 -std=gnu11 -g3 -DDEBUG -DUSE_HAL_DRIVER -DSTM32F411xE -c -I../Core/Inc -I../Drivers/STM32F4xx_HAL_Driver/Inc -I../Drivers/STM32F4xx_HAL_Driver/Inc/Legacy -I../Drivers/CMSIS/Device/ST/STM32F4xx/Include -I../Drivers/CMSIS/Include -O0 -ffunction-sections -fdata-sections -Wall -fstack-usage -fcyclomatic-complexity -MMD -MP -MF"Core/Src/speck.d" -MT"Core/Src/speck.o" --specs=nano.specs -mfpu=fpv4-sp-d16 -mfloat-abi=hard -mthumb -o "Core/Src/speck.o"
arm-none-eabi-gcc -o "inter.elf" @"objects.list"   -mcpu=cortex-m4 -T"D:\diploma\inter\STM32F411RETX_FLASH.ld" --specs=nosys.specs -Wl,-Map="inter.map" -Wl,--gc-sections -static --specs=nano.specs -mfpu=fpv4-sp-d16 -mfloat-abi=hard -mthumb -Wl,--start-group -lc -lm -Wl,--end-group
Finished building target: inter.elf
 
arm-none-eabi-size  inter.elf 
arm-none-eabi-objdump -h -S inter.elf  > "inter.list"
   text	   data	    bss	    dec	    hex	filename
  28256	    156	   3092	  31504	   7b10	inter.elf
Finished building: default.size.stdout
 
Finished building: inter.list
 
13:13:24 **** Incremental Build of configuration Debug for project inter ****
make -j8 all 
arm-none-eabi-gcc "../Core/Src/main.c" -mcpu=cortex-m4 -std=gnu11 -g3 -DDEBUG -DUSE_HAL_DRIVER -DSTM32F411xE -c -I../Core/Inc -I../Drivers/STM32F4xx_HAL_Driver/Inc -I../Drivers/STM32F4xx_HAL_Driver/Inc/Legacy -I../Drivers/CMSIS/Device/ST/STM32F4xx/Include -I../Drivers/CMSIS/Include -O0 -ffunction-sections -fdata-sections -Wall -fstack-usage -fcyclomatic-complexity -MMD -MP -MF"Core/Src/main.d" -MT"Core/Src/main.o" --specs=nano.specs -mfpu=fpv4-sp-d16 -mfloat-abi=hard -mthumb -o "Core/Src/main.o"
arm-none-eabi-gcc "../Core/Src/secure_uart.c" -mcpu=cortex-m4 -std=gnu11 -g3 -DDEBUG -DUSE_HAL_DRIVER -DSTM32F411xE -c -I../Core/Inc -I../Drivers/STM32F4xx_HAL_Driver/Inc -I../Drivers/STM32F4xx_HAL_Driver/Inc/Legacy -I../Drivers/CMSIS/Device/ST/STM32F4xx/Include -I../Drivers/CMSIS/Include -O0 -ffunction-sections -fdata-sections -Wall -fstack-usage -fcyclomatic-complexity -MMD -MP -MF"Core/Src/secure_uart.d" -MT"Core/Src/secure_uart.o" --specs=nano.specs -mfpu=fpv4-sp-d16 -mfloat-abi=hard -mthumb -o "Core/Src/secure_uart.o"
arm-none-eabi-gcc -o "inter.elf" @"objects.list"   -mcpu=cortex-m4 -T"D:\diploma\inter\STM32F411RETX_FLASH.ld" --specs=nosys.specs -Wl,-Map="inter.map" -Wl,--gc-sections -static --specs=nano.specs -mfpu=fpv4-sp-d16 -mfloat-abi=hard -mthumb -Wl,--start-group -lc -lm -Wl,--end-group
Finished building target: inter.elf
 
arm-none-eabi-size  inter.elf 
arm-none-eabi-objdump -h -S inter.elf  > "inter.list"
   text	   data	    bss	    dec	    hex	filename
  28400	    156	   3092	  31648	   7ba0	inter.elf
Finished building: default.size.stdout
 
Finished building: inter.list
 
13:17:52 **** Incremental Build of configuration Debug for project inter ****
make -j8 all 
arm-none-eabi-gcc "../Core/Src/main.c" -mcpu=cortex-m4 -std=gnu11 -g3 -DDEBUG -DUSE_HAL_DRIVER -DSTM32F411xE -c -I../Core/Inc -I../Drivers/STM32F4xx_HAL_Driver/Inc -I../Drivers/STM32F4xx_HAL_Driver/Inc/Legacy -I../Drivers/CMSIS/Device/ST/STM32F4xx/Include -I../Drivers/CMSIS/Include -O0 -ffunction-sections -fdata-sections -Wall -fstack-usage -fcyclomatic-complexity -MMD -MP -MF"Core/Src/main.d" -MT"Core/Src/main.o" --specs=nano.specs -mfpu=fpv4-sp-d16 -mfloat-abi=hard -mthumb -o "Core/Src/main.o"
arm-none-eabi-gcc "../Core/Src/secure_uart.c" -mcpu=cortex-m4 -std=gnu11 -g3 -DDEBUG -DUSE_HAL_DRIVER -DSTM32F411xE -c -I../Core/Inc -I../Drivers/STM32F4xx_HAL_Driver/Inc -I../Drivers/STM32F4xx_HAL_Driver/Inc/Legacy -I../Drivers/CMSIS/Device/ST/STM32F4xx/Include -I../Drivers/CMSIS/Include -O0 -ffunction-sections -fdata-sections -Wall -fstack-usage -fcyclomatic-complexity -MMD -MP -MF"Core/Src/secure_uart.d" -MT"Core/Src/secure_uart.o" --specs=nano.specs -mfpu=fpv4-sp-d16 -mfloat-abi=hard -mthumb -o "Core/Src/secure_uart.o"
arm-none-eabi-gcc "../Core/Src/speck.c" -mcpu=cortex-m4 -std=gnu11 -g3 -DDEBUG -DUSE_HAL_DRIVER -DSTM32F411xE -c -I../Core/Inc -I../Drivers/STM32F4xx_HAL_Driver/Inc -I../Drivers/STM32F4xx_HAL_Driver/Inc/Legacy -I../Drivers/CMSIS/Device/ST/STM32F4xx/Include -I../Drivers/CMSIS/Include -O0 -ffunction-sections -fdata-sections -Wall -fstack-usage -fcyclomatic-complexity -MMD -MP -MF"Core/Src/speck.d" -MT"Core/Src/speck.o" --specs=nano.specs -mfpu=fpv4-sp-d16 -mfloat-abi=hard -mthumb -o "Core/Src/speck.o"
arm-none-eabi-gcc -o "inter.elf" @"objects.list"   -mcpu=cortex-m4 -T"D:\diploma\inter\STM32F411RETX_FLASH.ld" --specs=nosys.specs -Wl,-Map="inter.map" -Wl,--gc-sections -static --specs=nano.specs -mfpu=fpv4-sp-d16 -mfloat-abi=hard -mthumb -Wl,--start-group -lc -lm -Wl,--end-group
Finished building target: inter.elf
 
arm-none-eabi-size  inter.elf 
arm-none-eabi-objdump -h -S inter.elf  > "inter.list"
   text	   data	    bss	    dec	    hex	filename
  25160	    144	   3088	  28392	   6ee8	inter.elf
Finished building: default.size.stdout
 
Finished building: inter.list
 
13:17:55 **** Incremental Build of configuration Debug for project inter ****
make -j8 all 
arm-none-eabi-size  inter.elf 
   text	   data	    bss	    dec	    hex	filename
  25160	    144	   3088	  28392	   6ee8	inter.elf
Finished building: default.size.stdout
 
13:19:06 **** Incremental Build of configuration Debug for project inter ****
make -j8 all 
arm-none-eabi-size  inter.elf 
   text	   data	    bss	    dec	    hex	filename
  25160	    144	   3088	  28392	   6ee8	inter.elf
Finished building: default.size.stdout
 
13:20:16 **** Incremental Build of configuration Debug for project inter ****
make -j8 all 
arm-none-eabi-gcc "../Core/Src/main.c" -mcpu=cortex-m4 -std=gnu11 -g3 -DDEBUG -DUSE_HAL_DRIVER -DSTM32F411xE -c -I../Core/Inc -I../Drivers/STM32F4xx_HAL_Driver/Inc -I../Drivers/STM32F4xx_HAL_Driver/Inc/Legacy -I../Drivers/CMSIS/Device/ST/STM32F4xx/Include -I../Drivers/CMSIS/Include -O0 -ffunction-sections -fdata-sections -Wall -fstack-usage -fcyclomatic-complexity -MMD -MP -MF"Core/Src/main.d" -MT"Core/Src/main.o" --specs=nano.specs -mfpu=fpv4-sp-d16 -mfloat-abi=hard -mthumb -o "Core/Src/main.o"
arm-none-eabi-gcc -o "inter.elf" @"objects.list"   -mcpu=cortex-m4 -T"D:\diploma\inter\STM32F411RETX_FLASH.ld" --specs=nosys.specs -Wl,-Map="inter.map" -Wl,--gc-sections -static --specs=nano.specs -mfpu=fpv4-sp-d16 -mfloat-abi=hard -mthumb -Wl,--start-group -lc -lm -Wl,--end-group
Finished building target: inter.elf
 
arm-none-eabi-size  inter.elf 
arm-none-eabi-objdump -h -S inter.elf  > "inter.list"
   text	   data	    bss	    dec	    hex	filename
  28300	    156	   3092	  31548	   7b3c	inter.elf
Finished building: default.size.stdout
 
Finished building: inter.list
 
13:22:07 **** Incremental Build of configuration Debug for project inter ****
make -j8 all 
arm-none-eabi-gcc "../Core/Src/main.c" -mcpu=cortex-m4 -std=gnu11 -g3 -DDEBUG -DUSE_HAL_DRIVER -DSTM32F411xE -c -I../Core/Inc -I../Drivers/STM32F4xx_HAL_Driver/Inc -I../Drivers/STM32F4xx_HAL_Driver/Inc/Legacy -I../Drivers/CMSIS/Device/ST/STM32F4xx/Include -I../Drivers/CMSIS/Include -O0 -ffunction-sections -fdata-sections -Wall -fstack-usage -fcyclomatic-complexity -MMD -MP -MF"Core/Src/main.d" -MT"Core/Src/main.o" --specs=nano.specs -mfpu=fpv4-sp-d16 -mfloat-abi=hard -mthumb -o "Core/Src/main.o"
arm-none-eabi-gcc -o "inter.elf" @"objects.list"   -mcpu=cortex-m4 -T"D:\diploma\inter\STM32F411RETX_FLASH.ld" --specs=nosys.specs -Wl,-Map="inter.map" -Wl,--gc-sections -static --specs=nano.specs -mfpu=fpv4-sp-d16 -mfloat-abi=hard -mthumb -Wl,--start-group -lc -lm -Wl,--end-group
Finished building target: inter.elf
 
arm-none-eabi-size  inter.elf 
arm-none-eabi-objdump -h -S inter.elf  > "inter.list"
   text	   data	    bss	    dec	    hex	filename
  28324	    156	   3092	  31572	   7b54	inter.elf
Finished building: default.size.stdout
 
Finished building: inter.list
 
13:25:02 **** Incremental Build of configuration Debug for project inter ****
make -j8 all 
arm-none-eabi-gcc "../Core/Src/secure_uart.c" -mcpu=cortex-m4 -std=gnu11 -g3 -DDEBUG -DUSE_HAL_DRIVER -DSTM32F411xE -c -I../Core/Inc -I../Drivers/STM32F4xx_HAL_Driver/Inc -I../Drivers/STM32F4xx_HAL_Driver/Inc/Legacy -I../Drivers/CMSIS/Device/ST/STM32F4xx/Include -I../Drivers/CMSIS/Include -O0 -ffunction-sections -fdata-sections -Wall -fstack-usage -fcyclomatic-complexity -MMD -MP -MF"Core/Src/secure_uart.d" -MT"Core/Src/secure_uart.o" --specs=nano.specs -mfpu=fpv4-sp-d16 -mfloat-abi=hard -mthumb -o "Core/Src/secure_uart.o"
../Core/Src/secure_uart.c: In function 'SecureUart_ProcessReceivedData':
../Core/Src/secure_uart.c:309:13: warning: implicit declaration of function 'Speck_Decrypt'; did you mean 'Speck_Encrypt'? [-Wimplicit-function-declaration]
  309 |             Speck_Decrypt(&ctx->speck_ctx,
      |             ^~~~~~~~~~~~~
      |             Speck_Encrypt
arm-none-eabi-gcc -o "inter.elf" @"objects.list"   -mcpu=cortex-m4 -T"D:\diploma\inter\STM32F411RETX_FLASH.ld" --specs=nosys.specs -Wl,-Map="inter.map" -Wl,--gc-sections -static --specs=nano.specs -mfpu=fpv4-sp-d16 -mfloat-abi=hard -mthumb -Wl,--start-group -lc -lm -Wl,--end-group
Finished building target: inter.elf
 
arm-none-eabi-size  inter.elf 
arm-none-eabi-objdump -h -S inter.elf  > "inter.list"
   text	   data	    bss	    dec	    hex	filename
  28428	    156	   3092	  31676	   7bbc	inter.elf
Finished building: default.size.stdout
 
Finished building: inter.list
 
13:25:10 **** Incremental Build of configuration Debug for project inter ****
make -j8 all 
arm-none-eabi-size  inter.elf 
   text	   data	    bss	    dec	    hex	filename
  28428	    156	   3092	  31676	   7bbc	inter.elf
Finished building: default.size.stdout
 
13:26:31 **** Incremental Build of configuration Debug for project inter ****
make -j8 all 
arm-none-eabi-gcc "../Core/Src/secure_uart.c" -mcpu=cortex-m4 -std=gnu11 -g3 -DDEBUG -DUSE_HAL_DRIVER -DSTM32F411xE -c -I../Core/Inc -I../Drivers/STM32F4xx_HAL_Driver/Inc -I../Drivers/STM32F4xx_HAL_Driver/Inc/Legacy -I../Drivers/CMSIS/Device/ST/STM32F4xx/Include -I../Drivers/CMSIS/Include -O0 -ffunction-sections -fdata-sections -Wall -fstack-usage -fcyclomatic-complexity -MMD -MP -MF"Core/Src/secure_uart.d" -MT"Core/Src/secure_uart.o" --specs=nano.specs -mfpu=fpv4-sp-d16 -mfloat-abi=hard -mthumb -o "Core/Src/secure_uart.o"
../Core/Src/secure_uart.c: In function 'SecureUart_ProcessReceivedData':
../Core/Src/secure_uart.c:309:13: warning: implicit declaration of function 'Speck_Decrypt'; did you mean 'Speck_Encrypt'? [-Wimplicit-function-declaration]
  309 |             Speck_Decrypt(&ctx->speck_ctx,
      |             ^~~~~~~~~~~~~
      |             Speck_Encrypt
arm-none-eabi-gcc -o "inter.elf" @"objects.list"   -mcpu=cortex-m4 -T"D:\diploma\inter\STM32F411RETX_FLASH.ld" --specs=nosys.specs -Wl,-Map="inter.map" -Wl,--gc-sections -static --specs=nano.specs -mfpu=fpv4-sp-d16 -mfloat-abi=hard -mthumb -Wl,--start-group -lc -lm -Wl,--end-group
Finished building target: inter.elf
 
arm-none-eabi-size  inter.elf 
arm-none-eabi-objdump -h -S inter.elf  > "inter.list"
   text	   data	    bss	    dec	    hex	filename
  28380	    156	   3092	  31628	   7b8c	inter.elf
Finished building: default.size.stdout
 
Finished building: inter.list
 
