13:26:31 **** Incremental Build of configuration Debug for project inter ****
make -j8 all 
arm-none-eabi-gcc "../Core/Src/secure_uart.c" -mcpu=cortex-m4 -std=gnu11 -g3 -DDEBUG -DUSE_HAL_DRIVER -DSTM32F411xE -c -I../Core/Inc -I../Drivers/STM32F4xx_HAL_Driver/Inc -I../Drivers/STM32F4xx_HAL_Driver/Inc/Legacy -I../Drivers/CMSIS/Device/ST/STM32F4xx/Include -I../Drivers/CMSIS/Include -O0 -ffunction-sections -fdata-sections -Wall -fstack-usage -fcyclomatic-complexity -MMD -MP -MF"Core/Src/secure_uart.d" -MT"Core/Src/secure_uart.o" --specs=nano.specs -mfpu=fpv4-sp-d16 -mfloat-abi=hard -mthumb -o "Core/Src/secure_uart.o"
../Core/Src/secure_uart.c: In function 'SecureUart_ProcessReceivedData':
../Core/Src/secure_uart.c:309:13: warning: implicit declaration of function 'Speck_Decrypt'; did you mean 'Speck_Encrypt'? [-Wimplicit-function-declaration]
  309 |             Speck_Decrypt(&ctx->speck_ctx,
      |             ^~~~~~~~~~~~~
      |             Speck_Encrypt
arm-none-eabi-gcc -o "inter.elf" @"objects.list"   -mcpu=cortex-m4 -T"D:\diploma\inter\STM32F411RETX_FLASH.ld" --specs=nosys.specs -Wl,-Map="inter.map" -Wl,--gc-sections -static --specs=nano.specs -mfpu=fpv4-sp-d16 -mfloat-abi=hard -mthumb -Wl,--start-group -lc -lm -Wl,--end-group
Finished building target: inter.elf
 
arm-none-eabi-size  inter.elf 
arm-none-eabi-objdump -h -S inter.elf  > "inter.list"
   text	   data	    bss	    dec	    hex	filename
  28380	    156	   3092	  31628	   7b8c	inter.elf
Finished building: default.size.stdout
 
Finished building: inter.list
 

13:26:32 Build Finished. 0 errors, 1 warnings. (took 864ms)

