00:58:25 **** Incremental Build of configuration Debug for project nooooo-nooooo-la-polizia ****
make -j8 all 
arm-none-eabi-gcc "../Core/Src/secure_uart.c" -mcpu=cortex-m4 -std=gnu11 -g3 -DDEBUG -DUSE_HAL_DRIVER -DSTM32F411xE -c -I../Core/Inc -I../Drivers/STM32F4xx_HAL_Driver/Inc -I../Drivers/STM32F4xx_HAL_Driver/Inc/Legacy -I../Drivers/CMSIS/Device/ST/STM32F4xx/Include -I../Drivers/CMSIS/Include -O0 -ffunction-sections -fdata-sections -Wall -fstack-usage -fcyclomatic-complexity -MMD -MP -MF"Core/Src/secure_uart.d" -MT"Core/Src/secure_uart.o" --specs=nano.specs -mfpu=fpv4-sp-d16 -mfloat-abi=hard -mthumb -o "Core/Src/secure_uart.o"
arm-none-eabi-gcc -o "nooooo-nooooo-la-polizia.elf" @"objects.list"   -mcpu=cortex-m4 -T"D:\diploma\nooooo-nooooo-la-polizia\STM32F411RETX_FLASH.ld" --specs=nosys.specs -Wl,-Map="nooooo-nooooo-la-polizia.map" -Wl,--gc-sections -static --specs=nano.specs -mfpu=fpv4-sp-d16 -mfloat-abi=hard -mthumb -Wl,--start-group -lc -lm -Wl,--end-group
Finished building target: nooooo-nooooo-la-polizia.elf
 
arm-none-eabi-size  nooooo-nooooo-la-polizia.elf 
arm-none-eabi-objdump -h -S nooooo-nooooo-la-polizia.elf  > "nooooo-nooooo-la-polizia.list"
   text	   data	    bss	    dec	    hex	filename
  24376	     92	   3292	  27760	   6c70	nooooo-nooooo-la-polizia.elf
Finished building: default.size.stdout
 
Finished building: nooooo-nooooo-la-polizia.list
 

00:58:26 Build Finished. 0 errors, 0 warnings. (took 914ms)

