11:32:57 **** Incremental Build of configuration Debug for project nooooo-nooooo-la-polizia ****
make -j8 all 
arm-none-eabi-gcc "../Core/Src/main.c" -mcpu=cortex-m4 -std=gnu11 -g3 -DDEBUG -DUSE_HAL_DRIVER -DSTM32F411xE -c -I../Core/Inc -I../Drivers/STM32F4xx_HAL_Driver/Inc -I../Drivers/STM32F4xx_HAL_Driver/Inc/Legacy -I../Drivers/CMSIS/Device/ST/STM32F4xx/Include -I../Drivers/CMSIS/Include -O0 -ffunction-sections -fdata-sections -Wall -fstack-usage -fcyclomatic-complexity -MMD -MP -MF"Core/Src/main.d" -MT"Core/Src/main.o" --specs=nano.specs -mfpu=fpv4-sp-d16 -mfloat-abi=hard -mthumb -o "Core/Src/main.o"
../Core/Src/main.c:79:23: warning: 'data_type' defined but not used [-Wunused-variable]
   79 | static SecUartMsgType data_type = SECUART_MSG_DATA;
      |                       ^~~~~~~~~
../Core/Src/main.c:78:16: warning: 'data_size' defined but not used [-Wunused-variable]
   78 | static uint8_t data_size = 0;
      |                ^~~~~~~~~
../Core/Src/main.c:77:16: warning: 'data_buffer' defined but not used [-Wunused-variable]
   77 | static uint8_t data_buffer[DATA_BUFFER_SIZE];
      |                ^~~~~~~~~~~
arm-none-eabi-gcc -o "nooooo-nooooo-la-polizia.elf" @"objects.list"   -mcpu=cortex-m4 -T"D:\diploma\nooooo-nooooo-la-polizia\STM32F411RETX_FLASH.ld" --specs=nosys.specs -Wl,-Map="nooooo-nooooo-la-polizia.map" -Wl,--gc-sections -static --specs=nano.specs -mfpu=fpv4-sp-d16 -mfloat-abi=hard -mthumb -Wl,--start-group -lc -lm -Wl,--end-group
Finished building target: nooooo-nooooo-la-polizia.elf
 
arm-none-eabi-size  nooooo-nooooo-la-polizia.elf 
arm-none-eabi-objdump -h -S nooooo-nooooo-la-polizia.elf  > "nooooo-nooooo-la-polizia.list"
   text	   data	    bss	    dec	    hex	filename
  25756	    220	   3292	  29268	   7254	nooooo-nooooo-la-polizia.elf
Finished building: default.size.stdout
 
Finished building: nooooo-nooooo-la-polizia.list
 

11:32:58 Build Finished. 0 errors, 3 warnings. (took 718ms)

